Archive member included because of file (symbol)

c:/program files (x86)/atmel/atmel toolchain/avr8 gcc/native/3.4.1061/avr8-gnu-toolchain/bin/../lib/gcc/avr/4.8.1/avr5\libgcc.a(_divmodhi4.o)
                              src/Title.o (__divmodhi4)
c:/program files (x86)/atmel/atmel toolchain/avr8 gcc/native/3.4.1061/avr8-gnu-toolchain/bin/../lib/gcc/avr/4.8.1/avr5\libgcc.a(_udivmodsi4.o)
                              src/timer.o (__udivmodsi4)
c:/program files (x86)/atmel/atmel toolchain/avr8 gcc/native/3.4.1061/avr8-gnu-toolchain/bin/../lib/gcc/avr/4.8.1/avr5\libgcc.a(_exit.o)
                              c:/program files (x86)/atmel/atmel toolchain/avr8 gcc/native/3.4.1061/avr8-gnu-toolchain/bin/../lib/gcc/avr/4.8.1/../../../../avr/lib/avr5/crtm168pa.o (exit)
c:/program files (x86)/atmel/atmel toolchain/avr8 gcc/native/3.4.1061/avr8-gnu-toolchain/bin/../lib/gcc/avr/4.8.1/avr5\libgcc.a(_tablejump.o)
                              src/manager.o (__tablejump2__)
c:/program files (x86)/atmel/atmel toolchain/avr8 gcc/native/3.4.1061/avr8-gnu-toolchain/bin/../lib/gcc/avr/4.8.1/avr5\libgcc.a(_copy_data.o)
                              src/command.o (__do_copy_data)
c:/program files (x86)/atmel/atmel toolchain/avr8 gcc/native/3.4.1061/avr8-gnu-toolchain/bin/../lib/gcc/avr/4.8.1/avr5\libgcc.a(_clear_bss.o)
                              src/command.o (__do_clear_bss)
c:/program files (x86)/atmel/atmel toolchain/avr8 gcc/native/3.4.1061/avr8-gnu-toolchain/bin/../lib/gcc/avr/4.8.1/avr5\libgcc.a(_udivmodhi4.o)
                              c:/program files (x86)/atmel/atmel toolchain/avr8 gcc/native/3.4.1061/avr8-gnu-toolchain/bin/../lib/gcc/avr/4.8.1/avr5\libgcc.a(_divmodhi4.o) (__udivmodhi4)
c:/program files (x86)/atmel/atmel toolchain/avr8 gcc/native/3.4.1061/avr8-gnu-toolchain/bin/../lib/gcc/avr/4.8.1/../../../../avr/lib/avr5\libc.a(eerd_byte_atmega168pa.o)
                              src/manager.o (__eerd_byte_m168pa)
c:/program files (x86)/atmel/atmel toolchain/avr8 gcc/native/3.4.1061/avr8-gnu-toolchain/bin/../lib/gcc/avr/4.8.1/../../../../avr/lib/avr5\libc.a(eewr_byte_atmega168pa.o)
                              src/manager.o (__eewr_byte_m168pa)

Allocating common symbols
Common symbol       size              file

ReplyBuf            0x20              src/usart.o
g_stStatusCmd       0x1d              src/status.o
rev_data            0x1               src/usart.o
g_stCameraCmd       0x2e              src/command.o
g_stTimerEvent      0x2a              src/timer.o
g_stProductInfo     0xc               src/status.o

Discarded input sections

 .data          0x00000000        0x0 c:/program files (x86)/atmel/atmel toolchain/avr8 gcc/native/3.4.1061/avr8-gnu-toolchain/bin/../lib/gcc/avr/4.8.1/../../../../avr/lib/avr5/crtm168pa.o
 .bss           0x00000000        0x0 c:/program files (x86)/atmel/atmel toolchain/avr8 gcc/native/3.4.1061/avr8-gnu-toolchain/bin/../lib/gcc/avr/4.8.1/../../../../avr/lib/avr5/crtm168pa.o
 .text          0x00000000        0x0 src/command.o
 .data          0x00000000        0x0 src/command.o
 .bss           0x00000000        0x0 src/command.o
 .text.CAM_SetZoomFocus
                0x00000000       0x38 src/command.o
 .text.CAM_SetRGainUp
                0x00000000       0x38 src/command.o
 .text.CAM_SetRGainDown
                0x00000000       0x38 src/command.o
 .text.CAM_SetBGainUp
                0x00000000       0x38 src/command.o
 .text.CAM_SetBGainDown
                0x00000000       0x38 src/command.o
 .text.CAM_SetTitleOff
                0x00000000       0x38 src/command.o
 .text.CAM_InqWBmode
                0x00000000       0x38 src/command.o
 .text.GetWBmode
                0x00000000       0x12 src/command.o
 .rodata.AllCamCmd
                0x00000000      0x78c src/command.o
 .data.tCmd_WBmodeInq
                0x00000000        0x5 src/command.o
 .data.tCmd_TitleOff
                0x00000000        0x6 src/command.o
 .data.tCmd_BGainDown
                0x00000000        0x6 src/command.o
 .data.tCmd_BGainUp
                0x00000000        0x6 src/command.o
 .data.tCmd_RGainDown
                0x00000000        0x6 src/command.o
 .data.tCmd_RGainUp
                0x00000000        0x6 src/command.o
 .data.tCmd_ZoomFocus
                0x00000000        0xd src/command.o
 .text          0x00000000        0x0 src/key.o
 .data          0x00000000        0x0 src/key.o
 .bss           0x00000000        0x0 src/key.o
 .text          0x00000000        0x0 src/led.o
 .data          0x00000000        0x0 src/led.o
 .bss           0x00000000        0x0 src/led.o
 .text          0x00000000        0x0 src/main.o
 .data          0x00000000        0x0 src/main.o
 .bss           0x00000000        0x0 src/main.o
 .text          0x00000000        0x0 src/manager.o
 .data          0x00000000        0x0 src/manager.o
 .bss           0x00000000        0x0 src/manager.o
 .text          0x00000000        0x0 src/remote.o
 .data          0x00000000        0x0 src/remote.o
 .bss           0x00000000        0x0 src/remote.o
 .text          0x00000000        0x0 src/status.o
 .data          0x00000000        0x0 src/status.o
 .bss           0x00000000        0x0 src/status.o
 .text          0x00000000        0x0 src/timer.o
 .data          0x00000000        0x0 src/timer.o
 .bss           0x00000000        0x0 src/timer.o
 .text          0x00000000        0x0 src/Title.o
 .data          0x00000000        0x0 src/Title.o
 .bss           0x00000000        0x0 src/Title.o
 .text          0x00000000        0x0 src/usart.o
 .data          0x00000000        0x0 src/usart.o
 .bss           0x00000000        0x0 src/usart.o
 .text.USART_SendChar
                0x00000000       0x10 src/usart.o
 .text.USART_Receive
                0x00000000       0x10 src/usart.o
 .text.USART_GetCommand
                0x00000000       0x64 src/usart.o
 .data.ReplyType
                0x00000000        0x1 src/usart.o
 .text          0x00000000        0x0 c:/program files (x86)/atmel/atmel toolchain/avr8 gcc/native/3.4.1061/avr8-gnu-toolchain/bin/../lib/gcc/avr/4.8.1/avr5\libgcc.a(_divmodhi4.o)
 .data          0x00000000        0x0 c:/program files (x86)/atmel/atmel toolchain/avr8 gcc/native/3.4.1061/avr8-gnu-toolchain/bin/../lib/gcc/avr/4.8.1/avr5\libgcc.a(_divmodhi4.o)
 .bss           0x00000000        0x0 c:/program files (x86)/atmel/atmel toolchain/avr8 gcc/native/3.4.1061/avr8-gnu-toolchain/bin/../lib/gcc/avr/4.8.1/avr5\libgcc.a(_divmodhi4.o)
 .text.libgcc.mul
                0x00000000        0x0 c:/program files (x86)/atmel/atmel toolchain/avr8 gcc/native/3.4.1061/avr8-gnu-toolchain/bin/../lib/gcc/avr/4.8.1/avr5\libgcc.a(_divmodhi4.o)
 .text.libgcc   0x00000000        0x0 c:/program files (x86)/atmel/atmel toolchain/avr8 gcc/native/3.4.1061/avr8-gnu-toolchain/bin/../lib/gcc/avr/4.8.1/avr5\libgcc.a(_divmodhi4.o)
 .text.libgcc.prologue
                0x00000000        0x0 c:/program files (x86)/atmel/atmel toolchain/avr8 gcc/native/3.4.1061/avr8-gnu-toolchain/bin/../lib/gcc/avr/4.8.1/avr5\libgcc.a(_divmodhi4.o)
 .text.libgcc.builtins
                0x00000000        0x0 c:/program files (x86)/atmel/atmel toolchain/avr8 gcc/native/3.4.1061/avr8-gnu-toolchain/bin/../lib/gcc/avr/4.8.1/avr5\libgcc.a(_divmodhi4.o)
 .text.libgcc.fmul
                0x00000000        0x0 c:/program files (x86)/atmel/atmel toolchain/avr8 gcc/native/3.4.1061/avr8-gnu-toolchain/bin/../lib/gcc/avr/4.8.1/avr5\libgcc.a(_divmodhi4.o)
 .text.libgcc.fixed
                0x00000000        0x0 c:/program files (x86)/atmel/atmel toolchain/avr8 gcc/native/3.4.1061/avr8-gnu-toolchain/bin/../lib/gcc/avr/4.8.1/avr5\libgcc.a(_divmodhi4.o)
 .text          0x00000000        0x0 c:/program files (x86)/atmel/atmel toolchain/avr8 gcc/native/3.4.1061/avr8-gnu-toolchain/bin/../lib/gcc/avr/4.8.1/avr5\libgcc.a(_udivmodsi4.o)
 .data          0x00000000        0x0 c:/program files (x86)/atmel/atmel toolchain/avr8 gcc/native/3.4.1061/avr8-gnu-toolchain/bin/../lib/gcc/avr/4.8.1/avr5\libgcc.a(_udivmodsi4.o)
 .bss           0x00000000        0x0 c:/program files (x86)/atmel/atmel toolchain/avr8 gcc/native/3.4.1061/avr8-gnu-toolchain/bin/../lib/gcc/avr/4.8.1/avr5\libgcc.a(_udivmodsi4.o)
 .text.libgcc.mul
                0x00000000        0x0 c:/program files (x86)/atmel/atmel toolchain/avr8 gcc/native/3.4.1061/avr8-gnu-toolchain/bin/../lib/gcc/avr/4.8.1/avr5\libgcc.a(_udivmodsi4.o)
 .text.libgcc   0x00000000        0x0 c:/program files (x86)/atmel/atmel toolchain/avr8 gcc/native/3.4.1061/avr8-gnu-toolchain/bin/../lib/gcc/avr/4.8.1/avr5\libgcc.a(_udivmodsi4.o)
 .text.libgcc.prologue
                0x00000000        0x0 c:/program files (x86)/atmel/atmel toolchain/avr8 gcc/native/3.4.1061/avr8-gnu-toolchain/bin/../lib/gcc/avr/4.8.1/avr5\libgcc.a(_udivmodsi4.o)
 .text.libgcc.builtins
                0x00000000        0x0 c:/program files (x86)/atmel/atmel toolchain/avr8 gcc/native/3.4.1061/avr8-gnu-toolchain/bin/../lib/gcc/avr/4.8.1/avr5\libgcc.a(_udivmodsi4.o)
 .text.libgcc.fmul
                0x00000000        0x0 c:/program files (x86)/atmel/atmel toolchain/avr8 gcc/native/3.4.1061/avr8-gnu-toolchain/bin/../lib/gcc/avr/4.8.1/avr5\libgcc.a(_udivmodsi4.o)
 .text.libgcc.fixed
                0x00000000        0x0 c:/program files (x86)/atmel/atmel toolchain/avr8 gcc/native/3.4.1061/avr8-gnu-toolchain/bin/../lib/gcc/avr/4.8.1/avr5\libgcc.a(_udivmodsi4.o)
 .text          0x00000000        0x0 c:/program files (x86)/atmel/atmel toolchain/avr8 gcc/native/3.4.1061/avr8-gnu-toolchain/bin/../lib/gcc/avr/4.8.1/avr5\libgcc.a(_exit.o)
 .data          0x00000000        0x0 c:/program files (x86)/atmel/atmel toolchain/avr8 gcc/native/3.4.1061/avr8-gnu-toolchain/bin/../lib/gcc/avr/4.8.1/avr5\libgcc.a(_exit.o)
 .bss           0x00000000        0x0 c:/program files (x86)/atmel/atmel toolchain/avr8 gcc/native/3.4.1061/avr8-gnu-toolchain/bin/../lib/gcc/avr/4.8.1/avr5\libgcc.a(_exit.o)
 .text.libgcc.mul
                0x00000000        0x0 c:/program files (x86)/atmel/atmel toolchain/avr8 gcc/native/3.4.1061/avr8-gnu-toolchain/bin/../lib/gcc/avr/4.8.1/avr5\libgcc.a(_exit.o)
 .text.libgcc.div
                0x00000000        0x0 c:/program files (x86)/atmel/atmel toolchain/avr8 gcc/native/3.4.1061/avr8-gnu-toolchain/bin/../lib/gcc/avr/4.8.1/avr5\libgcc.a(_exit.o)
 .text.libgcc   0x00000000        0x0 c:/program files (x86)/atmel/atmel toolchain/avr8 gcc/native/3.4.1061/avr8-gnu-toolchain/bin/../lib/gcc/avr/4.8.1/avr5\libgcc.a(_exit.o)
 .text.libgcc.prologue
                0x00000000        0x0 c:/program files (x86)/atmel/atmel toolchain/avr8 gcc/native/3.4.1061/avr8-gnu-toolchain/bin/../lib/gcc/avr/4.8.1/avr5\libgcc.a(_exit.o)
 .text.libgcc.builtins
                0x00000000        0x0 c:/program files (x86)/atmel/atmel toolchain/avr8 gcc/native/3.4.1061/avr8-gnu-toolchain/bin/../lib/gcc/avr/4.8.1/avr5\libgcc.a(_exit.o)
 .text.libgcc.fmul
                0x00000000        0x0 c:/program files (x86)/atmel/atmel toolchain/avr8 gcc/native/3.4.1061/avr8-gnu-toolchain/bin/../lib/gcc/avr/4.8.1/avr5\libgcc.a(_exit.o)
 .text.libgcc.fixed
                0x00000000        0x0 c:/program files (x86)/atmel/atmel toolchain/avr8 gcc/native/3.4.1061/avr8-gnu-toolchain/bin/../lib/gcc/avr/4.8.1/avr5\libgcc.a(_exit.o)
 .text          0x00000000        0x0 c:/program files (x86)/atmel/atmel toolchain/avr8 gcc/native/3.4.1061/avr8-gnu-toolchain/bin/../lib/gcc/avr/4.8.1/avr5\libgcc.a(_tablejump.o)
 .data          0x00000000        0x0 c:/program files (x86)/atmel/atmel toolchain/avr8 gcc/native/3.4.1061/avr8-gnu-toolchain/bin/../lib/gcc/avr/4.8.1/avr5\libgcc.a(_tablejump.o)
 .bss           0x00000000        0x0 c:/program files (x86)/atmel/atmel toolchain/avr8 gcc/native/3.4.1061/avr8-gnu-toolchain/bin/../lib/gcc/avr/4.8.1/avr5\libgcc.a(_tablejump.o)
 .text.libgcc.mul
                0x00000000        0x0 c:/program files (x86)/atmel/atmel toolchain/avr8 gcc/native/3.4.1061/avr8-gnu-toolchain/bin/../lib/gcc/avr/4.8.1/avr5\libgcc.a(_tablejump.o)
 .text.libgcc.div
                0x00000000        0x0 c:/program files (x86)/atmel/atmel toolchain/avr8 gcc/native/3.4.1061/avr8-gnu-toolchain/bin/../lib/gcc/avr/4.8.1/avr5\libgcc.a(_tablejump.o)
 .text.libgcc.prologue
                0x00000000        0x0 c:/program files (x86)/atmel/atmel toolchain/avr8 gcc/native/3.4.1061/avr8-gnu-toolchain/bin/../lib/gcc/avr/4.8.1/avr5\libgcc.a(_tablejump.o)
 .text.libgcc.builtins
                0x00000000        0x0 c:/program files (x86)/atmel/atmel toolchain/avr8 gcc/native/3.4.1061/avr8-gnu-toolchain/bin/../lib/gcc/avr/4.8.1/avr5\libgcc.a(_tablejump.o)
 .text.libgcc.fmul
                0x00000000        0x0 c:/program files (x86)/atmel/atmel toolchain/avr8 gcc/native/3.4.1061/avr8-gnu-toolchain/bin/../lib/gcc/avr/4.8.1/avr5\libgcc.a(_tablejump.o)
 .text.libgcc.fixed
                0x00000000        0x0 c:/program files (x86)/atmel/atmel toolchain/avr8 gcc/native/3.4.1061/avr8-gnu-toolchain/bin/../lib/gcc/avr/4.8.1/avr5\libgcc.a(_tablejump.o)
 .text          0x00000000        0x0 c:/program files (x86)/atmel/atmel toolchain/avr8 gcc/native/3.4.1061/avr8-gnu-toolchain/bin/../lib/gcc/avr/4.8.1/avr5\libgcc.a(_copy_data.o)
 .data          0x00000000        0x0 c:/program files (x86)/atmel/atmel toolchain/avr8 gcc/native/3.4.1061/avr8-gnu-toolchain/bin/../lib/gcc/avr/4.8.1/avr5\libgcc.a(_copy_data.o)
 .bss           0x00000000        0x0 c:/program files (x86)/atmel/atmel toolchain/avr8 gcc/native/3.4.1061/avr8-gnu-toolchain/bin/../lib/gcc/avr/4.8.1/avr5\libgcc.a(_copy_data.o)
 .text.libgcc.mul
                0x00000000        0x0 c:/program files (x86)/atmel/atmel toolchain/avr8 gcc/native/3.4.1061/avr8-gnu-toolchain/bin/../lib/gcc/avr/4.8.1/avr5\libgcc.a(_copy_data.o)
 .text.libgcc.div
                0x00000000        0x0 c:/program files (x86)/atmel/atmel toolchain/avr8 gcc/native/3.4.1061/avr8-gnu-toolchain/bin/../lib/gcc/avr/4.8.1/avr5\libgcc.a(_copy_data.o)
 .text.libgcc   0x00000000        0x0 c:/program files (x86)/atmel/atmel toolchain/avr8 gcc/native/3.4.1061/avr8-gnu-toolchain/bin/../lib/gcc/avr/4.8.1/avr5\libgcc.a(_copy_data.o)
 .text.libgcc.prologue
                0x00000000        0x0 c:/program files (x86)/atmel/atmel toolchain/avr8 gcc/native/3.4.1061/avr8-gnu-toolchain/bin/../lib/gcc/avr/4.8.1/avr5\libgcc.a(_copy_data.o)
 .text.libgcc.builtins
                0x00000000        0x0 c:/program files (x86)/atmel/atmel toolchain/avr8 gcc/native/3.4.1061/avr8-gnu-toolchain/bin/../lib/gcc/avr/4.8.1/avr5\libgcc.a(_copy_data.o)
 .text.libgcc.fmul
                0x00000000        0x0 c:/program files (x86)/atmel/atmel toolchain/avr8 gcc/native/3.4.1061/avr8-gnu-toolchain/bin/../lib/gcc/avr/4.8.1/avr5\libgcc.a(_copy_data.o)
 .text.libgcc.fixed
                0x00000000        0x0 c:/program files (x86)/atmel/atmel toolchain/avr8 gcc/native/3.4.1061/avr8-gnu-toolchain/bin/../lib/gcc/avr/4.8.1/avr5\libgcc.a(_copy_data.o)
 .text          0x00000000        0x0 c:/program files (x86)/atmel/atmel toolchain/avr8 gcc/native/3.4.1061/avr8-gnu-toolchain/bin/../lib/gcc/avr/4.8.1/avr5\libgcc.a(_clear_bss.o)
 .data          0x00000000        0x0 c:/program files (x86)/atmel/atmel toolchain/avr8 gcc/native/3.4.1061/avr8-gnu-toolchain/bin/../lib/gcc/avr/4.8.1/avr5\libgcc.a(_clear_bss.o)
 .bss           0x00000000        0x0 c:/program files (x86)/atmel/atmel toolchain/avr8 gcc/native/3.4.1061/avr8-gnu-toolchain/bin/../lib/gcc/avr/4.8.1/avr5\libgcc.a(_clear_bss.o)
 .text.libgcc.mul
                0x00000000        0x0 c:/program files (x86)/atmel/atmel toolchain/avr8 gcc/native/3.4.1061/avr8-gnu-toolchain/bin/../lib/gcc/avr/4.8.1/avr5\libgcc.a(_clear_bss.o)
 .text.libgcc.div
                0x00000000        0x0 c:/program files (x86)/atmel/atmel toolchain/avr8 gcc/native/3.4.1061/avr8-gnu-toolchain/bin/../lib/gcc/avr/4.8.1/avr5\libgcc.a(_clear_bss.o)
 .text.libgcc   0x00000000        0x0 c:/program files (x86)/atmel/atmel toolchain/avr8 gcc/native/3.4.1061/avr8-gnu-toolchain/bin/../lib/gcc/avr/4.8.1/avr5\libgcc.a(_clear_bss.o)
 .text.libgcc.prologue
                0x00000000        0x0 c:/program files (x86)/atmel/atmel toolchain/avr8 gcc/native/3.4.1061/avr8-gnu-toolchain/bin/../lib/gcc/avr/4.8.1/avr5\libgcc.a(_clear_bss.o)
 .text.libgcc.builtins
                0x00000000        0x0 c:/program files (x86)/atmel/atmel toolchain/avr8 gcc/native/3.4.1061/avr8-gnu-toolchain/bin/../lib/gcc/avr/4.8.1/avr5\libgcc.a(_clear_bss.o)
 .text.libgcc.fmul
                0x00000000        0x0 c:/program files (x86)/atmel/atmel toolchain/avr8 gcc/native/3.4.1061/avr8-gnu-toolchain/bin/../lib/gcc/avr/4.8.1/avr5\libgcc.a(_clear_bss.o)
 .text.libgcc.fixed
                0x00000000        0x0 c:/program files (x86)/atmel/atmel toolchain/avr8 gcc/native/3.4.1061/avr8-gnu-toolchain/bin/../lib/gcc/avr/4.8.1/avr5\libgcc.a(_clear_bss.o)
 .text          0x00000000        0x0 c:/program files (x86)/atmel/atmel toolchain/avr8 gcc/native/3.4.1061/avr8-gnu-toolchain/bin/../lib/gcc/avr/4.8.1/avr5\libgcc.a(_udivmodhi4.o)
 .data          0x00000000        0x0 c:/program files (x86)/atmel/atmel toolchain/avr8 gcc/native/3.4.1061/avr8-gnu-toolchain/bin/../lib/gcc/avr/4.8.1/avr5\libgcc.a(_udivmodhi4.o)
 .bss           0x00000000        0x0 c:/program files (x86)/atmel/atmel toolchain/avr8 gcc/native/3.4.1061/avr8-gnu-toolchain/bin/../lib/gcc/avr/4.8.1/avr5\libgcc.a(_udivmodhi4.o)
 .text.libgcc.mul
                0x00000000        0x0 c:/program files (x86)/atmel/atmel toolchain/avr8 gcc/native/3.4.1061/avr8-gnu-toolchain/bin/../lib/gcc/avr/4.8.1/avr5\libgcc.a(_udivmodhi4.o)
 .text.libgcc   0x00000000        0x0 c:/program files (x86)/atmel/atmel toolchain/avr8 gcc/native/3.4.1061/avr8-gnu-toolchain/bin/../lib/gcc/avr/4.8.1/avr5\libgcc.a(_udivmodhi4.o)
 .text.libgcc.prologue
                0x00000000        0x0 c:/program files (x86)/atmel/atmel toolchain/avr8 gcc/native/3.4.1061/avr8-gnu-toolchain/bin/../lib/gcc/avr/4.8.1/avr5\libgcc.a(_udivmodhi4.o)
 .text.libgcc.builtins
                0x00000000        0x0 c:/program files (x86)/atmel/atmel toolchain/avr8 gcc/native/3.4.1061/avr8-gnu-toolchain/bin/../lib/gcc/avr/4.8.1/avr5\libgcc.a(_udivmodhi4.o)
 .text.libgcc.fmul
                0x00000000        0x0 c:/program files (x86)/atmel/atmel toolchain/avr8 gcc/native/3.4.1061/avr8-gnu-toolchain/bin/../lib/gcc/avr/4.8.1/avr5\libgcc.a(_udivmodhi4.o)
 .text.libgcc.fixed
                0x00000000        0x0 c:/program files (x86)/atmel/atmel toolchain/avr8 gcc/native/3.4.1061/avr8-gnu-toolchain/bin/../lib/gcc/avr/4.8.1/avr5\libgcc.a(_udivmodhi4.o)
 .text          0x00000000        0x0 c:/program files (x86)/atmel/atmel toolchain/avr8 gcc/native/3.4.1061/avr8-gnu-toolchain/bin/../lib/gcc/avr/4.8.1/../../../../avr/lib/avr5\libc.a(eerd_byte_atmega168pa.o)
 .data          0x00000000        0x0 c:/program files (x86)/atmel/atmel toolchain/avr8 gcc/native/3.4.1061/avr8-gnu-toolchain/bin/../lib/gcc/avr/4.8.1/../../../../avr/lib/avr5\libc.a(eerd_byte_atmega168pa.o)
 .bss           0x00000000        0x0 c:/program files (x86)/atmel/atmel toolchain/avr8 gcc/native/3.4.1061/avr8-gnu-toolchain/bin/../lib/gcc/avr/4.8.1/../../../../avr/lib/avr5\libc.a(eerd_byte_atmega168pa.o)
 .text          0x00000000        0x0 c:/program files (x86)/atmel/atmel toolchain/avr8 gcc/native/3.4.1061/avr8-gnu-toolchain/bin/../lib/gcc/avr/4.8.1/../../../../avr/lib/avr5\libc.a(eewr_byte_atmega168pa.o)
 .data          0x00000000        0x0 c:/program files (x86)/atmel/atmel toolchain/avr8 gcc/native/3.4.1061/avr8-gnu-toolchain/bin/../lib/gcc/avr/4.8.1/../../../../avr/lib/avr5\libc.a(eewr_byte_atmega168pa.o)
 .bss           0x00000000        0x0 c:/program files (x86)/atmel/atmel toolchain/avr8 gcc/native/3.4.1061/avr8-gnu-toolchain/bin/../lib/gcc/avr/4.8.1/../../../../avr/lib/avr5\libc.a(eewr_byte_atmega168pa.o)

Memory Configuration

Name             Origin             Length             Attributes
text             0x00000000         0x00020000         xr
data             0x00800060         0x0000ffa0         rw !x
eeprom           0x00810000         0x00010000         rw !x
fuse             0x00820000         0x00000400         rw !x
lock             0x00830000         0x00000400         rw !x
signature        0x00840000         0x00000400         rw !x
user_signatures  0x00850000         0x00000400         rw !x
*default*        0x00000000         0xffffffff

Linker script and memory map

Address of section .data set to 0x800100
LOAD c:/program files (x86)/atmel/atmel toolchain/avr8 gcc/native/3.4.1061/avr8-gnu-toolchain/bin/../lib/gcc/avr/4.8.1/../../../../avr/lib/avr5/crtm168pa.o
LOAD src/command.o
LOAD src/key.o
LOAD src/led.o
LOAD src/main.o
LOAD src/manager.o
LOAD src/remote.o
LOAD src/status.o
LOAD src/timer.o
LOAD src/Title.o
LOAD src/usart.o
START GROUP
END GROUP
START GROUP
LOAD c:/program files (x86)/atmel/atmel toolchain/avr8 gcc/native/3.4.1061/avr8-gnu-toolchain/bin/../lib/gcc/avr/4.8.1/avr5\libgcc.a
LOAD c:/program files (x86)/atmel/atmel toolchain/avr8 gcc/native/3.4.1061/avr8-gnu-toolchain/bin/../lib/gcc/avr/4.8.1/../../../../avr/lib/avr5\libm.a
LOAD c:/program files (x86)/atmel/atmel toolchain/avr8 gcc/native/3.4.1061/avr8-gnu-toolchain/bin/../lib/gcc/avr/4.8.1/../../../../avr/lib/avr5\libc.a
END GROUP

.hash
 *(.hash)

.dynsym
 *(.dynsym)

.dynstr
 *(.dynstr)

.gnu.version
 *(.gnu.version)

.gnu.version_d
 *(.gnu.version_d)

.gnu.version_r
 *(.gnu.version_r)

.rel.init
 *(.rel.init)

.rela.init
 *(.rela.init)

.rel.text
 *(.rel.text)
 *(.rel.text.*)
 *(.rel.gnu.linkonce.t*)

.rela.text
 *(.rela.text)
 *(.rela.text.*)
 *(.rela.gnu.linkonce.t*)

.rel.fini
 *(.rel.fini)

.rela.fini
 *(.rela.fini)

.rel.rodata
 *(.rel.rodata)
 *(.rel.rodata.*)
 *(.rel.gnu.linkonce.r*)

.rela.rodata
 *(.rela.rodata)
 *(.rela.rodata.*)
 *(.rela.gnu.linkonce.r*)

.rel.data
 *(.rel.data)
 *(.rel.data.*)
 *(.rel.gnu.linkonce.d*)

.rela.data
 *(.rela.data)
 *(.rela.data.*)
 *(.rela.gnu.linkonce.d*)

.rel.ctors
 *(.rel.ctors)

.rela.ctors
 *(.rela.ctors)

.rel.dtors
 *(.rel.dtors)

.rela.dtors
 *(.rela.dtors)

.rel.got
 *(.rel.got)

.rela.got
 *(.rela.got)

.rel.bss
 *(.rel.bss)

.rela.bss
 *(.rela.bss)

.rel.plt
 *(.rel.plt)

.rela.plt
 *(.rela.plt)

.text           0x00000000     0x28e8
 *(.vectors)
 .vectors       0x00000000       0x68 c:/program files (x86)/atmel/atmel toolchain/avr8 gcc/native/3.4.1061/avr8-gnu-toolchain/bin/../lib/gcc/avr/4.8.1/../../../../avr/lib/avr5/crtm168pa.o
                0x00000000                __vector_default
                0x00000000                __vectors
 *(.vectors)
 *(.progmem.gcc*)
 .progmem.gcc_sw_table.CMessageHandle
                0x00000068       0x28 src/manager.o
                0x00000090                . = ALIGN (0x2)
                0x00000090                __trampolines_start = .
 *(.trampolines)
 .trampolines   0x00000090        0x0 linker stubs
 *(.trampolines*)
                0x00000090                __trampolines_end = .
 *(.progmem*)
                0x00000090                . = ALIGN (0x2)
 *(.jumptables)
 *(.jumptables*)
 *(.lowtext)
 *(.lowtext*)
                0x00000090                __ctors_start = .
 *(.ctors)
                0x00000090                __ctors_end = .
                0x00000090                __dtors_start = .
 *(.dtors)
                0x00000090                __dtors_end = .
 SORT(*)(.ctors)
 SORT(*)(.dtors)
 *(.init0)
 .init0         0x00000090        0x0 c:/program files (x86)/atmel/atmel toolchain/avr8 gcc/native/3.4.1061/avr8-gnu-toolchain/bin/../lib/gcc/avr/4.8.1/../../../../avr/lib/avr5/crtm168pa.o
                0x00000090                __init
 *(.init0)
 *(.init1)
 *(.init1)
 *(.init2)
 .init2         0x00000090        0xc c:/program files (x86)/atmel/atmel toolchain/avr8 gcc/native/3.4.1061/avr8-gnu-toolchain/bin/../lib/gcc/avr/4.8.1/../../../../avr/lib/avr5/crtm168pa.o
 *(.init2)
 *(.init3)
 *(.init3)
 *(.init4)
 .init4         0x0000009c       0x16 c:/program files (x86)/atmel/atmel toolchain/avr8 gcc/native/3.4.1061/avr8-gnu-toolchain/bin/../lib/gcc/avr/4.8.1/avr5\libgcc.a(_copy_data.o)
                0x0000009c                __do_copy_data
 .init4         0x000000b2       0x10 c:/program files (x86)/atmel/atmel toolchain/avr8 gcc/native/3.4.1061/avr8-gnu-toolchain/bin/../lib/gcc/avr/4.8.1/avr5\libgcc.a(_clear_bss.o)
                0x000000b2                __do_clear_bss
 *(.init4)
 *(.init5)
 *(.init5)
 *(.init6)
 *(.init6)
 *(.init7)
 *(.init7)
 *(.init8)
 *(.init8)
 *(.init9)
 .init9         0x000000c2        0x8 c:/program files (x86)/atmel/atmel toolchain/avr8 gcc/native/3.4.1061/avr8-gnu-toolchain/bin/../lib/gcc/avr/4.8.1/../../../../avr/lib/avr5/crtm168pa.o
 *(.init9)
 *(.text)
 .text          0x000000ca        0x4 c:/program files (x86)/atmel/atmel toolchain/avr8 gcc/native/3.4.1061/avr8-gnu-toolchain/bin/../lib/gcc/avr/4.8.1/../../../../avr/lib/avr5/crtm168pa.o
                0x000000ca                __vector_22
                0x000000ca                __vector_1
                0x000000ca                __vector_24
                0x000000ca                __vector_12
                0x000000ca                __bad_interrupt
                0x000000ca                __vector_6
                0x000000ca                __vector_3
                0x000000ca                __vector_23
                0x000000ca                __vector_25
                0x000000ca                __vector_11
                0x000000ca                __vector_17
                0x000000ca                __vector_19
                0x000000ca                __vector_7
                0x000000ca                __vector_5
                0x000000ca                __vector_4
                0x000000ca                __vector_9
                0x000000ca                __vector_2
                0x000000ca                __vector_21
                0x000000ca                __vector_15
                0x000000ca                __vector_8
                0x000000ca                __vector_14
                0x000000ca                __vector_10
                0x000000ca                __vector_16
                0x000000ca                __vector_20
                0x000000ce                . = ALIGN (0x2)
 *(.text.*)
 .text.CAM_SetZoomStop
                0x000000ce       0x38 src/command.o
                0x000000ce                CAM_SetZoomStop
 .text.CAM_SetZoomVTele
                0x00000106       0x38 src/command.o
                0x00000106                CAM_SetZoomVTele
 .text.CAM_SetZoomVWide
                0x0000013e       0x38 src/command.o
                0x0000013e                CAM_SetZoomVWide
 .text.CAM_SetZoomDirect
                0x00000176       0x88 src/command.o
                0x00000176                CAM_SetZoomDirect
 .text.CAM_SetStopFocus
                0x000001fe       0x38 src/command.o
                0x000001fe                CAM_SetStopFocus
 .text.CAM_SetSFarFocus
                0x00000236       0x38 src/command.o
                0x00000236                CAM_SetSFarFocus
 .text.CAM_SetSNearFocus
                0x0000026e       0x38 src/command.o
                0x0000026e                CAM_SetSNearFocus
 .text.CAM_SetAutoFocus
                0x000002a6       0x3c src/command.o
                0x000002a6                CAM_SetAutoFocus
 .text.CAM_SetManualFocus
                0x000002e2       0x40 src/command.o
                0x000002e2                CAM_SetManualFocus
 .text.CAM_SetNormalAF
                0x00000322       0x38 src/command.o
                0x00000322                CAM_SetNormalAF
 .text.CAM_SetWBATW
                0x0000035a       0x38 src/command.o
                0x0000035a                CAM_SetWBATW
 .text.CAM_SetWBMaunal
                0x00000392       0x38 src/command.o
                0x00000392                CAM_SetWBMaunal
 .text.CAM_SetRGainDirect
                0x000003ca       0x4a src/command.o
                0x000003ca                CAM_SetRGainDirect
 .text.CAM_SetBGainDirect
                0x00000414       0x4a src/command.o
                0x00000414                CAM_SetBGainDirect
 .text.CAM_SetApertureReset
                0x0000045e       0x38 src/command.o
                0x0000045e                CAM_SetApertureReset
 .text.CAM_SetApertureDirect
                0x00000496       0x4e src/command.o
                0x00000496                CAM_SetApertureDirect
 .text.CAM_SetFreezeOn
                0x000004e4       0x38 src/command.o
                0x000004e4                CAM_SetFreezeOn
 .text.CAM_SetFreezeOff
                0x0000051c       0x38 src/command.o
                0x0000051c                CAM_SetFreezeOff
 .text.CAM_SetPicEffectOff
                0x00000554       0x38 src/command.o
                0x00000554                CAM_SetPicEffectOff
 .text.CAM_SetPicEffectBW
                0x0000058c       0x38 src/command.o
                0x0000058c                CAM_SetPicEffectBW
 .text.CAM_SetFlipOn
                0x000005c4       0x38 src/command.o
                0x000005c4                CAM_SetFlipOn
 .text.CAM_SetFlipOff
                0x000005fc       0x38 src/command.o
                0x000005fc                CAM_SetFlipOff
 .text.CAM_SetMirrorOn
                0x00000634       0x38 src/command.o
                0x00000634                CAM_SetMirrorOn
 .text.CAM_SetMirrorOff
                0x0000066c       0x38 src/command.o
                0x0000066c                CAM_SetMirrorOff
 .text.CAM_SetTitleSet1
                0x000006a4       0x4a src/command.o
                0x000006a4                CAM_SetTitleSet1
 .text.CAM_SetTitleSet2
                0x000006ee       0x6c src/command.o
                0x000006ee                CAM_SetTitleSet2
 .text.CAM_SetTitleSet3
                0x0000075a       0x6c src/command.o
                0x0000075a                CAM_SetTitleSet3
 .text.CAM_SetTitleClear
                0x000007c6       0x38 src/command.o
                0x000007c6                CAM_SetTitleClear
 .text.CAM_SetTitleOn
                0x000007fe       0x38 src/command.o
                0x000007fe                CAM_SetTitleOn
 .text.CAM_InqZoomPos
                0x00000836       0x38 src/command.o
                0x00000836                CAM_InqZoomPos
 .text.CAM_InqFocusPos
                0x0000086e       0x38 src/command.o
                0x0000086e                CAM_InqFocusPos
 .text.CAM_InqRGain
                0x000008a6       0x38 src/command.o
                0x000008a6                CAM_InqRGain
 .text.CAM_InqBGain
                0x000008de       0x38 src/command.o
                0x000008de                CAM_InqBGain
 .text.CAM_InqID
                0x00000916       0x38 src/command.o
                0x00000916                CAM_InqID
 .text.CAM_InqVersion
                0x0000094e       0x38 src/command.o
                0x0000094e                CAM_InqVersion
 .text.GetCameraId
                0x00000986       0x52 src/command.o
                0x00000986                GetCameraId
 .text.GetZoomPos
                0x000009d8       0x4a src/command.o
                0x000009d8                GetZoomPos
 .text.GetFocusPos
                0x00000a22       0x4a src/command.o
                0x00000a22                GetFocusPos
 .text.GetCameraVersion
                0x00000a6c       0x22 src/command.o
                0x00000a6c                GetCameraVersion
 .text.GetRGain
                0x00000a8e       0x20 src/command.o
                0x00000a8e                GetRGain
 .text.GetBGain
                0x00000aae       0x20 src/command.o
                0x00000aae                GetBGain
 .text.CommandInit
                0x00000ace       0x6c src/command.o
                0x00000ace                CommandInit
 .text.CommandLoadBuf
                0x00000b3a       0x7e src/command.o
                0x00000b3a                CommandLoadBuf
 .text.GetInquiryResult
                0x00000bb8       0x36 src/command.o
                0x00000bb8                GetInquiryResult
 .text.CommandHandle
                0x00000bee       0x2a src/command.o
                0x00000bee                CommandHandle
 .text.CKeyScanReadyTimerEvent
                0x00000c18        0xc src/key.o
                0x00000c18                CKeyScanReadyTimerEvent
 .text.CKeyRepeatEnableTimerEvent
                0x00000c24        0xc src/key.o
                0x00000c24                CKeyRepeatEnableTimerEvent
 .text.KeyInit  0x00000c30       0x14 src/key.o
                0x00000c30                KeyInit
 .text.CKeyScan
                0x00000c44       0xba src/key.o
                0x00000c44                CKeyScan
 .text.CKeyScanReady
                0x00000cfe       0x36 src/key.o
                0x00000cfe                CKeyScanReady
 .text.CKeyMessageConvert
                0x00000d34       0x46 src/key.o
                0x00000d34                CKeyMessageConvert
 .text.CKeyMessageProc
                0x00000d7a      0x106 src/key.o
                0x00000d7a                CKeyMessageProc
 .text.CKeyHandle
                0x00000e80       0x58 src/key.o
                0x00000e80                CKeyHandle
 .text.LedInit  0x00000ed8        0x4 src/led.o
                0x00000ed8                LedInit
 .text.LedOn    0x00000edc        0x4 src/led.o
                0x00000edc                LedOn
 .text.LedOff   0x00000ee0        0x4 src/led.o
                0x00000ee0                LedOff
 .text.LedFlashing
                0x00000ee4       0x44 src/led.o
                0x00000ee4                LedFlashing
 .text.SystemInit
                0x00000f28       0x1e src/main.o
                0x00000f28                SystemInit
 .text.PowerDetect
                0x00000f46       0x34 src/main.o
                0x00000f46                PowerDetect
 .text.main     0x00000f7a       0x6a src/main.o
                0x00000f7a                main
 .text.InitCamera
                0x00000fe4      0x1dc src/manager.o
                0x00000fe4                InitCamera
 .text.GetMfRateByPos
                0x000011c0       0x7a src/manager.o
                0x000011c0                GetMfRateByPos
 .text.GetXRateByPos
                0x0000123a       0x3a src/manager.o
                0x0000123a                GetXRateByPos
 .text.ProcessAF
                0x00001274       0x72 src/manager.o
                0x00001274                ProcessAF
 .text.ProcessDisplay
                0x000012e6       0x32 src/manager.o
                0x000012e6                ProcessDisplay
 .text.ProcessWide
                0x00001318      0x11a src/manager.o
                0x00001318                ProcessWide
 .text.ProcessTele
                0x00001432      0x118 src/manager.o
                0x00001432                ProcessTele
 .text.ProcessTime
                0x0000154a       0x1c src/manager.o
                0x0000154a                ProcessTime
 .text.ProcessWhite
                0x00001566      0x122 src/manager.o
                0x00001566                ProcessWhite
 .text.ProcessFilter
                0x00001688      0x124 src/manager.o
                0x00001688                ProcessFilter
 .text.ProcessFreeze
                0x000017ac       0x82 src/manager.o
                0x000017ac                ProcessFreeze
 .text.ProcessEM
                0x0000182e       0x52 src/manager.o
                0x0000182e                ProcessEM
 .text.ProcessAutoWB
                0x00001880       0x96 src/manager.o
                0x00001880                ProcessAutoWB
 .text.ProcessManualWB
                0x00001916       0x9a src/manager.o
                0x00001916                ProcessManualWB
 .text.ProcessSwitchRB
                0x000019b0       0x48 src/manager.o
                0x000019b0                ProcessSwitchRB
 .text.CMessageHandle
                0x000019f8       0xa2 src/manager.o
                0x000019f8                CMessageHandle
 .text.CReleaseKeyMessageHandle
                0x00001a9a      0x132 src/manager.o
                0x00001a9a                CReleaseKeyMessageHandle
 .text.WhiteBalanceHandle
                0x00001bcc       0x50 src/manager.o
                0x00001bcc                WhiteBalanceHandle
 .text.CRemoteScanReadyTimerEvent
                0x00001c1c        0xc src/remote.o
                0x00001c1c                CRemoteScanReadyTimerEvent
 .text.CRemoteRepeatEnableTimerEvent
                0x00001c28        0xc src/remote.o
                0x00001c28                CRemoteRepeatEnableTimerEvent
 .text.RemoteInit
                0x00001c34        0xc src/remote.o
                0x00001c34                RemoteInit
 .text.CRemoteScanReady
                0x00001c40       0x36 src/remote.o
                0x00001c40                CRemoteScanReady
 .text.CRemoteScan
                0x00001c76       0x9a src/remote.o
                0x00001c76                CRemoteScan
 .text.CRemoteMessageConvert
                0x00001d10       0x3e src/remote.o
                0x00001d10                CRemoteMessageConvert
 .text.CRemoteMessageProc
                0x00001d4e       0x92 src/remote.o
                0x00001d4e                CRemoteMessageProc
 .text.CRemoteHandle
                0x00001de0       0x42 src/remote.o
                0x00001de0                CRemoteHandle
 .text.StatusInit
                0x00001e22       0x46 src/status.o
                0x00001e22                StatusInit
 .text.ProductInfoInit
                0x00001e68       0x56 src/status.o
                0x00001e68                ProductInfoInit
 .text.CTimerInit
                0x00001ebe       0x26 src/timer.o
                0x00001ebe                CTimerInit
 .text.CTimerHandle
                0x00001ee4       0x5e src/timer.o
                0x00001ee4                CTimerHandle
 .text.CTimerDecreaseTimerCnt
                0x00001f42       0x44 src/timer.o
                0x00001f42                CTimerDecreaseTimerCnt
 .text.__vector_13
                0x00001f86      0x136 src/timer.o
                0x00001f86                __vector_13
 .text.CTimerActiveTimerEvent
                0x000020bc       0xc0 src/timer.o
                0x000020bc                CTimerActiveTimerEvent
 .text.CTimerReactiveTimerEvent
                0x0000217c       0x70 src/timer.o
                0x0000217c                CTimerReactiveTimerEvent
 .text.CTimerCancelTimerEvent
                0x000021ec       0x40 src/timer.o
                0x000021ec                CTimerCancelTimerEvent
 .text.CTimerInitialTimerEvent
                0x0000222c       0x22 src/timer.o
                0x0000222c                CTimerInitialTimerEvent
 .text.SetTitle2
                0x0000224e      0x106 src/Title.o
                0x0000224e                SetTitle2
 .text.SetTitle3
                0x00002354      0x20e src/Title.o
                0x00002354                SetTitle3
 .text.TitleHandle
                0x00002562       0x3a src/Title.o
                0x00002562                TitleHandle
 .text.ShowProductInfo
                0x0000259c      0x154 src/Title.o
                0x0000259c                ShowProductInfo
 .text.__vector_18
                0x000026f0       0xc8 src/usart.o
                0x000026f0                __vector_18
 .text.USART_Init
                0x000027b8       0x16 src/usart.o
                0x000027b8                USART_Init
 .text.MY_USART_Init
                0x000027ce        0xa src/usart.o
                0x000027ce                MY_USART_Init
 .text.USART_SendUChar
                0x000027d8       0x10 src/usart.o
                0x000027d8                USART_SendUChar
 .text.USART_SendCmd
                0x000027e8       0x30 src/usart.o
                0x000027e8                USART_SendCmd
 .text.libgcc.div
                0x00002818       0x28 c:/program files (x86)/atmel/atmel toolchain/avr8 gcc/native/3.4.1061/avr8-gnu-toolchain/bin/../lib/gcc/avr/4.8.1/avr5\libgcc.a(_divmodhi4.o)
                0x00002818                _div
                0x00002818                __divmodhi4
 .text.libgcc.div
                0x00002840       0x44 c:/program files (x86)/atmel/atmel toolchain/avr8 gcc/native/3.4.1061/avr8-gnu-toolchain/bin/../lib/gcc/avr/4.8.1/avr5\libgcc.a(_udivmodsi4.o)
                0x00002840                __udivmodsi4
 .text.libgcc   0x00002884        0xc c:/program files (x86)/atmel/atmel toolchain/avr8 gcc/native/3.4.1061/avr8-gnu-toolchain/bin/../lib/gcc/avr/4.8.1/avr5\libgcc.a(_tablejump.o)
                0x00002884                __tablejump2__
                0x00002888                __tablejump__
 .text.libgcc.div
                0x00002890       0x28 c:/program files (x86)/atmel/atmel toolchain/avr8 gcc/native/3.4.1061/avr8-gnu-toolchain/bin/../lib/gcc/avr/4.8.1/avr5\libgcc.a(_udivmodhi4.o)
                0x00002890                __udivmodhi4
 .text.avr-libc
                0x000028b8       0x10 c:/program files (x86)/atmel/atmel toolchain/avr8 gcc/native/3.4.1061/avr8-gnu-toolchain/bin/../lib/gcc/avr/4.8.1/../../../../avr/lib/avr5\libc.a(eerd_byte_atmega168pa.o)
                0x000028b8                __eerd_byte_m168pa
 .text.avr-libc
                0x000028c8       0x1c c:/program files (x86)/atmel/atmel toolchain/avr8 gcc/native/3.4.1061/avr8-gnu-toolchain/bin/../lib/gcc/avr/4.8.1/../../../../avr/lib/avr5\libc.a(eewr_byte_atmega168pa.o)
                0x000028c8                __eewr_byte_m168pa
                0x000028ca                __eewr_r18_m168pa
                0x000028e4                . = ALIGN (0x2)
 *(.fini9)
 .fini9         0x000028e4        0x0 c:/program files (x86)/atmel/atmel toolchain/avr8 gcc/native/3.4.1061/avr8-gnu-toolchain/bin/../lib/gcc/avr/4.8.1/avr5\libgcc.a(_exit.o)
                0x000028e4                _exit
                0x000028e4                exit
 *(.fini9)
 *(.fini8)
 *(.fini8)
 *(.fini7)
 *(.fini7)
 *(.fini6)
 *(.fini6)
 *(.fini5)
 *(.fini5)
 *(.fini4)
 *(.fini4)
 *(.fini3)
 *(.fini3)
 *(.fini2)
 *(.fini2)
 *(.fini1)
 *(.fini1)
 *(.fini0)
 .fini0         0x000028e4        0x4 c:/program files (x86)/atmel/atmel toolchain/avr8 gcc/native/3.4.1061/avr8-gnu-toolchain/bin/../lib/gcc/avr/4.8.1/avr5\libgcc.a(_exit.o)
 *(.fini0)
                0x000028e8                _etext = .

.data           0x00800100      0x15a load address 0x000028e8
                0x00800100                PROVIDE (__data_start, .)
 *(.data)
 *(.data*)
 .data.tCmd_VersionInq
                0x00800100        0x5 src/command.o
                0x00800100                tCmd_VersionInq
 .data.tCmd_IDInq
                0x00800105        0x5 src/command.o
                0x00800105                tCmd_IDInq
 .data.tCmd_BGainInq
                0x0080010a        0x5 src/command.o
                0x0080010a                tCmd_BGainInq
 .data.tCmd_RGainInq
                0x0080010f        0x5 src/command.o
                0x0080010f                tCmd_RGainInq
 .data.tCmd_FocusPosInq
                0x00800114        0x5 src/command.o
                0x00800114                tCmd_FocusPosInq
 .data.tCmd_ZoomPosInq
                0x00800119        0x5 src/command.o
                0x00800119                tCmd_ZoomPosInq
 .data.tCmd_TitleOn
                0x0080011e        0x6 src/command.o
                0x0080011e                tCmd_TitleOn
 .data.tCmd_TitleClear
                0x00800124        0x6 src/command.o
                0x00800124                tCmd_TitleClear
 .data.tCmd_TitleSet3
                0x0080012a       0x10 src/command.o
                0x0080012a                tCmd_TitleSet3
 .data.tCmd_TitleSet2
                0x0080013a       0x10 src/command.o
                0x0080013a                tCmd_TitleSet2
 .data.tCmd_TitleSet1
                0x0080014a       0x10 src/command.o
                0x0080014a                tCmd_TitleSet1
 .data.tCmd_MirrorOff
                0x0080015a        0x6 src/command.o
                0x0080015a                tCmd_MirrorOff
 .data.tCmd_MirrorOn
                0x00800160        0x6 src/command.o
                0x00800160                tCmd_MirrorOn
 .data.tCmd_FlipOff
                0x00800166        0x6 src/command.o
                0x00800166                tCmd_FlipOff
 .data.tCmd_FlipOn
                0x0080016c        0x6 src/command.o
                0x0080016c                tCmd_FlipOn
 .data.tCmd_PicEffectBW
                0x00800172        0x6 src/command.o
                0x00800172                tCmd_PicEffectBW
 .data.tCmd_PicEffectOff
                0x00800178        0x6 src/command.o
                0x00800178                tCmd_PicEffectOff
 .data.tCmd_FreezeOff
                0x0080017e        0x6 src/command.o
                0x0080017e                tCmd_FreezeOff
 .data.tCmd_FreezeOn
                0x00800184        0x6 src/command.o
                0x00800184                tCmd_FreezeOn
 .data.tCmd_ApertureDirect
                0x0080018a        0x9 src/command.o
                0x0080018a                tCmd_ApertureDirect
 .data.tCmd_ApertureReset
                0x00800193        0x6 src/command.o
                0x00800193                tCmd_ApertureReset
 .data.tCmd_BGainDirect
                0x00800199        0x9 src/command.o
                0x00800199                tCmd_BGainDirect
 .data.tCmd_RGainDirect
                0x008001a2        0x9 src/command.o
                0x008001a2                tCmd_RGainDirect
 .data.tCmd_WBManual
                0x008001ab        0x6 src/command.o
                0x008001ab                tCmd_WBManual
 .data.tCmd_WBATW
                0x008001b1        0x6 src/command.o
                0x008001b1                tCmd_WBATW
 .data.tCmd_NormalAF
                0x008001b7        0x6 src/command.o
                0x008001b7                tCmd_NormalAF
 .data.tCmd_ManualFocus
                0x008001bd        0x6 src/command.o
                0x008001bd                tCmd_ManualFocus
 .data.tCmd_AutoFocus
                0x008001c3        0x6 src/command.o
                0x008001c3                tCmd_AutoFocus
 .data.tCmd_FocusSNear
                0x008001c9        0x6 src/command.o
                0x008001c9                tCmd_FocusSNear
 .data.tCmd_FocusSFar
                0x008001cf        0x6 src/command.o
                0x008001cf                tCmd_FocusSFar
 .data.tCmd_StopFocus
                0x008001d5        0x6 src/command.o
                0x008001d5                tCmd_StopFocus
 .data.tCmd_ZoomDirect
                0x008001db        0x9 src/command.o
                0x008001db                tCmd_ZoomDirect
 .data.tCmd_ZoomVWide
                0x008001e4        0x6 src/command.o
                0x008001e4                tCmd_ZoomVWide
 .data.tCmd_ZoomVTele
                0x008001ea        0x6 src/command.o
                0x008001ea                tCmd_ZoomVTele
 .data.tCmd_ZoomStop
                0x008001f0        0x6 src/command.o
                0x008001f0                tCmd_ZoomStop
 .data.uiZoomRatioTable
                0x008001f6       0x50 src/command.o
                0x008001f6                uiZoomRatioTable
 .data.uiNumberTable
                0x00800246        0xa src/Title.o
                0x00800246                uiNumberTable
 *(.rodata)
 .rodata        0x00800250        0xa src/Title.o
 *(.rodata*)
 *(.gnu.linkonce.d*)
                0x0080025a                . = ALIGN (0x2)
                0x0080025a                _edata = .
                0x0080025a                PROVIDE (__data_end, .)

.bss            0x0080025a       0xc2
                0x0080025a                PROVIDE (__bss_start, .)
 *(.bss)
 *(.bss*)
 .bss.g_ucTeleKeyRelease
                0x0080025a        0x1 src/key.o
                0x0080025a                g_ucTeleKeyRelease
 .bss.g_ucTeleKeyPress
                0x0080025b        0x1 src/key.o
                0x0080025b                g_ucTeleKeyPress
 .bss.g_ucWideKeyRelease
                0x0080025c        0x1 src/key.o
                0x0080025c                g_ucWideKeyRelease
 .bss.g_ucWideKeyPress
                0x0080025d        0x1 src/key.o
                0x0080025d                g_ucWideKeyPress
 .bss.g_ucKeyStateCurr
                0x0080025e        0x2 src/key.o
                0x0080025e                g_ucKeyStateCurr
 .bss.g_ucKeyStatePrev
                0x00800260        0x2 src/key.o
                0x00800260                g_ucKeyStatePrev
 .bss.g_ucKeyMessage
                0x00800262        0x1 src/key.o
                0x00800262                g_ucKeyMessage
 .bss.g_ucKeyControl
                0x00800263        0x1 src/key.o
                0x00800263                g_ucKeyControl
 .bss.g_ucTeleRemoteRelease
                0x00800264        0x1 src/remote.o
                0x00800264                g_ucTeleRemoteRelease
 .bss.g_ucTeleRemotePress
                0x00800265        0x1 src/remote.o
                0x00800265                g_ucTeleRemotePress
 .bss.g_ucWideRemoteRelease
                0x00800266        0x1 src/remote.o
                0x00800266                g_ucWideRemoteRelease
 .bss.g_ucWideRemotePress
                0x00800267        0x1 src/remote.o
                0x00800267                g_ucWideRemotePress
 .bss.g_ucRemoteStatePrev
                0x00800268        0x1 src/remote.o
                0x00800268                g_ucRemoteStatePrev
 .bss.g_ucRemoteMessage
                0x00800269        0x1 src/remote.o
                0x00800269                g_ucRemoteMessage
 .bss.g_ucRemoteControl
                0x0080026a        0x1 src/remote.o
                0x0080026a                g_ucRemoteControl
 .bss.g_ucRemoteStateCurr
                0x0080026b        0x1 src/remote.o
                0x0080026b                g_ucRemoteStateCurr
 .bss.g_ucSecondCnt
                0x0080026c        0x1 src/timer.o
                0x0080026c                g_ucSecondCnt
 .bss.g_ucMinuteCnt
                0x0080026d        0x1 src/timer.o
                0x0080026d                g_ucMinuteCnt
 .bss.g_bTimerChange
                0x0080026e        0x1 src/timer.o
                0x0080026e                g_bTimerChange
 .bss.g_bTimer1Ctrl
                0x0080026f        0x1 src/timer.o
                0x0080026f                g_bTimer1Ctrl
 .bss.g_ucTimer1Cnt
                0x00800270        0x4 src/timer.o
                0x00800270                g_ucTimer1Cnt
 .bss.ucSecondCnt.2397
                0x00800274        0x1 src/Title.o
 .bss.ucMinuteCnt.2396
                0x00800275        0x1 src/Title.o
 .bss.g_bTitle2Change
                0x00800276        0x1 src/Title.o
                0x00800276                g_bTitle2Change
 .bss.g_bTitle1Change
                0x00800277        0x1 src/Title.o
                0x00800277                g_bTitle1Change
 .bss.ReplyLength
                0x00800278        0x1 src/usart.o
                0x00800278                ReplyLength
 .bss.ReplyHeadFoundA
                0x00800279        0x1 src/usart.o
                0x00800279                ReplyHeadFoundA
 *(COMMON)
 COMMON         0x0080027a       0x2e src/command.o
                0x0080027a                g_stCameraCmd
 COMMON         0x008002a8       0x29 src/status.o
                0x008002a8                g_stStatusCmd
                0x008002c5                g_stProductInfo
 COMMON         0x008002d1       0x2a src/timer.o
                0x008002d1                g_stTimerEvent
 COMMON         0x008002fb       0x21 src/usart.o
                0x008002fb                ReplyBuf
                0x0080031b                rev_data
                0x0080031c                PROVIDE (__bss_end, .)
                0x000028e8                __data_load_start = LOADADDR (.data)
                0x00002a42                __data_load_end = (__data_load_start + SIZEOF (.data))

.noinit         0x0080031c        0x0
                0x0080031c                PROVIDE (__noinit_start, .)
 *(.noinit*)
                0x0080031c                PROVIDE (__noinit_end, .)
                0x0080031c                _end = .
                0x0080031c                PROVIDE (__heap_start, .)

.eeprom         0x00810000        0x0
 *(.eeprom*)
                0x00810000                __eeprom_end = .

.fuse
 *(.fuse)
 *(.lfuse)
 *(.hfuse)
 *(.efuse)

.lock
 *(.lock*)

.signature
 *(.signature*)

.user_signatures
 *(.user_signatures*)

.stab
 *(.stab)

.stabstr
 *(.stabstr)

.stab.excl
 *(.stab.excl)

.stab.exclstr
 *(.stab.exclstr)

.stab.index
 *(.stab.index)

.stab.indexstr
 *(.stab.indexstr)

.comment        0x00000000       0x30
 *(.comment)
 .comment       0x00000000       0x30 src/command.o
                                 0x31 (size before relaxing)
 .comment       0x00000000       0x31 src/key.o
 .comment       0x00000000       0x31 src/led.o
 .comment       0x00000000       0x31 src/main.o
 .comment       0x00000000       0x31 src/manager.o
 .comment       0x00000000       0x31 src/remote.o
 .comment       0x00000000       0x31 src/status.o
 .comment       0x00000000       0x31 src/timer.o
 .comment       0x00000000       0x31 src/Title.o
 .comment       0x00000000       0x31 src/usart.o

.note.gnu.build-id
 *(.note.gnu.build-id)

.debug
 *(.debug)

.line
 *(.line)

.debug_srcinfo
 *(.debug_srcinfo)

.debug_sfnames
 *(.debug_sfnames)

.debug_aranges  0x00000000      0x490
 *(.debug_aranges)
 .debug_aranges
                0x00000000      0x1c0 src/command.o
 .debug_aranges
                0x000001c0       0x58 src/key.o
 .debug_aranges
                0x00000218       0x38 src/led.o
 .debug_aranges
                0x00000250       0x30 src/main.o
 .debug_aranges
                0x00000280       0xa8 src/manager.o
 .debug_aranges
                0x00000328       0x58 src/remote.o
 .debug_aranges
                0x00000380       0x28 src/status.o
 .debug_aranges
                0x000003a8       0x58 src/timer.o
 .debug_aranges
                0x00000400       0x38 src/Title.o
 .debug_aranges
                0x00000438       0x58 src/usart.o

.debug_pubnames
 *(.debug_pubnames)

.debug_info     0x00000000     0x5f42
 *(.debug_info .gnu.linkonce.wi.*)
 .debug_info    0x00000000     0x1616 src/command.o
 .debug_info    0x00001616      0x8d4 src/key.o
 .debug_info    0x00001eea      0x1c6 src/led.o
 .debug_info    0x000020b0      0x891 src/main.o
 .debug_info    0x00002941     0x1aef src/manager.o
 .debug_info    0x00004430      0x45d src/remote.o
 .debug_info    0x0000488d      0x497 src/status.o
 .debug_info    0x00004d24      0x637 src/timer.o
 .debug_info    0x0000535b      0x741 src/Title.o
 .debug_info    0x00005a9c      0x4a6 src/usart.o

.debug_abbrev   0x00000000     0x1089
 *(.debug_abbrev)
 .debug_abbrev  0x00000000      0x18f src/command.o
 .debug_abbrev  0x0000018f      0x234 src/key.o
 .debug_abbrev  0x000003c3       0xfa src/led.o
 .debug_abbrev  0x000004bd      0x1a7 src/main.o
 .debug_abbrev  0x00000664      0x2a4 src/manager.o
 .debug_abbrev  0x00000908      0x13b src/remote.o
 .debug_abbrev  0x00000a43       0xe7 src/status.o
 .debug_abbrev  0x00000b2a      0x157 src/timer.o
 .debug_abbrev  0x00000c81      0x1fe src/Title.o
 .debug_abbrev  0x00000e7f      0x20a src/usart.o

.debug_line     0x00000000     0x1a03
 *(.debug_line .debug_line.* .debug_line_end)
 .debug_line    0x00000000      0x577 src/command.o
 .debug_line    0x00000577      0x23a src/key.o
 .debug_line    0x000007b1      0x17e src/led.o
 .debug_line    0x0000092f      0x1dd src/main.o
 .debug_line    0x00000b0c      0x679 src/manager.o
 .debug_line    0x00001185      0x1ae src/remote.o
 .debug_line    0x00001333      0x103 src/status.o
 .debug_line    0x00001436      0x1af src/timer.o
 .debug_line    0x000015e5      0x21b src/Title.o
 .debug_line    0x00001800      0x203 src/usart.o

.debug_frame    0x00000000      0xa60
 *(.debug_frame)
 .debug_frame   0x00000000      0x3cc src/command.o
 .debug_frame   0x000003cc       0xa4 src/key.o
 .debug_frame   0x00000470       0x60 src/led.o
 .debug_frame   0x000004d0       0x44 src/main.o
 .debug_frame   0x00000514      0x17c src/manager.o
 .debug_frame   0x00000690       0x94 src/remote.o
 .debug_frame   0x00000724       0x34 src/status.o
 .debug_frame   0x00000758      0x164 src/timer.o
 .debug_frame   0x000008bc       0x94 src/Title.o
 .debug_frame   0x00000950      0x110 src/usart.o

.debug_str      0x00000000     0x18d2
 *(.debug_str)
 .debug_str     0x00000000      0xf41 src/command.o
                                0xf8f (size before relaxing)
 .debug_str     0x00000f41      0x345 src/key.o
                                0x8bc (size before relaxing)
 .debug_str     0x00001286       0x34 src/led.o
                                0x1e2 (size before relaxing)
 .debug_str     0x000012ba      0x193 src/main.o
                                0x91a (size before relaxing)
 .debug_str     0x0000144d      0x128 src/manager.o
                                0xc6f (size before relaxing)
 .debug_str     0x00001575      0x1bd src/remote.o
                                0x4c5 (size before relaxing)
 .debug_str     0x00001732       0x15 src/status.o
                                0x5e9 (size before relaxing)
 .debug_str     0x00001747       0xb5 src/timer.o
                                0x6c6 (size before relaxing)
 .debug_str     0x000017fc       0x31 src/Title.o
                                0x703 (size before relaxing)
 .debug_str     0x0000182d       0xa5 src/usart.o
                                0x3f0 (size before relaxing)

.debug_loc      0x00000000     0x2215
 *(.debug_loc)
 .debug_loc     0x00000000      0x800 src/command.o
 .debug_loc     0x00000800      0x108 src/key.o
 .debug_loc     0x00000908      0x10a src/led.o
 .debug_loc     0x00000a12      0xc48 src/manager.o
 .debug_loc     0x0000165a       0xad src/remote.o
 .debug_loc     0x00001707       0x6f src/status.o
 .debug_loc     0x00001776      0x3de src/timer.o
 .debug_loc     0x00001b54      0x3d4 src/Title.o
 .debug_loc     0x00001f28      0x2ed src/usart.o

.debug_macinfo
 *(.debug_macinfo)

.debug_weaknames
 *(.debug_weaknames)

.debug_funcnames
 *(.debug_funcnames)

.debug_typenames
 *(.debug_typenames)

.debug_varnames
 *(.debug_varnames)

.debug_pubtypes
 *(.debug_pubtypes)

.debug_ranges   0x00000000      0x3f0
 *(.debug_ranges)
 .debug_ranges  0x00000000      0x1b0 src/command.o
 .debug_ranges  0x000001b0       0x48 src/key.o
 .debug_ranges  0x000001f8       0x28 src/led.o
 .debug_ranges  0x00000220       0x20 src/main.o
 .debug_ranges  0x00000240       0x98 src/manager.o
 .debug_ranges  0x000002d8       0x48 src/remote.o
 .debug_ranges  0x00000320       0x18 src/status.o
 .debug_ranges  0x00000338       0x48 src/timer.o
 .debug_ranges  0x00000380       0x28 src/Title.o
 .debug_ranges  0x000003a8       0x48 src/usart.o

.debug_macro
 *(.debug_macro)
OUTPUT(CAMcontrol.elf elf32-avr)
LOAD linker stubs
