Archive member included because of file (symbol)

c:/program files (x86)/atmel/atmel toolchain/avr8 gcc/native/3.4.1061/avr8-gnu-toolchain/bin/../lib/gcc/avr/4.8.1/avr5\libgcc.a(_divmodhi4.o)
                              src/Title.o (__divmodhi4)
c:/program files (x86)/atmel/atmel toolchain/avr8 gcc/native/3.4.1061/avr8-gnu-toolchain/bin/../lib/gcc/avr/4.8.1/avr5\libgcc.a(_udivmodsi4.o)
                              src/timer.o (__udivmodsi4)
c:/program files (x86)/atmel/atmel toolchain/avr8 gcc/native/3.4.1061/avr8-gnu-toolchain/bin/../lib/gcc/avr/4.8.1/avr5\libgcc.a(_exit.o)
                              c:/program files (x86)/atmel/atmel toolchain/avr8 gcc/native/3.4.1061/avr8-gnu-toolchain/bin/../lib/gcc/avr/4.8.1/../../../../avr/lib/avr5/crtm168pa.o (exit)
c:/program files (x86)/atmel/atmel toolchain/avr8 gcc/native/3.4.1061/avr8-gnu-toolchain/bin/../lib/gcc/avr/4.8.1/avr5\libgcc.a(_tablejump.o)
                              src/manager.o (__tablejump2__)
c:/program files (x86)/atmel/atmel toolchain/avr8 gcc/native/3.4.1061/avr8-gnu-toolchain/bin/../lib/gcc/avr/4.8.1/avr5\libgcc.a(_copy_data.o)
                              src/command.o (__do_copy_data)
c:/program files (x86)/atmel/atmel toolchain/avr8 gcc/native/3.4.1061/avr8-gnu-toolchain/bin/../lib/gcc/avr/4.8.1/avr5\libgcc.a(_clear_bss.o)
                              src/command.o (__do_clear_bss)
c:/program files (x86)/atmel/atmel toolchain/avr8 gcc/native/3.4.1061/avr8-gnu-toolchain/bin/../lib/gcc/avr/4.8.1/avr5\libgcc.a(_udivmodhi4.o)
                              c:/program files (x86)/atmel/atmel toolchain/avr8 gcc/native/3.4.1061/avr8-gnu-toolchain/bin/../lib/gcc/avr/4.8.1/avr5\libgcc.a(_divmodhi4.o) (__udivmodhi4)
c:/program files (x86)/atmel/atmel toolchain/avr8 gcc/native/3.4.1061/avr8-gnu-toolchain/bin/../lib/gcc/avr/4.8.1/../../../../avr/lib/avr5\libc.a(eerd_byte_atmega168pa.o)
                              src/manager.o (__eerd_byte_m168pa)
c:/program files (x86)/atmel/atmel toolchain/avr8 gcc/native/3.4.1061/avr8-gnu-toolchain/bin/../lib/gcc/avr/4.8.1/../../../../avr/lib/avr5\libc.a(eewr_byte_atmega168pa.o)
                              src/manager.o (__eewr_byte_m168pa)

Allocating common symbols
Common symbol       size              file

ReplyBuf            0x20              src/usart.o
g_stStatusCmd       0x25              src/status.o
rev_data            0x1               src/usart.o
g_stCameraCmd       0x2e              src/command.o
g_stTimerEvent      0x2a              src/timer.o
g_stProductInfo     0xc               src/status.o

Discarded input sections

 .data          0x00000000        0x0 c:/program files (x86)/atmel/atmel toolchain/avr8 gcc/native/3.4.1061/avr8-gnu-toolchain/bin/../lib/gcc/avr/4.8.1/../../../../avr/lib/avr5/crtm168pa.o
 .bss           0x00000000        0x0 c:/program files (x86)/atmel/atmel toolchain/avr8 gcc/native/3.4.1061/avr8-gnu-toolchain/bin/../lib/gcc/avr/4.8.1/../../../../avr/lib/avr5/crtm168pa.o
 .text          0x00000000        0x0 src/command.o
 .data          0x00000000        0x0 src/command.o
 .bss           0x00000000        0x0 src/command.o
 .text.CAM_SetDZoomDirect
                0x00000000       0xa0 src/command.o
 .text.CAM_SetZoomFocus
                0x00000000       0x38 src/command.o
 .text.CAM_SetRGainUp
                0x00000000       0x38 src/command.o
 .text.CAM_SetRGainDown
                0x00000000       0x38 src/command.o
 .text.CAM_SetBGainUp
                0x00000000       0x38 src/command.o
 .text.CAM_SetBGainDown
                0x00000000       0x38 src/command.o
 .text.CAM_SetCustomReset
                0x00000000       0x38 src/command.o
 .text.CAM_SetCustomRecall
                0x00000000       0x38 src/command.o
 .text.CAM_SetTitleOff
                0x00000000       0x74 src/command.o
 .text.CAM_GetType
                0x00000000       0x38 src/command.o
 .text.CAM_InqWBmode
                0x00000000       0x38 src/command.o
 .text.IsBLOSSOM
                0x00000000       0x36 src/command.o
 .text.GetWBmode
                0x00000000       0x12 src/command.o
 .rodata.AllCamCmd
                0x00000000      0x9e2 src/command.o
 .data.tCmd_WBmodeInq
                0x00000000        0x5 src/command.o
 .data.tCmd_TitleOff
                0x00000000        0x6 src/command.o
 .data.tCmd_TitleOff_480
                0x00000000        0x6 src/command.o
 .data.tCmd_TypeGet
                0x00000000        0x6 src/command.o
 .data.tCmd_CustomRecall
                0x00000000        0x7 src/command.o
 .data.tCmd_CustomReset
                0x00000000        0x7 src/command.o
 .data.tCmd_BGainDown
                0x00000000        0x6 src/command.o
 .data.tCmd_BGainUp
                0x00000000        0x6 src/command.o
 .data.tCmd_RGainDown
                0x00000000        0x6 src/command.o
 .data.tCmd_RGainUp
                0x00000000        0x6 src/command.o
 .data.tCmd_ZoomFocus
                0x00000000        0xd src/command.o
 .data.tCmd_DZoomDirect
                0x00000000        0x9 src/command.o
 .text          0x00000000        0x0 src/key.o
 .data          0x00000000        0x0 src/key.o
 .bss           0x00000000        0x0 src/key.o
 .text          0x00000000        0x0 src/led.o
 .data          0x00000000        0x0 src/led.o
 .bss           0x00000000        0x0 src/led.o
 .text          0x00000000        0x0 src/main.o
 .data          0x00000000        0x0 src/main.o
 .bss           0x00000000        0x0 src/main.o
 .text          0x00000000        0x0 src/manager.o
 .data          0x00000000        0x0 src/manager.o
 .bss           0x00000000        0x0 src/manager.o
 .text.GetMfRateByPos
                0x00000000        0xa src/manager.o
 .text.ProcessTime
                0x00000000       0x1c src/manager.o
 .text.ProcessCapture
                0x00000000       0x2c src/manager.o
 .text          0x00000000        0x0 src/remote.o
 .data          0x00000000        0x0 src/remote.o
 .bss           0x00000000        0x0 src/remote.o
 .text          0x00000000        0x0 src/status.o
 .data          0x00000000        0x0 src/status.o
 .bss           0x00000000        0x0 src/status.o
 .text          0x00000000        0x0 src/timer.o
 .data          0x00000000        0x0 src/timer.o
 .bss           0x00000000        0x0 src/timer.o
 .text          0x00000000        0x0 src/Title.o
 .data          0x00000000        0x0 src/Title.o
 .bss           0x00000000        0x0 src/Title.o
 .text          0x00000000        0x0 src/usart.o
 .data          0x00000000        0x0 src/usart.o
 .bss           0x00000000        0x0 src/usart.o
 .text.USART_SendChar
                0x00000000       0x10 src/usart.o
 .text.USART_Receive
                0x00000000       0x10 src/usart.o
 .text.USART_GetCommand
                0x00000000       0x64 src/usart.o
 .data.ReplyType
                0x00000000        0x1 src/usart.o
 .text          0x00000000        0x0 c:/program files (x86)/atmel/atmel toolchain/avr8 gcc/native/3.4.1061/avr8-gnu-toolchain/bin/../lib/gcc/avr/4.8.1/avr5\libgcc.a(_divmodhi4.o)
 .data          0x00000000        0x0 c:/program files (x86)/atmel/atmel toolchain/avr8 gcc/native/3.4.1061/avr8-gnu-toolchain/bin/../lib/gcc/avr/4.8.1/avr5\libgcc.a(_divmodhi4.o)
 .bss           0x00000000        0x0 c:/program files (x86)/atmel/atmel toolchain/avr8 gcc/native/3.4.1061/avr8-gnu-toolchain/bin/../lib/gcc/avr/4.8.1/avr5\libgcc.a(_divmodhi4.o)
 .text.libgcc.mul
                0x00000000        0x0 c:/program files (x86)/atmel/atmel toolchain/avr8 gcc/native/3.4.1061/avr8-gnu-toolchain/bin/../lib/gcc/avr/4.8.1/avr5\libgcc.a(_divmodhi4.o)
 .text.libgcc   0x00000000        0x0 c:/program files (x86)/atmel/atmel toolchain/avr8 gcc/native/3.4.1061/avr8-gnu-toolchain/bin/../lib/gcc/avr/4.8.1/avr5\libgcc.a(_divmodhi4.o)
 .text.libgcc.prologue
                0x00000000        0x0 c:/program files (x86)/atmel/atmel toolchain/avr8 gcc/native/3.4.1061/avr8-gnu-toolchain/bin/../lib/gcc/avr/4.8.1/avr5\libgcc.a(_divmodhi4.o)
 .text.libgcc.builtins
                0x00000000        0x0 c:/program files (x86)/atmel/atmel toolchain/avr8 gcc/native/3.4.1061/avr8-gnu-toolchain/bin/../lib/gcc/avr/4.8.1/avr5\libgcc.a(_divmodhi4.o)
 .text.libgcc.fmul
                0x00000000        0x0 c:/program files (x86)/atmel/atmel toolchain/avr8 gcc/native/3.4.1061/avr8-gnu-toolchain/bin/../lib/gcc/avr/4.8.1/avr5\libgcc.a(_divmodhi4.o)
 .text.libgcc.fixed
                0x00000000        0x0 c:/program files (x86)/atmel/atmel toolchain/avr8 gcc/native/3.4.1061/avr8-gnu-toolchain/bin/../lib/gcc/avr/4.8.1/avr5\libgcc.a(_divmodhi4.o)
 .text          0x00000000        0x0 c:/program files (x86)/atmel/atmel toolchain/avr8 gcc/native/3.4.1061/avr8-gnu-toolchain/bin/../lib/gcc/avr/4.8.1/avr5\libgcc.a(_udivmodsi4.o)
 .data          0x00000000        0x0 c:/program files (x86)/atmel/atmel toolchain/avr8 gcc/native/3.4.1061/avr8-gnu-toolchain/bin/../lib/gcc/avr/4.8.1/avr5\libgcc.a(_udivmodsi4.o)
 .bss           0x00000000        0x0 c:/program files (x86)/atmel/atmel toolchain/avr8 gcc/native/3.4.1061/avr8-gnu-toolchain/bin/../lib/gcc/avr/4.8.1/avr5\libgcc.a(_udivmodsi4.o)
 .text.libgcc.mul
                0x00000000        0x0 c:/program files (x86)/atmel/atmel toolchain/avr8 gcc/native/3.4.1061/avr8-gnu-toolchain/bin/../lib/gcc/avr/4.8.1/avr5\libgcc.a(_udivmodsi4.o)
 .text.libgcc   0x00000000        0x0 c:/program files (x86)/atmel/atmel toolchain/avr8 gcc/native/3.4.1061/avr8-gnu-toolchain/bin/../lib/gcc/avr/4.8.1/avr5\libgcc.a(_udivmodsi4.o)
 .text.libgcc.prologue
                0x00000000        0x0 c:/program files (x86)/atmel/atmel toolchain/avr8 gcc/native/3.4.1061/avr8-gnu-toolchain/bin/../lib/gcc/avr/4.8.1/avr5\libgcc.a(_udivmodsi4.o)
 .text.libgcc.builtins
                0x00000000        0x0 c:/program files (x86)/atmel/atmel toolchain/avr8 gcc/native/3.4.1061/avr8-gnu-toolchain/bin/../lib/gcc/avr/4.8.1/avr5\libgcc.a(_udivmodsi4.o)
 .text.libgcc.fmul
                0x00000000        0x0 c:/program files (x86)/atmel/atmel toolchain/avr8 gcc/native/3.4.1061/avr8-gnu-toolchain/bin/../lib/gcc/avr/4.8.1/avr5\libgcc.a(_udivmodsi4.o)
 .text.libgcc.fixed
                0x00000000        0x0 c:/program files (x86)/atmel/atmel toolchain/avr8 gcc/native/3.4.1061/avr8-gnu-toolchain/bin/../lib/gcc/avr/4.8.1/avr5\libgcc.a(_udivmodsi4.o)
 .text          0x00000000        0x0 c:/program files (x86)/atmel/atmel toolchain/avr8 gcc/native/3.4.1061/avr8-gnu-toolchain/bin/../lib/gcc/avr/4.8.1/avr5\libgcc.a(_exit.o)
 .data          0x00000000        0x0 c:/program files (x86)/atmel/atmel toolchain/avr8 gcc/native/3.4.1061/avr8-gnu-toolchain/bin/../lib/gcc/avr/4.8.1/avr5\libgcc.a(_exit.o)
 .bss           0x00000000        0x0 c:/program files (x86)/atmel/atmel toolchain/avr8 gcc/native/3.4.1061/avr8-gnu-toolchain/bin/../lib/gcc/avr/4.8.1/avr5\libgcc.a(_exit.o)
 .text.libgcc.mul
                0x00000000        0x0 c:/program files (x86)/atmel/atmel toolchain/avr8 gcc/native/3.4.1061/avr8-gnu-toolchain/bin/../lib/gcc/avr/4.8.1/avr5\libgcc.a(_exit.o)
 .text.libgcc.div
                0x00000000        0x0 c:/program files (x86)/atmel/atmel toolchain/avr8 gcc/native/3.4.1061/avr8-gnu-toolchain/bin/../lib/gcc/avr/4.8.1/avr5\libgcc.a(_exit.o)
 .text.libgcc   0x00000000        0x0 c:/program files (x86)/atmel/atmel toolchain/avr8 gcc/native/3.4.1061/avr8-gnu-toolchain/bin/../lib/gcc/avr/4.8.1/avr5\libgcc.a(_exit.o)
 .text.libgcc.prologue
                0x00000000        0x0 c:/program files (x86)/atmel/atmel toolchain/avr8 gcc/native/3.4.1061/avr8-gnu-toolchain/bin/../lib/gcc/avr/4.8.1/avr5\libgcc.a(_exit.o)
 .text.libgcc.builtins
                0x00000000        0x0 c:/program files (x86)/atmel/atmel toolchain/avr8 gcc/native/3.4.1061/avr8-gnu-toolchain/bin/../lib/gcc/avr/4.8.1/avr5\libgcc.a(_exit.o)
 .text.libgcc.fmul
                0x00000000        0x0 c:/program files (x86)/atmel/atmel toolchain/avr8 gcc/native/3.4.1061/avr8-gnu-toolchain/bin/../lib/gcc/avr/4.8.1/avr5\libgcc.a(_exit.o)
 .text.libgcc.fixed
                0x00000000        0x0 c:/program files (x86)/atmel/atmel toolchain/avr8 gcc/native/3.4.1061/avr8-gnu-toolchain/bin/../lib/gcc/avr/4.8.1/avr5\libgcc.a(_exit.o)
 .text          0x00000000        0x0 c:/program files (x86)/atmel/atmel toolchain/avr8 gcc/native/3.4.1061/avr8-gnu-toolchain/bin/../lib/gcc/avr/4.8.1/avr5\libgcc.a(_tablejump.o)
 .data          0x00000000        0x0 c:/program files (x86)/atmel/atmel toolchain/avr8 gcc/native/3.4.1061/avr8-gnu-toolchain/bin/../lib/gcc/avr/4.8.1/avr5\libgcc.a(_tablejump.o)
 .bss           0x00000000        0x0 c:/program files (x86)/atmel/atmel toolchain/avr8 gcc/native/3.4.1061/avr8-gnu-toolchain/bin/../lib/gcc/avr/4.8.1/avr5\libgcc.a(_tablejump.o)
 .text.libgcc.mul
                0x00000000        0x0 c:/program files (x86)/atmel/atmel toolchain/avr8 gcc/native/3.4.1061/avr8-gnu-toolchain/bin/../lib/gcc/avr/4.8.1/avr5\libgcc.a(_tablejump.o)
 .text.libgcc.div
                0x00000000        0x0 c:/program files (x86)/atmel/atmel toolchain/avr8 gcc/native/3.4.1061/avr8-gnu-toolchain/bin/../lib/gcc/avr/4.8.1/avr5\libgcc.a(_tablejump.o)
 .text.libgcc.prologue
                0x00000000        0x0 c:/program files (x86)/atmel/atmel toolchain/avr8 gcc/native/3.4.1061/avr8-gnu-toolchain/bin/../lib/gcc/avr/4.8.1/avr5\libgcc.a(_tablejump.o)
 .text.libgcc.builtins
                0x00000000        0x0 c:/program files (x86)/atmel/atmel toolchain/avr8 gcc/native/3.4.1061/avr8-gnu-toolchain/bin/../lib/gcc/avr/4.8.1/avr5\libgcc.a(_tablejump.o)
 .text.libgcc.fmul
                0x00000000        0x0 c:/program files (x86)/atmel/atmel toolchain/avr8 gcc/native/3.4.1061/avr8-gnu-toolchain/bin/../lib/gcc/avr/4.8.1/avr5\libgcc.a(_tablejump.o)
 .text.libgcc.fixed
                0x00000000        0x0 c:/program files (x86)/atmel/atmel toolchain/avr8 gcc/native/3.4.1061/avr8-gnu-toolchain/bin/../lib/gcc/avr/4.8.1/avr5\libgcc.a(_tablejump.o)
 .text          0x00000000        0x0 c:/program files (x86)/atmel/atmel toolchain/avr8 gcc/native/3.4.1061/avr8-gnu-toolchain/bin/../lib/gcc/avr/4.8.1/avr5\libgcc.a(_copy_data.o)
 .data          0x00000000        0x0 c:/program files (x86)/atmel/atmel toolchain/avr8 gcc/native/3.4.1061/avr8-gnu-toolchain/bin/../lib/gcc/avr/4.8.1/avr5\libgcc.a(_copy_data.o)
 .bss           0x00000000        0x0 c:/program files (x86)/atmel/atmel toolchain/avr8 gcc/native/3.4.1061/avr8-gnu-toolchain/bin/../lib/gcc/avr/4.8.1/avr5\libgcc.a(_copy_data.o)
 .text.libgcc.mul
                0x00000000        0x0 c:/program files (x86)/atmel/atmel toolchain/avr8 gcc/native/3.4.1061/avr8-gnu-toolchain/bin/../lib/gcc/avr/4.8.1/avr5\libgcc.a(_copy_data.o)
 .text.libgcc.div
                0x00000000        0x0 c:/program files (x86)/atmel/atmel toolchain/avr8 gcc/native/3.4.1061/avr8-gnu-toolchain/bin/../lib/gcc/avr/4.8.1/avr5\libgcc.a(_copy_data.o)
 .text.libgcc   0x00000000        0x0 c:/program files (x86)/atmel/atmel toolchain/avr8 gcc/native/3.4.1061/avr8-gnu-toolchain/bin/../lib/gcc/avr/4.8.1/avr5\libgcc.a(_copy_data.o)
 .text.libgcc.prologue
                0x00000000        0x0 c:/program files (x86)/atmel/atmel toolchain/avr8 gcc/native/3.4.1061/avr8-gnu-toolchain/bin/../lib/gcc/avr/4.8.1/avr5\libgcc.a(_copy_data.o)
 .text.libgcc.builtins
                0x00000000        0x0 c:/program files (x86)/atmel/atmel toolchain/avr8 gcc/native/3.4.1061/avr8-gnu-toolchain/bin/../lib/gcc/avr/4.8.1/avr5\libgcc.a(_copy_data.o)
 .text.libgcc.fmul
                0x00000000        0x0 c:/program files (x86)/atmel/atmel toolchain/avr8 gcc/native/3.4.1061/avr8-gnu-toolchain/bin/../lib/gcc/avr/4.8.1/avr5\libgcc.a(_copy_data.o)
 .text.libgcc.fixed
                0x00000000        0x0 c:/program files (x86)/atmel/atmel toolchain/avr8 gcc/native/3.4.1061/avr8-gnu-toolchain/bin/../lib/gcc/avr/4.8.1/avr5\libgcc.a(_copy_data.o)
 .text          0x00000000        0x0 c:/program files (x86)/atmel/atmel toolchain/avr8 gcc/native/3.4.1061/avr8-gnu-toolchain/bin/../lib/gcc/avr/4.8.1/avr5\libgcc.a(_clear_bss.o)
 .data          0x00000000        0x0 c:/program files (x86)/atmel/atmel toolchain/avr8 gcc/native/3.4.1061/avr8-gnu-toolchain/bin/../lib/gcc/avr/4.8.1/avr5\libgcc.a(_clear_bss.o)
 .bss           0x00000000        0x0 c:/program files (x86)/atmel/atmel toolchain/avr8 gcc/native/3.4.1061/avr8-gnu-toolchain/bin/../lib/gcc/avr/4.8.1/avr5\libgcc.a(_clear_bss.o)
 .text.libgcc.mul
                0x00000000        0x0 c:/program files (x86)/atmel/atmel toolchain/avr8 gcc/native/3.4.1061/avr8-gnu-toolchain/bin/../lib/gcc/avr/4.8.1/avr5\libgcc.a(_clear_bss.o)
 .text.libgcc.div
                0x00000000        0x0 c:/program files (x86)/atmel/atmel toolchain/avr8 gcc/native/3.4.1061/avr8-gnu-toolchain/bin/../lib/gcc/avr/4.8.1/avr5\libgcc.a(_clear_bss.o)
 .text.libgcc   0x00000000        0x0 c:/program files (x86)/atmel/atmel toolchain/avr8 gcc/native/3.4.1061/avr8-gnu-toolchain/bin/../lib/gcc/avr/4.8.1/avr5\libgcc.a(_clear_bss.o)
 .text.libgcc.prologue
                0x00000000        0x0 c:/program files (x86)/atmel/atmel toolchain/avr8 gcc/native/3.4.1061/avr8-gnu-toolchain/bin/../lib/gcc/avr/4.8.1/avr5\libgcc.a(_clear_bss.o)
 .text.libgcc.builtins
                0x00000000        0x0 c:/program files (x86)/atmel/atmel toolchain/avr8 gcc/native/3.4.1061/avr8-gnu-toolchain/bin/../lib/gcc/avr/4.8.1/avr5\libgcc.a(_clear_bss.o)
 .text.libgcc.fmul
                0x00000000        0x0 c:/program files (x86)/atmel/atmel toolchain/avr8 gcc/native/3.4.1061/avr8-gnu-toolchain/bin/../lib/gcc/avr/4.8.1/avr5\libgcc.a(_clear_bss.o)
 .text.libgcc.fixed
                0x00000000        0x0 c:/program files (x86)/atmel/atmel toolchain/avr8 gcc/native/3.4.1061/avr8-gnu-toolchain/bin/../lib/gcc/avr/4.8.1/avr5\libgcc.a(_clear_bss.o)
 .text          0x00000000        0x0 c:/program files (x86)/atmel/atmel toolchain/avr8 gcc/native/3.4.1061/avr8-gnu-toolchain/bin/../lib/gcc/avr/4.8.1/avr5\libgcc.a(_udivmodhi4.o)
 .data          0x00000000        0x0 c:/program files (x86)/atmel/atmel toolchain/avr8 gcc/native/3.4.1061/avr8-gnu-toolchain/bin/../lib/gcc/avr/4.8.1/avr5\libgcc.a(_udivmodhi4.o)
 .bss           0x00000000        0x0 c:/program files (x86)/atmel/atmel toolchain/avr8 gcc/native/3.4.1061/avr8-gnu-toolchain/bin/../lib/gcc/avr/4.8.1/avr5\libgcc.a(_udivmodhi4.o)
 .text.libgcc.mul
                0x00000000        0x0 c:/program files (x86)/atmel/atmel toolchain/avr8 gcc/native/3.4.1061/avr8-gnu-toolchain/bin/../lib/gcc/avr/4.8.1/avr5\libgcc.a(_udivmodhi4.o)
 .text.libgcc   0x00000000        0x0 c:/program files (x86)/atmel/atmel toolchain/avr8 gcc/native/3.4.1061/avr8-gnu-toolchain/bin/../lib/gcc/avr/4.8.1/avr5\libgcc.a(_udivmodhi4.o)
 .text.libgcc.prologue
                0x00000000        0x0 c:/program files (x86)/atmel/atmel toolchain/avr8 gcc/native/3.4.1061/avr8-gnu-toolchain/bin/../lib/gcc/avr/4.8.1/avr5\libgcc.a(_udivmodhi4.o)
 .text.libgcc.builtins
                0x00000000        0x0 c:/program files (x86)/atmel/atmel toolchain/avr8 gcc/native/3.4.1061/avr8-gnu-toolchain/bin/../lib/gcc/avr/4.8.1/avr5\libgcc.a(_udivmodhi4.o)
 .text.libgcc.fmul
                0x00000000        0x0 c:/program files (x86)/atmel/atmel toolchain/avr8 gcc/native/3.4.1061/avr8-gnu-toolchain/bin/../lib/gcc/avr/4.8.1/avr5\libgcc.a(_udivmodhi4.o)
 .text.libgcc.fixed
                0x00000000        0x0 c:/program files (x86)/atmel/atmel toolchain/avr8 gcc/native/3.4.1061/avr8-gnu-toolchain/bin/../lib/gcc/avr/4.8.1/avr5\libgcc.a(_udivmodhi4.o)
 .text          0x00000000        0x0 c:/program files (x86)/atmel/atmel toolchain/avr8 gcc/native/3.4.1061/avr8-gnu-toolchain/bin/../lib/gcc/avr/4.8.1/../../../../avr/lib/avr5\libc.a(eerd_byte_atmega168pa.o)
 .data          0x00000000        0x0 c:/program files (x86)/atmel/atmel toolchain/avr8 gcc/native/3.4.1061/avr8-gnu-toolchain/bin/../lib/gcc/avr/4.8.1/../../../../avr/lib/avr5\libc.a(eerd_byte_atmega168pa.o)
 .bss           0x00000000        0x0 c:/program files (x86)/atmel/atmel toolchain/avr8 gcc/native/3.4.1061/avr8-gnu-toolchain/bin/../lib/gcc/avr/4.8.1/../../../../avr/lib/avr5\libc.a(eerd_byte_atmega168pa.o)
 .text          0x00000000        0x0 c:/program files (x86)/atmel/atmel toolchain/avr8 gcc/native/3.4.1061/avr8-gnu-toolchain/bin/../lib/gcc/avr/4.8.1/../../../../avr/lib/avr5\libc.a(eewr_byte_atmega168pa.o)
 .data          0x00000000        0x0 c:/program files (x86)/atmel/atmel toolchain/avr8 gcc/native/3.4.1061/avr8-gnu-toolchain/bin/../lib/gcc/avr/4.8.1/../../../../avr/lib/avr5\libc.a(eewr_byte_atmega168pa.o)
 .bss           0x00000000        0x0 c:/program files (x86)/atmel/atmel toolchain/avr8 gcc/native/3.4.1061/avr8-gnu-toolchain/bin/../lib/gcc/avr/4.8.1/../../../../avr/lib/avr5\libc.a(eewr_byte_atmega168pa.o)

Memory Configuration

Name             Origin             Length             Attributes
text             0x00000000         0x00020000         xr
data             0x00800060         0x0000ffa0         rw !x
eeprom           0x00810000         0x00010000         rw !x
fuse             0x00820000         0x00000400         rw !x
lock             0x00830000         0x00000400         rw !x
signature        0x00840000         0x00000400         rw !x
user_signatures  0x00850000         0x00000400         rw !x
*default*        0x00000000         0xffffffff

Linker script and memory map

Address of section .data set to 0x800100
LOAD c:/program files (x86)/atmel/atmel toolchain/avr8 gcc/native/3.4.1061/avr8-gnu-toolchain/bin/../lib/gcc/avr/4.8.1/../../../../avr/lib/avr5/crtm168pa.o
LOAD src/command.o
LOAD src/key.o
LOAD src/led.o
LOAD src/main.o
LOAD src/manager.o
LOAD src/remote.o
LOAD src/status.o
LOAD src/timer.o
LOAD src/Title.o
LOAD src/usart.o
START GROUP
END GROUP
START GROUP
LOAD c:/program files (x86)/atmel/atmel toolchain/avr8 gcc/native/3.4.1061/avr8-gnu-toolchain/bin/../lib/gcc/avr/4.8.1/avr5\libgcc.a
LOAD c:/program files (x86)/atmel/atmel toolchain/avr8 gcc/native/3.4.1061/avr8-gnu-toolchain/bin/../lib/gcc/avr/4.8.1/../../../../avr/lib/avr5\libm.a
LOAD c:/program files (x86)/atmel/atmel toolchain/avr8 gcc/native/3.4.1061/avr8-gnu-toolchain/bin/../lib/gcc/avr/4.8.1/../../../../avr/lib/avr5\libc.a
END GROUP

.hash
 *(.hash)

.dynsym
 *(.dynsym)

.dynstr
 *(.dynstr)

.gnu.version
 *(.gnu.version)

.gnu.version_d
 *(.gnu.version_d)

.gnu.version_r
 *(.gnu.version_r)

.rel.init
 *(.rel.init)

.rela.init
 *(.rela.init)

.rel.text
 *(.rel.text)
 *(.rel.text.*)
 *(.rel.gnu.linkonce.t*)

.rela.text
 *(.rela.text)
 *(.rela.text.*)
 *(.rela.gnu.linkonce.t*)

.rel.fini
 *(.rel.fini)

.rela.fini
 *(.rela.fini)

.rel.rodata
 *(.rel.rodata)
 *(.rel.rodata.*)
 *(.rel.gnu.linkonce.r*)

.rela.rodata
 *(.rela.rodata)
 *(.rela.rodata.*)
 *(.rela.gnu.linkonce.r*)

.rel.data
 *(.rel.data)
 *(.rel.data.*)
 *(.rel.gnu.linkonce.d*)

.rela.data
 *(.rela.data)
 *(.rela.data.*)
 *(.rela.gnu.linkonce.d*)

.rel.ctors
 *(.rel.ctors)

.rela.ctors
 *(.rela.ctors)

.rel.dtors
 *(.rel.dtors)

.rela.dtors
 *(.rela.dtors)

.rel.got
 *(.rel.got)

.rela.got
 *(.rela.got)

.rel.bss
 *(.rel.bss)

.rela.bss
 *(.rela.bss)

.rel.plt
 *(.rel.plt)

.rela.plt
 *(.rela.plt)

.text           0x00000000     0x3092
 *(.vectors)
 .vectors       0x00000000       0x68 c:/program files (x86)/atmel/atmel toolchain/avr8 gcc/native/3.4.1061/avr8-gnu-toolchain/bin/../lib/gcc/avr/4.8.1/../../../../avr/lib/avr5/crtm168pa.o
                0x00000000                __vector_default
                0x00000000                __vectors
 *(.vectors)
 *(.progmem.gcc*)
 .progmem.gcc_sw_table.CMessageHandle
                0x00000068       0x28 src/manager.o
                0x00000090                . = ALIGN (0x2)
                0x00000090                __trampolines_start = .
 *(.trampolines)
 .trampolines   0x00000090        0x0 linker stubs
 *(.trampolines*)
                0x00000090                __trampolines_end = .
 *(.progmem*)
                0x00000090                . = ALIGN (0x2)
 *(.jumptables)
 *(.jumptables*)
 *(.lowtext)
 *(.lowtext*)
                0x00000090                __ctors_start = .
 *(.ctors)
                0x00000090                __ctors_end = .
                0x00000090                __dtors_start = .
 *(.dtors)
                0x00000090                __dtors_end = .
 SORT(*)(.ctors)
 SORT(*)(.dtors)
 *(.init0)
 .init0         0x00000090        0x0 c:/program files (x86)/atmel/atmel toolchain/avr8 gcc/native/3.4.1061/avr8-gnu-toolchain/bin/../lib/gcc/avr/4.8.1/../../../../avr/lib/avr5/crtm168pa.o
                0x00000090                __init
 *(.init0)
 *(.init1)
 *(.init1)
 *(.init2)
 .init2         0x00000090        0xc c:/program files (x86)/atmel/atmel toolchain/avr8 gcc/native/3.4.1061/avr8-gnu-toolchain/bin/../lib/gcc/avr/4.8.1/../../../../avr/lib/avr5/crtm168pa.o
 *(.init2)
 *(.init3)
 *(.init3)
 *(.init4)
 .init4         0x0000009c       0x16 c:/program files (x86)/atmel/atmel toolchain/avr8 gcc/native/3.4.1061/avr8-gnu-toolchain/bin/../lib/gcc/avr/4.8.1/avr5\libgcc.a(_copy_data.o)
                0x0000009c                __do_copy_data
 .init4         0x000000b2       0x10 c:/program files (x86)/atmel/atmel toolchain/avr8 gcc/native/3.4.1061/avr8-gnu-toolchain/bin/../lib/gcc/avr/4.8.1/avr5\libgcc.a(_clear_bss.o)
                0x000000b2                __do_clear_bss
 *(.init4)
 *(.init5)
 *(.init5)
 *(.init6)
 *(.init6)
 *(.init7)
 *(.init7)
 *(.init8)
 *(.init8)
 *(.init9)
 .init9         0x000000c2        0x8 c:/program files (x86)/atmel/atmel toolchain/avr8 gcc/native/3.4.1061/avr8-gnu-toolchain/bin/../lib/gcc/avr/4.8.1/../../../../avr/lib/avr5/crtm168pa.o
 *(.init9)
 *(.text)
 .text          0x000000ca        0x4 c:/program files (x86)/atmel/atmel toolchain/avr8 gcc/native/3.4.1061/avr8-gnu-toolchain/bin/../lib/gcc/avr/4.8.1/../../../../avr/lib/avr5/crtm168pa.o
                0x000000ca                __vector_22
                0x000000ca                __vector_1
                0x000000ca                __vector_24
                0x000000ca                __vector_12
                0x000000ca                __bad_interrupt
                0x000000ca                __vector_6
                0x000000ca                __vector_3
                0x000000ca                __vector_23
                0x000000ca                __vector_25
                0x000000ca                __vector_11
                0x000000ca                __vector_17
                0x000000ca                __vector_19
                0x000000ca                __vector_7
                0x000000ca                __vector_5
                0x000000ca                __vector_4
                0x000000ca                __vector_9
                0x000000ca                __vector_2
                0x000000ca                __vector_21
                0x000000ca                __vector_15
                0x000000ca                __vector_8
                0x000000ca                __vector_14
                0x000000ca                __vector_10
                0x000000ca                __vector_16
                0x000000ca                __vector_20
                0x000000ce                . = ALIGN (0x2)
 *(.text.*)
 .text.CAM_SetZoomStop
                0x000000ce       0x38 src/command.o
                0x000000ce                CAM_SetZoomStop
 .text.CAM_SetZoomVTele
                0x00000106       0x38 src/command.o
                0x00000106                CAM_SetZoomVTele
 .text.CAM_SetZoomVWide
                0x0000013e       0x38 src/command.o
                0x0000013e                CAM_SetZoomVWide
 .text.CAM_SetZoomDirect
                0x00000176       0xa0 src/command.o
                0x00000176                CAM_SetZoomDirect
 .text.CAM_SetDZoomOn
                0x00000216       0x38 src/command.o
                0x00000216                CAM_SetDZoomOn
 .text.CAM_SetStopFocus
                0x0000024e       0x38 src/command.o
                0x0000024e                CAM_SetStopFocus
 .text.CAM_SetSFarFocus
                0x00000286       0x38 src/command.o
                0x00000286                CAM_SetSFarFocus
 .text.CAM_SetSNearFocus
                0x000002be       0x38 src/command.o
                0x000002be                CAM_SetSNearFocus
 .text.CAM_SetAutoFocus
                0x000002f6       0x3c src/command.o
                0x000002f6                CAM_SetAutoFocus
 .text.CAM_SetManualFocus
                0x00000332       0x40 src/command.o
                0x00000332                CAM_SetManualFocus
 .text.CAM_SetNormalAF
                0x00000372       0x38 src/command.o
                0x00000372                CAM_SetNormalAF
 .text.CAM_SetWBATW
                0x000003aa       0x38 src/command.o
                0x000003aa                CAM_SetWBATW
 .text.CAM_SetWBMaunal
                0x000003e2       0x38 src/command.o
                0x000003e2                CAM_SetWBMaunal
 .text.CAM_SetRGainDirect
                0x0000041a       0x4a src/command.o
                0x0000041a                CAM_SetRGainDirect
 .text.CAM_SetBGainDirect
                0x00000464       0x4a src/command.o
                0x00000464                CAM_SetBGainDirect
 .text.CAM_SetApertureReset
                0x000004ae       0x38 src/command.o
                0x000004ae                CAM_SetApertureReset
 .text.CAM_SetApertureDirect
                0x000004e6       0x4e src/command.o
                0x000004e6                CAM_SetApertureDirect
 .text.CAM_SetFreezeOn
                0x00000534       0x38 src/command.o
                0x00000534                CAM_SetFreezeOn
 .text.CAM_SetFreezeOff
                0x0000056c       0x38 src/command.o
                0x0000056c                CAM_SetFreezeOff
 .text.CAM_SetPicEffectOff
                0x000005a4       0x38 src/command.o
                0x000005a4                CAM_SetPicEffectOff
 .text.CAM_SetPicEffectBW
                0x000005dc       0x38 src/command.o
                0x000005dc                CAM_SetPicEffectBW
 .text.CAM_SetFlipOn
                0x00000614       0x38 src/command.o
                0x00000614                CAM_SetFlipOn
 .text.CAM_SetFlipOff
                0x0000064c       0x38 src/command.o
                0x0000064c                CAM_SetFlipOff
 .text.CAM_SetMirrorOn
                0x00000684       0x38 src/command.o
                0x00000684                CAM_SetMirrorOn
 .text.CAM_SetMirrorOff
                0x000006bc       0x38 src/command.o
                0x000006bc                CAM_SetMirrorOff
 .text.CAM_SetCustomSet
                0x000006f4       0x38 src/command.o
                0x000006f4                CAM_SetCustomSet
 .text.CAM_SetTitleSet1
                0x0000072c       0x8e src/command.o
                0x0000072c                CAM_SetTitleSet1
 .text.CAM_SetTitleSet2
                0x000007ba       0xa8 src/command.o
                0x000007ba                CAM_SetTitleSet2
 .text.CAM_SetTitleSet3
                0x00000862       0xa8 src/command.o
                0x00000862                CAM_SetTitleSet3
 .text.CAM_SetTitleClear
                0x0000090a       0x74 src/command.o
                0x0000090a                CAM_SetTitleClear
 .text.CAM_SetTitleOn
                0x0000097e       0x74 src/command.o
                0x0000097e                CAM_SetTitleOn
 .text.CAM_SetSAVEAVOn
                0x000009f2       0x38 src/command.o
                0x000009f2                CAM_SetSAVEAVOn
 .text.CAM_InqZoomPos
                0x00000a2a       0x38 src/command.o
                0x00000a2a                CAM_InqZoomPos
 .text.CAM_InqFocusPos
                0x00000a62       0x38 src/command.o
                0x00000a62                CAM_InqFocusPos
 .text.CAM_InqRGain
                0x00000a9a       0x38 src/command.o
                0x00000a9a                CAM_InqRGain
 .text.CAM_InqBGain
                0x00000ad2       0x38 src/command.o
                0x00000ad2                CAM_InqBGain
 .text.CAM_InqID
                0x00000b0a       0x38 src/command.o
                0x00000b0a                CAM_InqID
 .text.CAM_InqVersion
                0x00000b42       0x38 src/command.o
                0x00000b42                CAM_InqVersion
 .text.GetCameraId
                0x00000b7a       0x52 src/command.o
                0x00000b7a                GetCameraId
 .text.GetZoomPos
                0x00000bcc       0x4a src/command.o
                0x00000bcc                GetZoomPos
 .text.GetFocusPos
                0x00000c16       0x4a src/command.o
                0x00000c16                GetFocusPos
 .text.GetCameraVersion
                0x00000c60       0x14 src/command.o
                0x00000c60                GetCameraVersion
 .text.GetRGain
                0x00000c74       0x20 src/command.o
                0x00000c74                GetRGain
 .text.GetBGain
                0x00000c94       0x20 src/command.o
                0x00000c94                GetBGain
 .text.CommandInit
                0x00000cb4       0x6c src/command.o
                0x00000cb4                CommandInit
 .text.CommandLoadBuf
                0x00000d20       0x7e src/command.o
                0x00000d20                CommandLoadBuf
 .text.GetInquiryResult
                0x00000d9e       0x36 src/command.o
                0x00000d9e                GetInquiryResult
 .text.CommandHandle
                0x00000dd4       0x2a src/command.o
                0x00000dd4                CommandHandle
 .text.CKeyScanReadyTimerEvent
                0x00000dfe        0xc src/key.o
                0x00000dfe                CKeyScanReadyTimerEvent
 .text.CKeyRepeatEnableTimerEvent
                0x00000e0a        0xc src/key.o
                0x00000e0a                CKeyRepeatEnableTimerEvent
 .text.KeyInit  0x00000e16       0x14 src/key.o
                0x00000e16                KeyInit
 .text.CKeyScan
                0x00000e2a       0x90 src/key.o
                0x00000e2a                CKeyScan
 .text.CKeyScanReady
                0x00000eba       0x36 src/key.o
                0x00000eba                CKeyScanReady
 .text.CKeyMessageConvert
                0x00000ef0       0x46 src/key.o
                0x00000ef0                CKeyMessageConvert
 .text.CKeyMessageProc
                0x00000f36      0x106 src/key.o
                0x00000f36                CKeyMessageProc
 .text.CKeyHandle
                0x0000103c       0x58 src/key.o
                0x0000103c                CKeyHandle
 .text.LedInit  0x00001094        0x4 src/led.o
                0x00001094                LedInit
 .text.LedOn    0x00001098        0x4 src/led.o
                0x00001098                LedOn
 .text.LedOff   0x0000109c        0x4 src/led.o
                0x0000109c                LedOff
 .text.LedFlashing
                0x000010a0       0x44 src/led.o
                0x000010a0                LedFlashing
 .text.SystemInit
                0x000010e4       0x1e src/main.o
                0x000010e4                SystemInit
 .text.PowerDetect
                0x00001102       0x34 src/main.o
                0x00001102                PowerDetect
 .text.main     0x00001136       0x6a src/main.o
                0x00001136                main
 .text.IsInTheTable
                0x000011a0       0x36 src/manager.o
                0x000011a0                IsInTheTable
 .text.GetCamType
                0x000011d6       0x70 src/manager.o
                0x000011d6                GetCamType
 .text.InitFlashDelay
                0x00001246       0x46 src/manager.o
                0x00001246                InitFlashDelay
 .text.InitCamera
                0x0000128c      0x224 src/manager.o
                0x0000128c                InitCamera
 .text.GetXRateByPos
                0x000014b0       0xa2 src/manager.o
                0x000014b0                GetXRateByPos
 .text.ProcessAF
                0x00001552      0x10e src/manager.o
                0x00001552                ProcessAF
 .text.ProcessDisplay
                0x00001660       0x92 src/manager.o
                0x00001660                ProcessDisplay
 .text.ProcessWide
                0x000016f2      0x10c src/manager.o
                0x000016f2                ProcessWide
 .text.ProcessTele
                0x000017fe      0x10c src/manager.o
                0x000017fe                ProcessTele
 .text.ProcessAutoWB
                0x0000190a       0x96 src/manager.o
                0x0000190a                ProcessAutoWB
 .text.ProcessManualWB
                0x000019a0       0x9a src/manager.o
                0x000019a0                ProcessManualWB
 .text.ProcessSwitchRB
                0x00001a3a       0x54 src/manager.o
                0x00001a3a                ProcessSwitchRB
 .text.CReleaseKeyMessageHandle
                0x00001a8e      0x26c src/manager.o
                0x00001a8e                CReleaseKeyMessageHandle
 .text.WhiteBalanceHandle
                0x00001cfa       0x50 src/manager.o
                0x00001cfa                WhiteBalanceHandle
 .text.SetWhiteModeNormal
                0x00001d4a       0x20 src/manager.o
                0x00001d4a                SetWhiteModeNormal
 .text.SetWhiteModeFA
                0x00001d6a       0x1e src/manager.o
                0x00001d6a                SetWhiteModeFA
 .text.SetWhiteModeFB
                0x00001d88       0x20 src/manager.o
                0x00001d88                SetWhiteModeFB
 .text.SetFilterG1
                0x00001da8       0x3a src/manager.o
                0x00001da8                SetFilterG1
 .text.SetFilterG2
                0x00001de2       0x3c src/manager.o
                0x00001de2                SetFilterG2
 .text.SetFilterG3
                0x00001e1e       0x3c src/manager.o
                0x00001e1e                SetFilterG3
 .text.SaveRBGainValue
                0x00001e5a       0x78 src/manager.o
                0x00001e5a                SaveRBGainValue
 .text.ProcessFreeze
                0x00001ed2       0x3c src/manager.o
                0x00001ed2                ProcessFreeze
 .text.UnSaveRBGainValue
                0x00001f0e       0x64 src/manager.o
                0x00001f0e                UnSaveRBGainValue
 .text.ProcessWhite
                0x00001f72       0x62 src/manager.o
                0x00001f72                ProcessWhite
 .text.ProcessFilter
                0x00001fd4       0x42 src/manager.o
                0x00001fd4                ProcessFilter
 .text.SetMirrorOn
                0x00002016       0x5c src/manager.o
                0x00002016                SetMirrorOn
 .text.SetMirrorOff
                0x00002072       0x5a src/manager.o
                0x00002072                SetMirrorOff
 .text.SetFlipOn
                0x000020cc       0x5a src/manager.o
                0x000020cc                SetFlipOn
 .text.SetFlipOff
                0x00002126       0x5a src/manager.o
                0x00002126                SetFlipOff
 .text.ProcessEM
                0x00002180       0x40 src/manager.o
                0x00002180                ProcessEM
 .text.CMessageHandle
                0x000021c0       0xa2 src/manager.o
                0x000021c0                CMessageHandle
 .text.CRemoteScanReadyTimerEvent
                0x00002262        0xc src/remote.o
                0x00002262                CRemoteScanReadyTimerEvent
 .text.CRemoteRepeatEnableTimerEvent
                0x0000226e        0xc src/remote.o
                0x0000226e                CRemoteRepeatEnableTimerEvent
 .text.RemoteInit
                0x0000227a        0xc src/remote.o
                0x0000227a                RemoteInit
 .text.CRemoteScanReady
                0x00002286       0x36 src/remote.o
                0x00002286                CRemoteScanReady
 .text.CRemoteScan
                0x000022bc       0x9a src/remote.o
                0x000022bc                CRemoteScan
 .text.CRemoteMessageConvert
                0x00002356       0x3e src/remote.o
                0x00002356                CRemoteMessageConvert
 .text.CRemoteMessageProc
                0x00002394       0x92 src/remote.o
                0x00002394                CRemoteMessageProc
 .text.CRemoteHandle
                0x00002426       0x42 src/remote.o
                0x00002426                CRemoteHandle
 .text.StatusInit
                0x00002468       0x50 src/status.o
                0x00002468                StatusInit
 .text.ProductInfoInit
                0x000024b8       0x52 src/status.o
                0x000024b8                ProductInfoInit
 .text.CTimerInit
                0x0000250a       0x26 src/timer.o
                0x0000250a                CTimerInit
 .text.CTimerHandle
                0x00002530       0x5e src/timer.o
                0x00002530                CTimerHandle
 .text.CTimerDecreaseTimerCnt
                0x0000258e       0x44 src/timer.o
                0x0000258e                CTimerDecreaseTimerCnt
 .text.__vector_13
                0x000025d2      0x162 src/timer.o
                0x000025d2                __vector_13
 .text.CTimerActiveTimerEvent
                0x00002734       0xc0 src/timer.o
                0x00002734                CTimerActiveTimerEvent
 .text.CTimerReactiveTimerEvent
                0x000027f4       0x70 src/timer.o
                0x000027f4                CTimerReactiveTimerEvent
 .text.CTimerCancelTimerEvent
                0x00002864       0x40 src/timer.o
                0x00002864                CTimerCancelTimerEvent
 .text.CTimerInitialTimerEvent
                0x000028a4       0x22 src/timer.o
                0x000028a4                CTimerInitialTimerEvent
 .text.SetTitle2
                0x000028c6      0x15a src/Title.o
                0x000028c6                SetTitle2
 .text.SetTitle3
                0x00002a20      0x23a src/Title.o
                0x00002a20                SetTitle3
 .text.TitleHandle
                0x00002c5a       0x3a src/Title.o
                0x00002c5a                TitleHandle
 .text.ShowProductInfo
                0x00002c94      0x206 src/Title.o
                0x00002c94                ShowProductInfo
 .text.__vector_18
                0x00002e9a       0xc8 src/usart.o
                0x00002e9a                __vector_18
 .text.USART_Init
                0x00002f62       0x16 src/usart.o
                0x00002f62                USART_Init
 .text.MY_USART_Init
                0x00002f78        0xa src/usart.o
                0x00002f78                MY_USART_Init
 .text.USART_SendUChar
                0x00002f82       0x10 src/usart.o
                0x00002f82                USART_SendUChar
 .text.USART_SendCmd
                0x00002f92       0x30 src/usart.o
                0x00002f92                USART_SendCmd
 .text.libgcc.div
                0x00002fc2       0x28 c:/program files (x86)/atmel/atmel toolchain/avr8 gcc/native/3.4.1061/avr8-gnu-toolchain/bin/../lib/gcc/avr/4.8.1/avr5\libgcc.a(_divmodhi4.o)
                0x00002fc2                _div
                0x00002fc2                __divmodhi4
 .text.libgcc.div
                0x00002fea       0x44 c:/program files (x86)/atmel/atmel toolchain/avr8 gcc/native/3.4.1061/avr8-gnu-toolchain/bin/../lib/gcc/avr/4.8.1/avr5\libgcc.a(_udivmodsi4.o)
                0x00002fea                __udivmodsi4
 .text.libgcc   0x0000302e        0xc c:/program files (x86)/atmel/atmel toolchain/avr8 gcc/native/3.4.1061/avr8-gnu-toolchain/bin/../lib/gcc/avr/4.8.1/avr5\libgcc.a(_tablejump.o)
                0x0000302e                __tablejump2__
                0x00003032                __tablejump__
 .text.libgcc.div
                0x0000303a       0x28 c:/program files (x86)/atmel/atmel toolchain/avr8 gcc/native/3.4.1061/avr8-gnu-toolchain/bin/../lib/gcc/avr/4.8.1/avr5\libgcc.a(_udivmodhi4.o)
                0x0000303a                __udivmodhi4
 .text.avr-libc
                0x00003062       0x10 c:/program files (x86)/atmel/atmel toolchain/avr8 gcc/native/3.4.1061/avr8-gnu-toolchain/bin/../lib/gcc/avr/4.8.1/../../../../avr/lib/avr5\libc.a(eerd_byte_atmega168pa.o)
                0x00003062                __eerd_byte_m168pa
 .text.avr-libc
                0x00003072       0x1c c:/program files (x86)/atmel/atmel toolchain/avr8 gcc/native/3.4.1061/avr8-gnu-toolchain/bin/../lib/gcc/avr/4.8.1/../../../../avr/lib/avr5\libc.a(eewr_byte_atmega168pa.o)
                0x00003072                __eewr_byte_m168pa
                0x00003074                __eewr_r18_m168pa
                0x0000308e                . = ALIGN (0x2)
 *(.fini9)
 .fini9         0x0000308e        0x0 c:/program files (x86)/atmel/atmel toolchain/avr8 gcc/native/3.4.1061/avr8-gnu-toolchain/bin/../lib/gcc/avr/4.8.1/avr5\libgcc.a(_exit.o)
                0x0000308e                _exit
                0x0000308e                exit
 *(.fini9)
 *(.fini8)
 *(.fini8)
 *(.fini7)
 *(.fini7)
 *(.fini6)
 *(.fini6)
 *(.fini5)
 *(.fini5)
 *(.fini4)
 *(.fini4)
 *(.fini3)
 *(.fini3)
 *(.fini2)
 *(.fini2)
 *(.fini1)
 *(.fini1)
 *(.fini0)
 .fini0         0x0000308e        0x4 c:/program files (x86)/atmel/atmel toolchain/avr8 gcc/native/3.4.1061/avr8-gnu-toolchain/bin/../lib/gcc/avr/4.8.1/avr5\libgcc.a(_exit.o)
 *(.fini0)
                0x00003092                _etext = .

.data           0x00800100      0x23c load address 0x00003092
                0x00800100                PROVIDE (__data_start, .)
 *(.data)
 *(.data*)
 .data.tCmd_VersionInq
                0x00800100        0x5 src/command.o
                0x00800100                tCmd_VersionInq
 .data.tCmd_IDInq
                0x00800105        0x5 src/command.o
                0x00800105                tCmd_IDInq
 .data.tCmd_BGainInq
                0x0080010a        0x5 src/command.o
                0x0080010a                tCmd_BGainInq
 .data.tCmd_RGainInq
                0x0080010f        0x5 src/command.o
                0x0080010f                tCmd_RGainInq
 .data.tCmd_FocusPosInq
                0x00800114        0x5 src/command.o
                0x00800114                tCmd_FocusPosInq
 .data.tCmd_ZoomPosInq
                0x00800119        0x5 src/command.o
                0x00800119                tCmd_ZoomPosInq
 .data.tCmd_SAVEAVOn
                0x0080011e        0x8 src/command.o
                0x0080011e                tCmd_SAVEAVOn
 .data.tCmd_TitleOn
                0x00800126        0x6 src/command.o
                0x00800126                tCmd_TitleOn
 .data.tCmd_TitleClear
                0x0080012c        0x6 src/command.o
                0x0080012c                tCmd_TitleClear
 .data.tCmd_TitleSet3
                0x00800132       0x10 src/command.o
                0x00800132                tCmd_TitleSet3
 .data.tCmd_TitleSet2
                0x00800142       0x10 src/command.o
                0x00800142                tCmd_TitleSet2
 .data.tCmd_TitleSet1
                0x00800152       0x10 src/command.o
                0x00800152                tCmd_TitleSet1
 .data.tCmd_TitleOn_480
                0x00800162        0x6 src/command.o
                0x00800162                tCmd_TitleOn_480
 .data.tCmd_TitleClear_480
                0x00800168        0x6 src/command.o
                0x00800168                tCmd_TitleClear_480
 .data.tCmd_TitleSet3_480
                0x0080016e       0x10 src/command.o
                0x0080016e                tCmd_TitleSet3_480
 .data.tCmd_TitleSet2_480
                0x0080017e       0x10 src/command.o
                0x0080017e                tCmd_TitleSet2_480
 .data.tCmd_TitleSet1_480
                0x0080018e       0x10 src/command.o
                0x0080018e                tCmd_TitleSet1_480
 .data.tCmd_Customset
                0x0080019e        0x7 src/command.o
                0x0080019e                tCmd_Customset
 .data.tCmd_MirrorOff
                0x008001a5        0x6 src/command.o
                0x008001a5                tCmd_MirrorOff
 .data.tCmd_MirrorOn
                0x008001ab        0x6 src/command.o
                0x008001ab                tCmd_MirrorOn
 .data.tCmd_FlipOff
                0x008001b1        0x6 src/command.o
                0x008001b1                tCmd_FlipOff
 .data.tCmd_FlipOn
                0x008001b7        0x6 src/command.o
                0x008001b7                tCmd_FlipOn
 .data.tCmd_PicEffectBW
                0x008001bd        0x6 src/command.o
                0x008001bd                tCmd_PicEffectBW
 .data.tCmd_PicEffectOff
                0x008001c3        0x6 src/command.o
                0x008001c3                tCmd_PicEffectOff
 .data.tCmd_FreezeOff
                0x008001c9        0x6 src/command.o
                0x008001c9                tCmd_FreezeOff
 .data.tCmd_FreezeOn
                0x008001cf        0x6 src/command.o
                0x008001cf                tCmd_FreezeOn
 .data.tCmd_ApertureDirect
                0x008001d5        0x9 src/command.o
                0x008001d5                tCmd_ApertureDirect
 .data.tCmd_ApertureReset
                0x008001de        0x6 src/command.o
                0x008001de                tCmd_ApertureReset
 .data.tCmd_BGainDirect
                0x008001e4        0x9 src/command.o
                0x008001e4                tCmd_BGainDirect
 .data.tCmd_RGainDirect
                0x008001ed        0x9 src/command.o
                0x008001ed                tCmd_RGainDirect
 .data.tCmd_WBManual
                0x008001f6        0x6 src/command.o
                0x008001f6                tCmd_WBManual
 .data.tCmd_WBATW
                0x008001fc        0x6 src/command.o
                0x008001fc                tCmd_WBATW
 .data.tCmd_NormalAF
                0x00800202        0x6 src/command.o
                0x00800202                tCmd_NormalAF
 .data.tCmd_ManualFocus
                0x00800208        0x6 src/command.o
                0x00800208                tCmd_ManualFocus
 .data.tCmd_AutoFocus
                0x0080020e        0x6 src/command.o
                0x0080020e                tCmd_AutoFocus
 .data.tCmd_FocusSNear
                0x00800214        0x6 src/command.o
                0x00800214                tCmd_FocusSNear
 .data.tCmd_FocusSFar
                0x0080021a        0x6 src/command.o
                0x0080021a                tCmd_FocusSFar
 .data.tCmd_StopFocus
                0x00800220        0x6 src/command.o
                0x00800220                tCmd_StopFocus
 .data.tCmd_DZoomOn
                0x00800226        0x6 src/command.o
                0x00800226                tCmd_DZoomOn
 .data.tCmd_ZoomDirect
                0x0080022c        0x9 src/command.o
                0x0080022c                tCmd_ZoomDirect
 .data.tCmd_ZoomVWide
                0x00800235        0x6 src/command.o
                0x00800235                tCmd_ZoomVWide
 .data.tCmd_ZoomVTele
                0x0080023b        0x6 src/command.o
                0x0080023b                tCmd_ZoomVTele
 .data.tCmd_ZoomStop
                0x00800241        0x6 src/command.o
                0x00800241                tCmd_ZoomStop
 .data.uiNumberTable
                0x00800247       0x10 src/Title.o
                0x00800247                uiNumberTable
 *(.rodata)
 .rodata        0x00800257        0xa src/Title.o
 *(.rodata*)
 .rodata.uiZoomRatioTable
                0x00800261       0xd0 src/command.o
                0x00800261                uiZoomRatioTable
 .rodata.t6300  0x00800331        0x2 src/manager.o
                0x00800331                t6300
 .rodata.t3310  0x00800333        0x2 src/manager.o
                0x00800333                t3310
 .rodata.t1020  0x00800335        0x2 src/manager.o
                0x00800335                t1020
 .rodata.t480   0x00800337        0x4 src/manager.o
                0x00800337                t480
 *(.gnu.linkonce.d*)
                0x0080033c                . = ALIGN (0x2)
 *fill*         0x0080033b        0x1 
                0x0080033c                _edata = .
                0x0080033c                PROVIDE (__data_end, .)

.bss            0x0080033c       0xcd
                0x0080033c                PROVIDE (__bss_start, .)
 *(.bss)
 *(.bss*)
 .bss.g_ucTeleKeyRelease
                0x0080033c        0x1 src/key.o
                0x0080033c                g_ucTeleKeyRelease
 .bss.g_ucTeleKeyPress
                0x0080033d        0x1 src/key.o
                0x0080033d                g_ucTeleKeyPress
 .bss.g_ucWideKeyRelease
                0x0080033e        0x1 src/key.o
                0x0080033e                g_ucWideKeyRelease
 .bss.g_ucWideKeyPress
                0x0080033f        0x1 src/key.o
                0x0080033f                g_ucWideKeyPress
 .bss.g_ucKeyStateCurr
                0x00800340        0x2 src/key.o
                0x00800340                g_ucKeyStateCurr
 .bss.g_ucKeyStatePrev
                0x00800342        0x2 src/key.o
                0x00800342                g_ucKeyStatePrev
 .bss.g_ucKeyMessage
                0x00800344        0x1 src/key.o
                0x00800344                g_ucKeyMessage
 .bss.g_ucKeyControl
                0x00800345        0x1 src/key.o
                0x00800345                g_ucKeyControl
 .bss.g_u8FocusGetMaxCount
                0x00800346        0x1 src/manager.o
                0x00800346                g_u8FocusGetMaxCount
 .bss.g_u16FocusEnding
                0x00800347        0x2 src/manager.o
                0x00800347                g_u16FocusEnding
 .bss.g_ucTeleRemoteRelease
                0x00800349        0x1 src/remote.o
                0x00800349                g_ucTeleRemoteRelease
 .bss.g_ucTeleRemotePress
                0x0080034a        0x1 src/remote.o
                0x0080034a                g_ucTeleRemotePress
 .bss.g_ucWideRemoteRelease
                0x0080034b        0x1 src/remote.o
                0x0080034b                g_ucWideRemoteRelease
 .bss.g_ucWideRemotePress
                0x0080034c        0x1 src/remote.o
                0x0080034c                g_ucWideRemotePress
 .bss.g_ucRemoteStatePrev
                0x0080034d        0x1 src/remote.o
                0x0080034d                g_ucRemoteStatePrev
 .bss.g_ucRemoteMessage
                0x0080034e        0x1 src/remote.o
                0x0080034e                g_ucRemoteMessage
 .bss.g_ucRemoteControl
                0x0080034f        0x1 src/remote.o
                0x0080034f                g_ucRemoteControl
 .bss.g_ucRemoteStateCurr
                0x00800350        0x1 src/remote.o
                0x00800350                g_ucRemoteStateCurr
 .bss.g_ucSecondCnt
                0x00800351        0x1 src/timer.o
                0x00800351                g_ucSecondCnt
 .bss.g_ucMinuteCnt
                0x00800352        0x1 src/timer.o
                0x00800352                g_ucMinuteCnt
 .bss.g_bTimerChange
                0x00800353        0x1 src/timer.o
                0x00800353                g_bTimerChange
 .bss.g_bTimer1Ctrl
                0x00800354        0x1 src/timer.o
                0x00800354                g_bTimer1Ctrl
 .bss.g_ucTimer1Cnt
                0x00800355        0x4 src/timer.o
                0x00800355                g_ucTimer1Cnt
 .bss.ucSecondCnt.2479
                0x00800359        0x1 src/Title.o
 .bss.ucMinuteCnt.2478
                0x0080035a        0x1 src/Title.o
 .bss.g_bTitle2Change
                0x0080035b        0x1 src/Title.o
                0x0080035b                g_bTitle2Change
 .bss.g_bTitle1Change
                0x0080035c        0x1 src/Title.o
                0x0080035c                g_bTitle1Change
 .bss.ReplyLength
                0x0080035d        0x1 src/usart.o
                0x0080035d                ReplyLength
 .bss.ReplyHeadFoundA
                0x0080035e        0x1 src/usart.o
                0x0080035e                ReplyHeadFoundA
 *(COMMON)
 COMMON         0x0080035f       0x2e src/command.o
                0x0080035f                g_stCameraCmd
 COMMON         0x0080038d       0x31 src/status.o
                0x0080038d                g_stStatusCmd
                0x008003b2                g_stProductInfo
 COMMON         0x008003be       0x2a src/timer.o
                0x008003be                g_stTimerEvent
 COMMON         0x008003e8       0x21 src/usart.o
                0x008003e8                ReplyBuf
                0x00800408                rev_data
                0x00800409                PROVIDE (__bss_end, .)
                0x00003092                __data_load_start = LOADADDR (.data)
                0x000032ce                __data_load_end = (__data_load_start + SIZEOF (.data))

.noinit         0x00800409        0x0
                0x00800409                PROVIDE (__noinit_start, .)
 *(.noinit*)
                0x00800409                PROVIDE (__noinit_end, .)
                0x00800409                _end = .
                0x00800409                PROVIDE (__heap_start, .)

.eeprom         0x00810000        0x0
 *(.eeprom*)
                0x00810000                __eeprom_end = .

.fuse
 *(.fuse)
 *(.lfuse)
 *(.hfuse)
 *(.efuse)

.lock
 *(.lock*)

.signature
 *(.signature*)

.user_signatures
 *(.user_signatures*)

.stab
 *(.stab)

.stabstr
 *(.stabstr)

.stab.excl
 *(.stab.excl)

.stab.exclstr
 *(.stab.exclstr)

.stab.index
 *(.stab.index)

.stab.indexstr
 *(.stab.indexstr)

.comment        0x00000000       0x30
 *(.comment)
 .comment       0x00000000       0x30 src/command.o
                                 0x31 (size before relaxing)
 .comment       0x00000000       0x31 src/key.o
 .comment       0x00000000       0x31 src/led.o
 .comment       0x00000000       0x31 src/main.o
 .comment       0x00000000       0x31 src/manager.o
 .comment       0x00000000       0x31 src/remote.o
 .comment       0x00000000       0x31 src/status.o
 .comment       0x00000000       0x31 src/timer.o
 .comment       0x00000000       0x31 src/Title.o
 .comment       0x00000000       0x31 src/usart.o

.note.gnu.build-id
 *(.note.gnu.build-id)

.debug
 *(.debug)

.line
 *(.line)

.debug_srcinfo
 *(.debug_srcinfo)

.debug_sfnames
 *(.debug_sfnames)

.debug_aranges  0x00000000      0x550
 *(.debug_aranges)
 .debug_aranges
                0x00000000      0x200 src/command.o
 .debug_aranges
                0x00000200       0x58 src/key.o
 .debug_aranges
                0x00000258       0x38 src/led.o
 .debug_aranges
                0x00000290       0x30 src/main.o
 .debug_aranges
                0x000002c0      0x128 src/manager.o
 .debug_aranges
                0x000003e8       0x58 src/remote.o
 .debug_aranges
                0x00000440       0x28 src/status.o
 .debug_aranges
                0x00000468       0x58 src/timer.o
 .debug_aranges
                0x000004c0       0x38 src/Title.o
 .debug_aranges
                0x000004f8       0x58 src/usart.o

.debug_pubnames
 *(.debug_pubnames)

.debug_info     0x00000000     0x6f58
 *(.debug_info .gnu.linkonce.wi.*)
 .debug_info    0x00000000     0x1989 src/command.o
 .debug_info    0x00001989      0x96e src/key.o
 .debug_info    0x000022f7      0x1c6 src/led.o
 .debug_info    0x000024bd      0x92b src/main.o
 .debug_info    0x00002de8     0x23b0 src/manager.o
 .debug_info    0x00005198      0x45d src/remote.o
 .debug_info    0x000055f5      0x572 src/status.o
 .debug_info    0x00005b67      0x740 src/timer.o
 .debug_info    0x000062a7      0x80b src/Title.o
 .debug_info    0x00006ab2      0x4a6 src/usart.o

.debug_abbrev   0x00000000     0x1126
 *(.debug_abbrev)
 .debug_abbrev  0x00000000      0x195 src/command.o
 .debug_abbrev  0x00000195      0x234 src/key.o
 .debug_abbrev  0x000003c9       0xfa src/led.o
 .debug_abbrev  0x000004c3      0x1a7 src/main.o
 .debug_abbrev  0x0000066a      0x307 src/manager.o
 .debug_abbrev  0x00000971      0x13b src/remote.o
 .debug_abbrev  0x00000aac       0xe7 src/status.o
 .debug_abbrev  0x00000b93      0x157 src/timer.o
 .debug_abbrev  0x00000cea      0x232 src/Title.o
 .debug_abbrev  0x00000f1c      0x20a src/usart.o

.debug_line     0x00000000     0x1d33
 *(.debug_line .debug_line.* .debug_line_end)
 .debug_line    0x00000000      0x641 src/command.o
 .debug_line    0x00000641      0x23b src/key.o
 .debug_line    0x0000087c      0x17e src/led.o
 .debug_line    0x000009fa      0x1dd src/main.o
 .debug_line    0x00000bd7      0x85c src/manager.o
 .debug_line    0x00001433      0x1ae src/remote.o
 .debug_line    0x000015e1      0x106 src/status.o
 .debug_line    0x000016e7      0x1cc src/timer.o
 .debug_line    0x000018b3      0x27d src/Title.o
 .debug_line    0x00001b30      0x203 src/usart.o

.debug_frame    0x00000000      0xbe0
 *(.debug_frame)
 .debug_frame   0x00000000      0x458 src/command.o
 .debug_frame   0x00000458       0xa0 src/key.o
 .debug_frame   0x000004f8       0x60 src/led.o
 .debug_frame   0x00000558       0x44 src/main.o
 .debug_frame   0x0000059c      0x27c src/manager.o
 .debug_frame   0x00000818       0x94 src/remote.o
 .debug_frame   0x000008ac       0x34 src/status.o
 .debug_frame   0x000008e0      0x164 src/timer.o
 .debug_frame   0x00000a44       0x8c src/Title.o
 .debug_frame   0x00000ad0      0x110 src/usart.o

.debug_str      0x00000000     0x1d26
 *(.debug_str)
 .debug_str     0x00000000     0x121b src/command.o
                               0x1269 (size before relaxing)
 .debug_str     0x0000121b      0x345 src/key.o
                                0x94d (size before relaxing)
 .debug_str     0x00001560       0x34 src/led.o
                                0x1d3 (size before relaxing)
 .debug_str     0x00001594      0x193 src/main.o
                                0x9ab (size before relaxing)
 .debug_str     0x00001727      0x2a2 src/manager.o
                                0xf04 (size before relaxing)
 .debug_str     0x000019c9      0x1bd src/remote.o
                                0x4b6 (size before relaxing)
 .debug_str     0x00001b86       0x15 src/status.o
                                0x6ff (size before relaxing)
 .debug_str     0x00001b9b       0xb5 src/timer.o
                                0x815 (size before relaxing)
 .debug_str     0x00001c50       0x31 src/Title.o
                                0x7fc (size before relaxing)
 .debug_str     0x00001c81       0xa5 src/usart.o
                                0x3e1 (size before relaxing)

.debug_loc      0x00000000     0x24fc
 *(.debug_loc)
 .debug_loc     0x00000000      0x940 src/command.o
 .debug_loc     0x00000940       0xfb src/key.o
 .debug_loc     0x00000a3b      0x10a src/led.o
 .debug_loc     0x00000b45      0xdb1 src/manager.o
 .debug_loc     0x000018f6       0xad src/remote.o
 .debug_loc     0x000019a3       0x6f src/status.o
 .debug_loc     0x00001a12      0x3de src/timer.o
 .debug_loc     0x00001df0      0x41f src/Title.o
 .debug_loc     0x0000220f      0x2ed src/usart.o

.debug_macinfo
 *(.debug_macinfo)

.debug_weaknames
 *(.debug_weaknames)

.debug_funcnames
 *(.debug_funcnames)

.debug_typenames
 *(.debug_typenames)

.debug_varnames
 *(.debug_varnames)

.debug_pubtypes
 *(.debug_pubtypes)

.debug_ranges   0x00000000      0x4b0
 *(.debug_ranges)
 .debug_ranges  0x00000000      0x1f0 src/command.o
 .debug_ranges  0x000001f0       0x48 src/key.o
 .debug_ranges  0x00000238       0x28 src/led.o
 .debug_ranges  0x00000260       0x20 src/main.o
 .debug_ranges  0x00000280      0x118 src/manager.o
 .debug_ranges  0x00000398       0x48 src/remote.o
 .debug_ranges  0x000003e0       0x18 src/status.o
 .debug_ranges  0x000003f8       0x48 src/timer.o
 .debug_ranges  0x00000440       0x28 src/Title.o
 .debug_ranges  0x00000468       0x48 src/usart.o

.debug_macro
 *(.debug_macro)
OUTPUT(CAMcontrol.elf elf32-avr)
LOAD linker stubs
