Archive member included because of file (symbol)

c:/program files (x86)/atmel/atmel toolchain/avr8 gcc/native/3.4.1061/avr8-gnu-toolchain/bin/../lib/gcc/avr/4.8.1/avr5\libgcc.a(_udivmodqi4.o)
                              src/timer.o (__udivmodqi4)
c:/program files (x86)/atmel/atmel toolchain/avr8 gcc/native/3.4.1061/avr8-gnu-toolchain/bin/../lib/gcc/avr/4.8.1/avr5\libgcc.a(_divmodhi4.o)
                              src/Title.o (__divmodhi4)
c:/program files (x86)/atmel/atmel toolchain/avr8 gcc/native/3.4.1061/avr8-gnu-toolchain/bin/../lib/gcc/avr/4.8.1/avr5\libgcc.a(_udivmodsi4.o)
                              src/timer.o (__udivmodsi4)
c:/program files (x86)/atmel/atmel toolchain/avr8 gcc/native/3.4.1061/avr8-gnu-toolchain/bin/../lib/gcc/avr/4.8.1/avr5\libgcc.a(_exit.o)
                              c:/program files (x86)/atmel/atmel toolchain/avr8 gcc/native/3.4.1061/avr8-gnu-toolchain/bin/../lib/gcc/avr/4.8.1/../../../../avr/lib/avr5/crtm168pa.o (exit)
c:/program files (x86)/atmel/atmel toolchain/avr8 gcc/native/3.4.1061/avr8-gnu-toolchain/bin/../lib/gcc/avr/4.8.1/avr5\libgcc.a(_tablejump.o)
                              src/manager.o (__tablejump2__)
c:/program files (x86)/atmel/atmel toolchain/avr8 gcc/native/3.4.1061/avr8-gnu-toolchain/bin/../lib/gcc/avr/4.8.1/avr5\libgcc.a(_copy_data.o)
                              src/command.o (__do_copy_data)
c:/program files (x86)/atmel/atmel toolchain/avr8 gcc/native/3.4.1061/avr8-gnu-toolchain/bin/../lib/gcc/avr/4.8.1/avr5\libgcc.a(_clear_bss.o)
                              src/command.o (__do_clear_bss)
c:/program files (x86)/atmel/atmel toolchain/avr8 gcc/native/3.4.1061/avr8-gnu-toolchain/bin/../lib/gcc/avr/4.8.1/avr5\libgcc.a(_udivmodhi4.o)
                              c:/program files (x86)/atmel/atmel toolchain/avr8 gcc/native/3.4.1061/avr8-gnu-toolchain/bin/../lib/gcc/avr/4.8.1/avr5\libgcc.a(_divmodhi4.o) (__udivmodhi4)
c:/program files (x86)/atmel/atmel toolchain/avr8 gcc/native/3.4.1061/avr8-gnu-toolchain/bin/../lib/gcc/avr/4.8.1/../../../../avr/lib/avr5\libc.a(eerd_byte_atmega168pa.o)
                              src/manager.o (__eerd_byte_m168pa)
c:/program files (x86)/atmel/atmel toolchain/avr8 gcc/native/3.4.1061/avr8-gnu-toolchain/bin/../lib/gcc/avr/4.8.1/../../../../avr/lib/avr5\libc.a(eewr_byte_atmega168pa.o)
                              src/manager.o (__eewr_byte_m168pa)

Allocating common symbols
Common symbol       size              file

ReplyBuf            0x20              src/usart.o
g_stStatusCmd       0x1d              src/status.o
rev_data            0x1               src/usart.o
g_stCameraCmd       0x2e              src/command.o
g_stTimerEvent      0x2a              src/timer.o
g_stProductInfo     0xc               src/status.o

Discarded input sections

 .data          0x00000000        0x0 c:/program files (x86)/atmel/atmel toolchain/avr8 gcc/native/3.4.1061/avr8-gnu-toolchain/bin/../lib/gcc/avr/4.8.1/../../../../avr/lib/avr5/crtm168pa.o
 .bss           0x00000000        0x0 c:/program files (x86)/atmel/atmel toolchain/avr8 gcc/native/3.4.1061/avr8-gnu-toolchain/bin/../lib/gcc/avr/4.8.1/../../../../avr/lib/avr5/crtm168pa.o
 .text          0x00000000        0x0 src/command.o
 .data          0x00000000        0x0 src/command.o
 .bss           0x00000000        0x0 src/command.o
 .text.CAM_SetZoomFocus
                0x00000000       0x36 src/command.o
 .text.CAM_SetRGainUp
                0x00000000       0x36 src/command.o
 .text.CAM_SetRGainDown
                0x00000000       0x36 src/command.o
 .text.CAM_SetBGainUp
                0x00000000       0x36 src/command.o
 .text.CAM_SetBGainDown
                0x00000000       0x36 src/command.o
 .text.CAM_SetFlipOn
                0x00000000       0x36 src/command.o
 .text.CAM_SetFlipOff
                0x00000000       0x36 src/command.o
 .text.CAM_SetMirrorOn
                0x00000000       0x36 src/command.o
 .text.CAM_SetMirrorOff
                0x00000000       0x36 src/command.o
 .text.CAM_SetTitleOff
                0x00000000       0x36 src/command.o
 .text.CAM_InqWBmode
                0x00000000       0x36 src/command.o
 .text.GetWBmode
                0x00000000       0x12 src/command.o
 .rodata.AllCamCmd
                0x00000000      0x78c src/command.o
 .data.tCmd_WBmodeInq
                0x00000000        0x5 src/command.o
 .data.tCmd_TitleOff
                0x00000000        0x6 src/command.o
 .data.tCmd_MirrorOff
                0x00000000        0x6 src/command.o
 .data.tCmd_MirrorOn
                0x00000000        0x6 src/command.o
 .data.tCmd_FlipOff
                0x00000000        0x6 src/command.o
 .data.tCmd_FlipOn
                0x00000000        0x6 src/command.o
 .data.tCmd_BGainDown
                0x00000000        0x6 src/command.o
 .data.tCmd_BGainUp
                0x00000000        0x6 src/command.o
 .data.tCmd_RGainDown
                0x00000000        0x6 src/command.o
 .data.tCmd_RGainUp
                0x00000000        0x6 src/command.o
 .data.tCmd_ZoomFocus
                0x00000000        0xd src/command.o
 .text          0x00000000        0x0 src/key.o
 .data          0x00000000        0x0 src/key.o
 .bss           0x00000000        0x0 src/key.o
 .text          0x00000000        0x0 src/led.o
 .data          0x00000000        0x0 src/led.o
 .bss           0x00000000        0x0 src/led.o
 .text          0x00000000        0x0 src/main.o
 .data          0x00000000        0x0 src/main.o
 .bss           0x00000000        0x0 src/main.o
 .text          0x00000000        0x0 src/manager.o
 .data          0x00000000        0x0 src/manager.o
 .bss           0x00000000        0x0 src/manager.o
 .text          0x00000000        0x0 src/remote.o
 .data          0x00000000        0x0 src/remote.o
 .bss           0x00000000        0x0 src/remote.o
 .text          0x00000000        0x0 src/status.o
 .data          0x00000000        0x0 src/status.o
 .bss           0x00000000        0x0 src/status.o
 .text          0x00000000        0x0 src/timer.o
 .data          0x00000000        0x0 src/timer.o
 .bss           0x00000000        0x0 src/timer.o
 .text          0x00000000        0x0 src/Title.o
 .data          0x00000000        0x0 src/Title.o
 .bss           0x00000000        0x0 src/Title.o
 .text          0x00000000        0x0 src/usart.o
 .data          0x00000000        0x0 src/usart.o
 .bss           0x00000000        0x0 src/usart.o
 .text.USART_SendChar
                0x00000000        0xe src/usart.o
 .text.USART_Receive
                0x00000000        0xe src/usart.o
 .text.USART_GetCommand
                0x00000000       0x42 src/usart.o
 .data.ReplyType
                0x00000000        0x1 src/usart.o
 .text          0x00000000        0x0 c:/program files (x86)/atmel/atmel toolchain/avr8 gcc/native/3.4.1061/avr8-gnu-toolchain/bin/../lib/gcc/avr/4.8.1/avr5\libgcc.a(_udivmodqi4.o)
 .data          0x00000000        0x0 c:/program files (x86)/atmel/atmel toolchain/avr8 gcc/native/3.4.1061/avr8-gnu-toolchain/bin/../lib/gcc/avr/4.8.1/avr5\libgcc.a(_udivmodqi4.o)
 .bss           0x00000000        0x0 c:/program files (x86)/atmel/atmel toolchain/avr8 gcc/native/3.4.1061/avr8-gnu-toolchain/bin/../lib/gcc/avr/4.8.1/avr5\libgcc.a(_udivmodqi4.o)
 .text.libgcc.mul
                0x00000000        0x0 c:/program files (x86)/atmel/atmel toolchain/avr8 gcc/native/3.4.1061/avr8-gnu-toolchain/bin/../lib/gcc/avr/4.8.1/avr5\libgcc.a(_udivmodqi4.o)
 .text.libgcc   0x00000000        0x0 c:/program files (x86)/atmel/atmel toolchain/avr8 gcc/native/3.4.1061/avr8-gnu-toolchain/bin/../lib/gcc/avr/4.8.1/avr5\libgcc.a(_udivmodqi4.o)
 .text.libgcc.prologue
                0x00000000        0x0 c:/program files (x86)/atmel/atmel toolchain/avr8 gcc/native/3.4.1061/avr8-gnu-toolchain/bin/../lib/gcc/avr/4.8.1/avr5\libgcc.a(_udivmodqi4.o)
 .text.libgcc.builtins
                0x00000000        0x0 c:/program files (x86)/atmel/atmel toolchain/avr8 gcc/native/3.4.1061/avr8-gnu-toolchain/bin/../lib/gcc/avr/4.8.1/avr5\libgcc.a(_udivmodqi4.o)
 .text.libgcc.fmul
                0x00000000        0x0 c:/program files (x86)/atmel/atmel toolchain/avr8 gcc/native/3.4.1061/avr8-gnu-toolchain/bin/../lib/gcc/avr/4.8.1/avr5\libgcc.a(_udivmodqi4.o)
 .text.libgcc.fixed
                0x00000000        0x0 c:/program files (x86)/atmel/atmel toolchain/avr8 gcc/native/3.4.1061/avr8-gnu-toolchain/bin/../lib/gcc/avr/4.8.1/avr5\libgcc.a(_udivmodqi4.o)
 .text          0x00000000        0x0 c:/program files (x86)/atmel/atmel toolchain/avr8 gcc/native/3.4.1061/avr8-gnu-toolchain/bin/../lib/gcc/avr/4.8.1/avr5\libgcc.a(_divmodhi4.o)
 .data          0x00000000        0x0 c:/program files (x86)/atmel/atmel toolchain/avr8 gcc/native/3.4.1061/avr8-gnu-toolchain/bin/../lib/gcc/avr/4.8.1/avr5\libgcc.a(_divmodhi4.o)
 .bss           0x00000000        0x0 c:/program files (x86)/atmel/atmel toolchain/avr8 gcc/native/3.4.1061/avr8-gnu-toolchain/bin/../lib/gcc/avr/4.8.1/avr5\libgcc.a(_divmodhi4.o)
 .text.libgcc.mul
                0x00000000        0x0 c:/program files (x86)/atmel/atmel toolchain/avr8 gcc/native/3.4.1061/avr8-gnu-toolchain/bin/../lib/gcc/avr/4.8.1/avr5\libgcc.a(_divmodhi4.o)
 .text.libgcc   0x00000000        0x0 c:/program files (x86)/atmel/atmel toolchain/avr8 gcc/native/3.4.1061/avr8-gnu-toolchain/bin/../lib/gcc/avr/4.8.1/avr5\libgcc.a(_divmodhi4.o)
 .text.libgcc.prologue
                0x00000000        0x0 c:/program files (x86)/atmel/atmel toolchain/avr8 gcc/native/3.4.1061/avr8-gnu-toolchain/bin/../lib/gcc/avr/4.8.1/avr5\libgcc.a(_divmodhi4.o)
 .text.libgcc.builtins
                0x00000000        0x0 c:/program files (x86)/atmel/atmel toolchain/avr8 gcc/native/3.4.1061/avr8-gnu-toolchain/bin/../lib/gcc/avr/4.8.1/avr5\libgcc.a(_divmodhi4.o)
 .text.libgcc.fmul
                0x00000000        0x0 c:/program files (x86)/atmel/atmel toolchain/avr8 gcc/native/3.4.1061/avr8-gnu-toolchain/bin/../lib/gcc/avr/4.8.1/avr5\libgcc.a(_divmodhi4.o)
 .text.libgcc.fixed
                0x00000000        0x0 c:/program files (x86)/atmel/atmel toolchain/avr8 gcc/native/3.4.1061/avr8-gnu-toolchain/bin/../lib/gcc/avr/4.8.1/avr5\libgcc.a(_divmodhi4.o)
 .text          0x00000000        0x0 c:/program files (x86)/atmel/atmel toolchain/avr8 gcc/native/3.4.1061/avr8-gnu-toolchain/bin/../lib/gcc/avr/4.8.1/avr5\libgcc.a(_udivmodsi4.o)
 .data          0x00000000        0x0 c:/program files (x86)/atmel/atmel toolchain/avr8 gcc/native/3.4.1061/avr8-gnu-toolchain/bin/../lib/gcc/avr/4.8.1/avr5\libgcc.a(_udivmodsi4.o)
 .bss           0x00000000        0x0 c:/program files (x86)/atmel/atmel toolchain/avr8 gcc/native/3.4.1061/avr8-gnu-toolchain/bin/../lib/gcc/avr/4.8.1/avr5\libgcc.a(_udivmodsi4.o)
 .text.libgcc.mul
                0x00000000        0x0 c:/program files (x86)/atmel/atmel toolchain/avr8 gcc/native/3.4.1061/avr8-gnu-toolchain/bin/../lib/gcc/avr/4.8.1/avr5\libgcc.a(_udivmodsi4.o)
 .text.libgcc   0x00000000        0x0 c:/program files (x86)/atmel/atmel toolchain/avr8 gcc/native/3.4.1061/avr8-gnu-toolchain/bin/../lib/gcc/avr/4.8.1/avr5\libgcc.a(_udivmodsi4.o)
 .text.libgcc.prologue
                0x00000000        0x0 c:/program files (x86)/atmel/atmel toolchain/avr8 gcc/native/3.4.1061/avr8-gnu-toolchain/bin/../lib/gcc/avr/4.8.1/avr5\libgcc.a(_udivmodsi4.o)
 .text.libgcc.builtins
                0x00000000        0x0 c:/program files (x86)/atmel/atmel toolchain/avr8 gcc/native/3.4.1061/avr8-gnu-toolchain/bin/../lib/gcc/avr/4.8.1/avr5\libgcc.a(_udivmodsi4.o)
 .text.libgcc.fmul
                0x00000000        0x0 c:/program files (x86)/atmel/atmel toolchain/avr8 gcc/native/3.4.1061/avr8-gnu-toolchain/bin/../lib/gcc/avr/4.8.1/avr5\libgcc.a(_udivmodsi4.o)
 .text.libgcc.fixed
                0x00000000        0x0 c:/program files (x86)/atmel/atmel toolchain/avr8 gcc/native/3.4.1061/avr8-gnu-toolchain/bin/../lib/gcc/avr/4.8.1/avr5\libgcc.a(_udivmodsi4.o)
 .text          0x00000000        0x0 c:/program files (x86)/atmel/atmel toolchain/avr8 gcc/native/3.4.1061/avr8-gnu-toolchain/bin/../lib/gcc/avr/4.8.1/avr5\libgcc.a(_exit.o)
 .data          0x00000000        0x0 c:/program files (x86)/atmel/atmel toolchain/avr8 gcc/native/3.4.1061/avr8-gnu-toolchain/bin/../lib/gcc/avr/4.8.1/avr5\libgcc.a(_exit.o)
 .bss           0x00000000        0x0 c:/program files (x86)/atmel/atmel toolchain/avr8 gcc/native/3.4.1061/avr8-gnu-toolchain/bin/../lib/gcc/avr/4.8.1/avr5\libgcc.a(_exit.o)
 .text.libgcc.mul
                0x00000000        0x0 c:/program files (x86)/atmel/atmel toolchain/avr8 gcc/native/3.4.1061/avr8-gnu-toolchain/bin/../lib/gcc/avr/4.8.1/avr5\libgcc.a(_exit.o)
 .text.libgcc.div
                0x00000000        0x0 c:/program files (x86)/atmel/atmel toolchain/avr8 gcc/native/3.4.1061/avr8-gnu-toolchain/bin/../lib/gcc/avr/4.8.1/avr5\libgcc.a(_exit.o)
 .text.libgcc   0x00000000        0x0 c:/program files (x86)/atmel/atmel toolchain/avr8 gcc/native/3.4.1061/avr8-gnu-toolchain/bin/../lib/gcc/avr/4.8.1/avr5\libgcc.a(_exit.o)
 .text.libgcc.prologue
                0x00000000        0x0 c:/program files (x86)/atmel/atmel toolchain/avr8 gcc/native/3.4.1061/avr8-gnu-toolchain/bin/../lib/gcc/avr/4.8.1/avr5\libgcc.a(_exit.o)
 .text.libgcc.builtins
                0x00000000        0x0 c:/program files (x86)/atmel/atmel toolchain/avr8 gcc/native/3.4.1061/avr8-gnu-toolchain/bin/../lib/gcc/avr/4.8.1/avr5\libgcc.a(_exit.o)
 .text.libgcc.fmul
                0x00000000        0x0 c:/program files (x86)/atmel/atmel toolchain/avr8 gcc/native/3.4.1061/avr8-gnu-toolchain/bin/../lib/gcc/avr/4.8.1/avr5\libgcc.a(_exit.o)
 .text.libgcc.fixed
                0x00000000        0x0 c:/program files (x86)/atmel/atmel toolchain/avr8 gcc/native/3.4.1061/avr8-gnu-toolchain/bin/../lib/gcc/avr/4.8.1/avr5\libgcc.a(_exit.o)
 .text          0x00000000        0x0 c:/program files (x86)/atmel/atmel toolchain/avr8 gcc/native/3.4.1061/avr8-gnu-toolchain/bin/../lib/gcc/avr/4.8.1/avr5\libgcc.a(_tablejump.o)
 .data          0x00000000        0x0 c:/program files (x86)/atmel/atmel toolchain/avr8 gcc/native/3.4.1061/avr8-gnu-toolchain/bin/../lib/gcc/avr/4.8.1/avr5\libgcc.a(_tablejump.o)
 .bss           0x00000000        0x0 c:/program files (x86)/atmel/atmel toolchain/avr8 gcc/native/3.4.1061/avr8-gnu-toolchain/bin/../lib/gcc/avr/4.8.1/avr5\libgcc.a(_tablejump.o)
 .text.libgcc.mul
                0x00000000        0x0 c:/program files (x86)/atmel/atmel toolchain/avr8 gcc/native/3.4.1061/avr8-gnu-toolchain/bin/../lib/gcc/avr/4.8.1/avr5\libgcc.a(_tablejump.o)
 .text.libgcc.div
                0x00000000        0x0 c:/program files (x86)/atmel/atmel toolchain/avr8 gcc/native/3.4.1061/avr8-gnu-toolchain/bin/../lib/gcc/avr/4.8.1/avr5\libgcc.a(_tablejump.o)
 .text.libgcc.prologue
                0x00000000        0x0 c:/program files (x86)/atmel/atmel toolchain/avr8 gcc/native/3.4.1061/avr8-gnu-toolchain/bin/../lib/gcc/avr/4.8.1/avr5\libgcc.a(_tablejump.o)
 .text.libgcc.builtins
                0x00000000        0x0 c:/program files (x86)/atmel/atmel toolchain/avr8 gcc/native/3.4.1061/avr8-gnu-toolchain/bin/../lib/gcc/avr/4.8.1/avr5\libgcc.a(_tablejump.o)
 .text.libgcc.fmul
                0x00000000        0x0 c:/program files (x86)/atmel/atmel toolchain/avr8 gcc/native/3.4.1061/avr8-gnu-toolchain/bin/../lib/gcc/avr/4.8.1/avr5\libgcc.a(_tablejump.o)
 .text.libgcc.fixed
                0x00000000        0x0 c:/program files (x86)/atmel/atmel toolchain/avr8 gcc/native/3.4.1061/avr8-gnu-toolchain/bin/../lib/gcc/avr/4.8.1/avr5\libgcc.a(_tablejump.o)
 .text          0x00000000        0x0 c:/program files (x86)/atmel/atmel toolchain/avr8 gcc/native/3.4.1061/avr8-gnu-toolchain/bin/../lib/gcc/avr/4.8.1/avr5\libgcc.a(_copy_data.o)
 .data          0x00000000        0x0 c:/program files (x86)/atmel/atmel toolchain/avr8 gcc/native/3.4.1061/avr8-gnu-toolchain/bin/../lib/gcc/avr/4.8.1/avr5\libgcc.a(_copy_data.o)
 .bss           0x00000000        0x0 c:/program files (x86)/atmel/atmel toolchain/avr8 gcc/native/3.4.1061/avr8-gnu-toolchain/bin/../lib/gcc/avr/4.8.1/avr5\libgcc.a(_copy_data.o)
 .text.libgcc.mul
                0x00000000        0x0 c:/program files (x86)/atmel/atmel toolchain/avr8 gcc/native/3.4.1061/avr8-gnu-toolchain/bin/../lib/gcc/avr/4.8.1/avr5\libgcc.a(_copy_data.o)
 .text.libgcc.div
                0x00000000        0x0 c:/program files (x86)/atmel/atmel toolchain/avr8 gcc/native/3.4.1061/avr8-gnu-toolchain/bin/../lib/gcc/avr/4.8.1/avr5\libgcc.a(_copy_data.o)
 .text.libgcc   0x00000000        0x0 c:/program files (x86)/atmel/atmel toolchain/avr8 gcc/native/3.4.1061/avr8-gnu-toolchain/bin/../lib/gcc/avr/4.8.1/avr5\libgcc.a(_copy_data.o)
 .text.libgcc.prologue
                0x00000000        0x0 c:/program files (x86)/atmel/atmel toolchain/avr8 gcc/native/3.4.1061/avr8-gnu-toolchain/bin/../lib/gcc/avr/4.8.1/avr5\libgcc.a(_copy_data.o)
 .text.libgcc.builtins
                0x00000000        0x0 c:/program files (x86)/atmel/atmel toolchain/avr8 gcc/native/3.4.1061/avr8-gnu-toolchain/bin/../lib/gcc/avr/4.8.1/avr5\libgcc.a(_copy_data.o)
 .text.libgcc.fmul
                0x00000000        0x0 c:/program files (x86)/atmel/atmel toolchain/avr8 gcc/native/3.4.1061/avr8-gnu-toolchain/bin/../lib/gcc/avr/4.8.1/avr5\libgcc.a(_copy_data.o)
 .text.libgcc.fixed
                0x00000000        0x0 c:/program files (x86)/atmel/atmel toolchain/avr8 gcc/native/3.4.1061/avr8-gnu-toolchain/bin/../lib/gcc/avr/4.8.1/avr5\libgcc.a(_copy_data.o)
 .text          0x00000000        0x0 c:/program files (x86)/atmel/atmel toolchain/avr8 gcc/native/3.4.1061/avr8-gnu-toolchain/bin/../lib/gcc/avr/4.8.1/avr5\libgcc.a(_clear_bss.o)
 .data          0x00000000        0x0 c:/program files (x86)/atmel/atmel toolchain/avr8 gcc/native/3.4.1061/avr8-gnu-toolchain/bin/../lib/gcc/avr/4.8.1/avr5\libgcc.a(_clear_bss.o)
 .bss           0x00000000        0x0 c:/program files (x86)/atmel/atmel toolchain/avr8 gcc/native/3.4.1061/avr8-gnu-toolchain/bin/../lib/gcc/avr/4.8.1/avr5\libgcc.a(_clear_bss.o)
 .text.libgcc.mul
                0x00000000        0x0 c:/program files (x86)/atmel/atmel toolchain/avr8 gcc/native/3.4.1061/avr8-gnu-toolchain/bin/../lib/gcc/avr/4.8.1/avr5\libgcc.a(_clear_bss.o)
 .text.libgcc.div
                0x00000000        0x0 c:/program files (x86)/atmel/atmel toolchain/avr8 gcc/native/3.4.1061/avr8-gnu-toolchain/bin/../lib/gcc/avr/4.8.1/avr5\libgcc.a(_clear_bss.o)
 .text.libgcc   0x00000000        0x0 c:/program files (x86)/atmel/atmel toolchain/avr8 gcc/native/3.4.1061/avr8-gnu-toolchain/bin/../lib/gcc/avr/4.8.1/avr5\libgcc.a(_clear_bss.o)
 .text.libgcc.prologue
                0x00000000        0x0 c:/program files (x86)/atmel/atmel toolchain/avr8 gcc/native/3.4.1061/avr8-gnu-toolchain/bin/../lib/gcc/avr/4.8.1/avr5\libgcc.a(_clear_bss.o)
 .text.libgcc.builtins
                0x00000000        0x0 c:/program files (x86)/atmel/atmel toolchain/avr8 gcc/native/3.4.1061/avr8-gnu-toolchain/bin/../lib/gcc/avr/4.8.1/avr5\libgcc.a(_clear_bss.o)
 .text.libgcc.fmul
                0x00000000        0x0 c:/program files (x86)/atmel/atmel toolchain/avr8 gcc/native/3.4.1061/avr8-gnu-toolchain/bin/../lib/gcc/avr/4.8.1/avr5\libgcc.a(_clear_bss.o)
 .text.libgcc.fixed
                0x00000000        0x0 c:/program files (x86)/atmel/atmel toolchain/avr8 gcc/native/3.4.1061/avr8-gnu-toolchain/bin/../lib/gcc/avr/4.8.1/avr5\libgcc.a(_clear_bss.o)
 .text          0x00000000        0x0 c:/program files (x86)/atmel/atmel toolchain/avr8 gcc/native/3.4.1061/avr8-gnu-toolchain/bin/../lib/gcc/avr/4.8.1/avr5\libgcc.a(_udivmodhi4.o)
 .data          0x00000000        0x0 c:/program files (x86)/atmel/atmel toolchain/avr8 gcc/native/3.4.1061/avr8-gnu-toolchain/bin/../lib/gcc/avr/4.8.1/avr5\libgcc.a(_udivmodhi4.o)
 .bss           0x00000000        0x0 c:/program files (x86)/atmel/atmel toolchain/avr8 gcc/native/3.4.1061/avr8-gnu-toolchain/bin/../lib/gcc/avr/4.8.1/avr5\libgcc.a(_udivmodhi4.o)
 .text.libgcc.mul
                0x00000000        0x0 c:/program files (x86)/atmel/atmel toolchain/avr8 gcc/native/3.4.1061/avr8-gnu-toolchain/bin/../lib/gcc/avr/4.8.1/avr5\libgcc.a(_udivmodhi4.o)
 .text.libgcc   0x00000000        0x0 c:/program files (x86)/atmel/atmel toolchain/avr8 gcc/native/3.4.1061/avr8-gnu-toolchain/bin/../lib/gcc/avr/4.8.1/avr5\libgcc.a(_udivmodhi4.o)
 .text.libgcc.prologue
                0x00000000        0x0 c:/program files (x86)/atmel/atmel toolchain/avr8 gcc/native/3.4.1061/avr8-gnu-toolchain/bin/../lib/gcc/avr/4.8.1/avr5\libgcc.a(_udivmodhi4.o)
 .text.libgcc.builtins
                0x00000000        0x0 c:/program files (x86)/atmel/atmel toolchain/avr8 gcc/native/3.4.1061/avr8-gnu-toolchain/bin/../lib/gcc/avr/4.8.1/avr5\libgcc.a(_udivmodhi4.o)
 .text.libgcc.fmul
                0x00000000        0x0 c:/program files (x86)/atmel/atmel toolchain/avr8 gcc/native/3.4.1061/avr8-gnu-toolchain/bin/../lib/gcc/avr/4.8.1/avr5\libgcc.a(_udivmodhi4.o)
 .text.libgcc.fixed
                0x00000000        0x0 c:/program files (x86)/atmel/atmel toolchain/avr8 gcc/native/3.4.1061/avr8-gnu-toolchain/bin/../lib/gcc/avr/4.8.1/avr5\libgcc.a(_udivmodhi4.o)
 .text          0x00000000        0x0 c:/program files (x86)/atmel/atmel toolchain/avr8 gcc/native/3.4.1061/avr8-gnu-toolchain/bin/../lib/gcc/avr/4.8.1/../../../../avr/lib/avr5\libc.a(eerd_byte_atmega168pa.o)
 .data          0x00000000        0x0 c:/program files (x86)/atmel/atmel toolchain/avr8 gcc/native/3.4.1061/avr8-gnu-toolchain/bin/../lib/gcc/avr/4.8.1/../../../../avr/lib/avr5\libc.a(eerd_byte_atmega168pa.o)
 .bss           0x00000000        0x0 c:/program files (x86)/atmel/atmel toolchain/avr8 gcc/native/3.4.1061/avr8-gnu-toolchain/bin/../lib/gcc/avr/4.8.1/../../../../avr/lib/avr5\libc.a(eerd_byte_atmega168pa.o)
 .text          0x00000000        0x0 c:/program files (x86)/atmel/atmel toolchain/avr8 gcc/native/3.4.1061/avr8-gnu-toolchain/bin/../lib/gcc/avr/4.8.1/../../../../avr/lib/avr5\libc.a(eewr_byte_atmega168pa.o)
 .data          0x00000000        0x0 c:/program files (x86)/atmel/atmel toolchain/avr8 gcc/native/3.4.1061/avr8-gnu-toolchain/bin/../lib/gcc/avr/4.8.1/../../../../avr/lib/avr5\libc.a(eewr_byte_atmega168pa.o)
 .bss           0x00000000        0x0 c:/program files (x86)/atmel/atmel toolchain/avr8 gcc/native/3.4.1061/avr8-gnu-toolchain/bin/../lib/gcc/avr/4.8.1/../../../../avr/lib/avr5\libc.a(eewr_byte_atmega168pa.o)

Memory Configuration

Name             Origin             Length             Attributes
text             0x00000000         0x00020000         xr
data             0x00800060         0x0000ffa0         rw !x
eeprom           0x00810000         0x00010000         rw !x
fuse             0x00820000         0x00000400         rw !x
lock             0x00830000         0x00000400         rw !x
signature        0x00840000         0x00000400         rw !x
user_signatures  0x00850000         0x00000400         rw !x
*default*        0x00000000         0xffffffff

Linker script and memory map

Address of section .data set to 0x800100
LOAD c:/program files (x86)/atmel/atmel toolchain/avr8 gcc/native/3.4.1061/avr8-gnu-toolchain/bin/../lib/gcc/avr/4.8.1/../../../../avr/lib/avr5/crtm168pa.o
LOAD src/command.o
LOAD src/key.o
LOAD src/led.o
LOAD src/main.o
LOAD src/manager.o
LOAD src/remote.o
LOAD src/status.o
LOAD src/timer.o
LOAD src/Title.o
LOAD src/usart.o
START GROUP
LOAD c:/program files (x86)/atmel/atmel toolchain/avr8 gcc/native/3.4.1061/avr8-gnu-toolchain/bin/../lib/gcc/avr/4.8.1/../../../../avr/lib/avr5\libm.a
END GROUP
START GROUP
LOAD c:/program files (x86)/atmel/atmel toolchain/avr8 gcc/native/3.4.1061/avr8-gnu-toolchain/bin/../lib/gcc/avr/4.8.1/avr5\libgcc.a
LOAD c:/program files (x86)/atmel/atmel toolchain/avr8 gcc/native/3.4.1061/avr8-gnu-toolchain/bin/../lib/gcc/avr/4.8.1/../../../../avr/lib/avr5\libm.a
LOAD c:/program files (x86)/atmel/atmel toolchain/avr8 gcc/native/3.4.1061/avr8-gnu-toolchain/bin/../lib/gcc/avr/4.8.1/../../../../avr/lib/avr5\libc.a
END GROUP

.hash
 *(.hash)

.dynsym
 *(.dynsym)

.dynstr
 *(.dynstr)

.gnu.version
 *(.gnu.version)

.gnu.version_d
 *(.gnu.version_d)

.gnu.version_r
 *(.gnu.version_r)

.rel.init
 *(.rel.init)

.rela.init
 *(.rela.init)

.rel.text
 *(.rel.text)
 *(.rel.text.*)
 *(.rel.gnu.linkonce.t*)

.rela.text
 *(.rela.text)
 *(.rela.text.*)
 *(.rela.gnu.linkonce.t*)

.rel.fini
 *(.rel.fini)

.rela.fini
 *(.rela.fini)

.rel.rodata
 *(.rel.rodata)
 *(.rel.rodata.*)
 *(.rel.gnu.linkonce.r*)

.rela.rodata
 *(.rela.rodata)
 *(.rela.rodata.*)
 *(.rela.gnu.linkonce.r*)

.rel.data
 *(.rel.data)
 *(.rel.data.*)
 *(.rel.gnu.linkonce.d*)

.rela.data
 *(.rela.data)
 *(.rela.data.*)
 *(.rela.gnu.linkonce.d*)

.rel.ctors
 *(.rel.ctors)

.rela.ctors
 *(.rela.ctors)

.rel.dtors
 *(.rel.dtors)

.rela.dtors
 *(.rela.dtors)

.rel.got
 *(.rel.got)

.rela.got
 *(.rela.got)

.rel.bss
 *(.rel.bss)

.rela.bss
 *(.rela.bss)

.rel.plt
 *(.rel.plt)

.rela.plt
 *(.rela.plt)

.text           0x00000000     0x24e2
 *(.vectors)
 .vectors       0x00000000       0x68 c:/program files (x86)/atmel/atmel toolchain/avr8 gcc/native/3.4.1061/avr8-gnu-toolchain/bin/../lib/gcc/avr/4.8.1/../../../../avr/lib/avr5/crtm168pa.o
                0x00000000                __vector_default
                0x00000000                __vectors
 *(.vectors)
 *(.progmem.gcc*)
 .progmem.gcc_sw_table.CMessageHandle
                0x00000068       0x28 src/manager.o
                0x00000090                . = ALIGN (0x2)
                0x00000090                __trampolines_start = .
 *(.trampolines)
 .trampolines   0x00000090        0x0 linker stubs
 *(.trampolines*)
                0x00000090                __trampolines_end = .
 *(.progmem*)
                0x00000090                . = ALIGN (0x2)
 *(.jumptables)
 *(.jumptables*)
 *(.lowtext)
 *(.lowtext*)
                0x00000090                __ctors_start = .
 *(.ctors)
                0x00000090                __ctors_end = .
                0x00000090                __dtors_start = .
 *(.dtors)
                0x00000090                __dtors_end = .
 SORT(*)(.ctors)
 SORT(*)(.dtors)
 *(.init0)
 .init0         0x00000090        0x0 c:/program files (x86)/atmel/atmel toolchain/avr8 gcc/native/3.4.1061/avr8-gnu-toolchain/bin/../lib/gcc/avr/4.8.1/../../../../avr/lib/avr5/crtm168pa.o
                0x00000090                __init
 *(.init0)
 *(.init1)
 *(.init1)
 *(.init2)
 .init2         0x00000090        0xc c:/program files (x86)/atmel/atmel toolchain/avr8 gcc/native/3.4.1061/avr8-gnu-toolchain/bin/../lib/gcc/avr/4.8.1/../../../../avr/lib/avr5/crtm168pa.o
 *(.init2)
 *(.init3)
 *(.init3)
 *(.init4)
 .init4         0x0000009c       0x16 c:/program files (x86)/atmel/atmel toolchain/avr8 gcc/native/3.4.1061/avr8-gnu-toolchain/bin/../lib/gcc/avr/4.8.1/avr5\libgcc.a(_copy_data.o)
                0x0000009c                __do_copy_data
 .init4         0x000000b2       0x10 c:/program files (x86)/atmel/atmel toolchain/avr8 gcc/native/3.4.1061/avr8-gnu-toolchain/bin/../lib/gcc/avr/4.8.1/avr5\libgcc.a(_clear_bss.o)
                0x000000b2                __do_clear_bss
 *(.init4)
 *(.init5)
 *(.init5)
 *(.init6)
 *(.init6)
 *(.init7)
 *(.init7)
 *(.init8)
 *(.init8)
 *(.init9)
 .init9         0x000000c2        0x8 c:/program files (x86)/atmel/atmel toolchain/avr8 gcc/native/3.4.1061/avr8-gnu-toolchain/bin/../lib/gcc/avr/4.8.1/../../../../avr/lib/avr5/crtm168pa.o
 *(.init9)
 *(.text)
 .text          0x000000ca        0x4 c:/program files (x86)/atmel/atmel toolchain/avr8 gcc/native/3.4.1061/avr8-gnu-toolchain/bin/../lib/gcc/avr/4.8.1/../../../../avr/lib/avr5/crtm168pa.o
                0x000000ca                __vector_22
                0x000000ca                __vector_1
                0x000000ca                __vector_24
                0x000000ca                __vector_12
                0x000000ca                __bad_interrupt
                0x000000ca                __vector_6
                0x000000ca                __vector_3
                0x000000ca                __vector_23
                0x000000ca                __vector_25
                0x000000ca                __vector_11
                0x000000ca                __vector_17
                0x000000ca                __vector_19
                0x000000ca                __vector_7
                0x000000ca                __vector_5
                0x000000ca                __vector_4
                0x000000ca                __vector_9
                0x000000ca                __vector_2
                0x000000ca                __vector_21
                0x000000ca                __vector_15
                0x000000ca                __vector_8
                0x000000ca                __vector_14
                0x000000ca                __vector_10
                0x000000ca                __vector_16
                0x000000ca                __vector_20
                0x000000ce                . = ALIGN (0x2)
 *(.text.*)
 .text.CAM_SetZoomStop
                0x000000ce       0x36 src/command.o
                0x000000ce                CAM_SetZoomStop
 .text.CAM_SetZoomVTele
                0x00000104       0x36 src/command.o
                0x00000104                CAM_SetZoomVTele
 .text.CAM_SetZoomVWide
                0x0000013a       0x36 src/command.o
                0x0000013a                CAM_SetZoomVWide
 .text.CAM_SetZoomDirect
                0x00000170       0x92 src/command.o
                0x00000170                CAM_SetZoomDirect
 .text.CAM_SetStopFocus
                0x00000202       0x36 src/command.o
                0x00000202                CAM_SetStopFocus
 .text.CAM_SetSFarFocus
                0x00000238       0x36 src/command.o
                0x00000238                CAM_SetSFarFocus
 .text.CAM_SetSNearFocus
                0x0000026e       0x36 src/command.o
                0x0000026e                CAM_SetSNearFocus
 .text.CAM_SetAutoFocus
                0x000002a4       0x3c src/command.o
                0x000002a4                CAM_SetAutoFocus
 .text.CAM_SetManualFocus
                0x000002e0       0x40 src/command.o
                0x000002e0                CAM_SetManualFocus
 .text.CAM_SetNormalAF
                0x00000320       0x36 src/command.o
                0x00000320                CAM_SetNormalAF
 .text.CAM_SetWBATW
                0x00000356       0x36 src/command.o
                0x00000356                CAM_SetWBATW
 .text.CAM_SetWBMaunal
                0x0000038c       0x36 src/command.o
                0x0000038c                CAM_SetWBMaunal
 .text.CAM_SetRGainDirect
                0x000003c2       0x48 src/command.o
                0x000003c2                CAM_SetRGainDirect
 .text.CAM_SetBGainDirect
                0x0000040a       0x48 src/command.o
                0x0000040a                CAM_SetBGainDirect
 .text.CAM_SetApertureReset
                0x00000452       0x36 src/command.o
                0x00000452                CAM_SetApertureReset
 .text.CAM_SetApertureDirect
                0x00000488       0x4c src/command.o
                0x00000488                CAM_SetApertureDirect
 .text.CAM_SetFreezeOn
                0x000004d4       0x36 src/command.o
                0x000004d4                CAM_SetFreezeOn
 .text.CAM_SetFreezeOff
                0x0000050a       0x36 src/command.o
                0x0000050a                CAM_SetFreezeOff
 .text.CAM_SetPicEffectOff
                0x00000540       0x36 src/command.o
                0x00000540                CAM_SetPicEffectOff
 .text.CAM_SetPicEffectBW
                0x00000576       0x36 src/command.o
                0x00000576                CAM_SetPicEffectBW
 .text.CAM_SetTitleSet1
                0x000005ac       0x44 src/command.o
                0x000005ac                CAM_SetTitleSet1
 .text.CAM_SetTitleSet2
                0x000005f0       0x5e src/command.o
                0x000005f0                CAM_SetTitleSet2
 .text.CAM_SetTitleSet3
                0x0000064e       0x5e src/command.o
                0x0000064e                CAM_SetTitleSet3
 .text.CAM_SetTitleClear
                0x000006ac       0x36 src/command.o
                0x000006ac                CAM_SetTitleClear
 .text.CAM_SetTitleOn
                0x000006e2       0x36 src/command.o
                0x000006e2                CAM_SetTitleOn
 .text.CAM_InqZoomPos
                0x00000718       0x36 src/command.o
                0x00000718                CAM_InqZoomPos
 .text.CAM_InqFocusPos
                0x0000074e       0x36 src/command.o
                0x0000074e                CAM_InqFocusPos
 .text.CAM_InqRGain
                0x00000784       0x36 src/command.o
                0x00000784                CAM_InqRGain
 .text.CAM_InqBGain
                0x000007ba       0x36 src/command.o
                0x000007ba                CAM_InqBGain
 .text.CAM_InqID
                0x000007f0       0x36 src/command.o
                0x000007f0                CAM_InqID
 .text.CAM_InqVersion
                0x00000826       0x36 src/command.o
                0x00000826                CAM_InqVersion
 .text.GetCameraId
                0x0000085c       0x52 src/command.o
                0x0000085c                GetCameraId
 .text.GetZoomPos
                0x000008ae       0x4a src/command.o
                0x000008ae                GetZoomPos
 .text.GetFocusPos
                0x000008f8       0x4a src/command.o
                0x000008f8                GetFocusPos
 .text.GetCameraVersion
                0x00000942       0x22 src/command.o
                0x00000942                GetCameraVersion
 .text.GetRGain
                0x00000964       0x20 src/command.o
                0x00000964                GetRGain
 .text.GetBGain
                0x00000984       0x20 src/command.o
                0x00000984                GetBGain
 .text.CommandInit
                0x000009a4       0x50 src/command.o
                0x000009a4                CommandInit
 .text.CommandLoadBuf
                0x000009f4       0x70 src/command.o
                0x000009f4                CommandLoadBuf
 .text.GetInquiryResult
                0x00000a64       0x28 src/command.o
                0x00000a64                GetInquiryResult
 .text.CommandHandle
                0x00000a8c       0x2a src/command.o
                0x00000a8c                CommandHandle
 .text.CKeyScanReadyTimerEvent
                0x00000ab6        0xc src/key.o
                0x00000ab6                CKeyScanReadyTimerEvent
 .text.CKeyRepeatEnableTimerEvent
                0x00000ac2        0xc src/key.o
                0x00000ac2                CKeyRepeatEnableTimerEvent
 .text.KeyInit  0x00000ace       0x14 src/key.o
                0x00000ace                KeyInit
 .text.CKeyScan
                0x00000ae2       0xb6 src/key.o
                0x00000ae2                CKeyScan
 .text.CKeyScanReady
                0x00000b98       0x26 src/key.o
                0x00000b98                CKeyScanReady
 .text.CKeyMessageConvert
                0x00000bbe       0x40 src/key.o
                0x00000bbe                CKeyMessageConvert
 .text.CKeyMessageProc
                0x00000bfe       0xcc src/key.o
                0x00000bfe                CKeyMessageProc
 .text.CKeyHandle
                0x00000cca       0x50 src/key.o
                0x00000cca                CKeyHandle
 .text.LedInit  0x00000d1a        0x4 src/led.o
                0x00000d1a                LedInit
 .text.LedOn    0x00000d1e        0x4 src/led.o
                0x00000d1e                LedOn
 .text.LedOff   0x00000d22        0x4 src/led.o
                0x00000d22                LedOff
 .text.LedFlashing
                0x00000d26       0x50 src/led.o
                0x00000d26                LedFlashing
 .text.SystemInit
                0x00000d76       0x1e src/main.o
                0x00000d76                SystemInit
 .text.PowerDetect
                0x00000d94       0x36 src/main.o
                0x00000d94                PowerDetect
 .text.startup.main
                0x00000dca       0x6a src/main.o
                0x00000dca                main
 .text.InitCamera
                0x00000e34      0x1d6 src/manager.o
                0x00000e34                InitCamera
 .text.GetMfRateByPos
                0x0000100a       0x7a src/manager.o
                0x0000100a                GetMfRateByPos
 .text.GetXRateByPos
                0x00001084       0x20 src/manager.o
                0x00001084                GetXRateByPos
 .text.ProcessAF
                0x000010a4       0x70 src/manager.o
                0x000010a4                ProcessAF
 .text.ProcessDisplay
                0x00001114       0x32 src/manager.o
                0x00001114                ProcessDisplay
 .text.ProcessWide
                0x00001146      0x114 src/manager.o
                0x00001146                ProcessWide
 .text.ProcessTele
                0x0000125a      0x112 src/manager.o
                0x0000125a                ProcessTele
 .text.ProcessTime
                0x0000136c       0x1c src/manager.o
                0x0000136c                ProcessTime
 .text.ProcessWhite
                0x00001388      0x118 src/manager.o
                0x00001388                ProcessWhite
 .text.ProcessFilter
                0x000014a0      0x116 src/manager.o
                0x000014a0                ProcessFilter
 .text.ProcessFreeze
                0x000015b6       0x7a src/manager.o
                0x000015b6                ProcessFreeze
 .text.ProcessAutoWB
                0x00001630       0x96 src/manager.o
                0x00001630                ProcessAutoWB
 .text.ProcessManualWB
                0x000016c6       0x9a src/manager.o
                0x000016c6                ProcessManualWB
 .text.ProcessSwitchRB
                0x00001760       0x44 src/manager.o
                0x00001760                ProcessSwitchRB
 .text.CMessageHandle
                0x000017a4       0x8e src/manager.o
                0x000017a4                CMessageHandle
 .text.CReleaseKeyMessageHandle
                0x00001832      0x102 src/manager.o
                0x00001832                CReleaseKeyMessageHandle
 .text.WhiteBalanceHandle
                0x00001934       0x50 src/manager.o
                0x00001934                WhiteBalanceHandle
 .text.CRemoteScanReadyTimerEvent
                0x00001984        0xc src/remote.o
                0x00001984                CRemoteScanReadyTimerEvent
 .text.CRemoteRepeatEnableTimerEvent
                0x00001990        0xc src/remote.o
                0x00001990                CRemoteRepeatEnableTimerEvent
 .text.RemoteInit
                0x0000199c        0xc src/remote.o
                0x0000199c                RemoteInit
 .text.CRemoteScanReady
                0x000019a8       0x26 src/remote.o
                0x000019a8                CRemoteScanReady
 .text.CRemoteScan
                0x000019ce       0x9a src/remote.o
                0x000019ce                CRemoteScan
 .text.CRemoteMessageConvert
                0x00001a68       0x3e src/remote.o
                0x00001a68                CRemoteMessageConvert
 .text.CRemoteMessageProc
                0x00001aa6       0x6c src/remote.o
                0x00001aa6                CRemoteMessageProc
 .text.CRemoteHandle
                0x00001b12       0x3a src/remote.o
                0x00001b12                CRemoteHandle
 .text.StatusInit
                0x00001b4c       0x46 src/status.o
                0x00001b4c                StatusInit
 .text.ProductInfoInit
                0x00001b92       0x32 src/status.o
                0x00001b92                ProductInfoInit
 .text.CTimerInit
                0x00001bc4       0x26 src/timer.o
                0x00001bc4                CTimerInit
 .text.CTimerHandle
                0x00001bea       0x54 src/timer.o
                0x00001bea                CTimerHandle
 .text.CTimerDecreaseTimerCnt
                0x00001c3e       0x3a src/timer.o
                0x00001c3e                CTimerDecreaseTimerCnt
 .text.__vector_13
                0x00001c78      0x10a src/timer.o
                0x00001c78                __vector_13
 .text.CTimerActiveTimerEvent
                0x00001d82       0x86 src/timer.o
                0x00001d82                CTimerActiveTimerEvent
 .text.CTimerReactiveTimerEvent
                0x00001e08       0x6a src/timer.o
                0x00001e08                CTimerReactiveTimerEvent
 .text.CTimerCancelTimerEvent
                0x00001e72       0x34 src/timer.o
                0x00001e72                CTimerCancelTimerEvent
 .text.CTimerInitialTimerEvent
                0x00001ea6       0x20 src/timer.o
                0x00001ea6                CTimerInitialTimerEvent
 .text.SetTitle2
                0x00001ec6      0x102 src/Title.o
                0x00001ec6                SetTitle2
 .text.SetTitle3
                0x00001fc8      0x19a src/Title.o
                0x00001fc8                SetTitle3
 .text.TitleHandle
                0x00002162       0x3a src/Title.o
                0x00002162                TitleHandle
 .text.ShowProductInfo
                0x0000219c      0x12a src/Title.o
                0x0000219c                ShowProductInfo
 .text.__vector_18
                0x000022c6       0xc4 src/usart.o
                0x000022c6                __vector_18
 .text.USART_Init
                0x0000238a       0x16 src/usart.o
                0x0000238a                USART_Init
 .text.MY_USART_Init
                0x000023a0        0x8 src/usart.o
                0x000023a0                MY_USART_Init
 .text.USART_SendUChar
                0x000023a8        0xe src/usart.o
                0x000023a8                USART_SendUChar
 .text.USART_SendCmd
                0x000023b6       0x44 src/usart.o
                0x000023b6                USART_SendCmd
 .text.libgcc.div
                0x000023fa       0x18 c:/program files (x86)/atmel/atmel toolchain/avr8 gcc/native/3.4.1061/avr8-gnu-toolchain/bin/../lib/gcc/avr/4.8.1/avr5\libgcc.a(_udivmodqi4.o)
                0x000023fa                __udivmodqi4
 .text.libgcc.div
                0x00002412       0x28 c:/program files (x86)/atmel/atmel toolchain/avr8 gcc/native/3.4.1061/avr8-gnu-toolchain/bin/../lib/gcc/avr/4.8.1/avr5\libgcc.a(_divmodhi4.o)
                0x00002412                _div
                0x00002412                __divmodhi4
 .text.libgcc.div
                0x0000243a       0x44 c:/program files (x86)/atmel/atmel toolchain/avr8 gcc/native/3.4.1061/avr8-gnu-toolchain/bin/../lib/gcc/avr/4.8.1/avr5\libgcc.a(_udivmodsi4.o)
                0x0000243a                __udivmodsi4
 .text.libgcc   0x0000247e        0xc c:/program files (x86)/atmel/atmel toolchain/avr8 gcc/native/3.4.1061/avr8-gnu-toolchain/bin/../lib/gcc/avr/4.8.1/avr5\libgcc.a(_tablejump.o)
                0x0000247e                __tablejump2__
                0x00002482                __tablejump__
 .text.libgcc.div
                0x0000248a       0x28 c:/program files (x86)/atmel/atmel toolchain/avr8 gcc/native/3.4.1061/avr8-gnu-toolchain/bin/../lib/gcc/avr/4.8.1/avr5\libgcc.a(_udivmodhi4.o)
                0x0000248a                __udivmodhi4
 .text.avr-libc
                0x000024b2       0x10 c:/program files (x86)/atmel/atmel toolchain/avr8 gcc/native/3.4.1061/avr8-gnu-toolchain/bin/../lib/gcc/avr/4.8.1/../../../../avr/lib/avr5\libc.a(eerd_byte_atmega168pa.o)
                0x000024b2                __eerd_byte_m168pa
 .text.avr-libc
                0x000024c2       0x1c c:/program files (x86)/atmel/atmel toolchain/avr8 gcc/native/3.4.1061/avr8-gnu-toolchain/bin/../lib/gcc/avr/4.8.1/../../../../avr/lib/avr5\libc.a(eewr_byte_atmega168pa.o)
                0x000024c2                __eewr_byte_m168pa
                0x000024c4                __eewr_r18_m168pa
                0x000024de                . = ALIGN (0x2)
 *(.fini9)
 .fini9         0x000024de        0x0 c:/program files (x86)/atmel/atmel toolchain/avr8 gcc/native/3.4.1061/avr8-gnu-toolchain/bin/../lib/gcc/avr/4.8.1/avr5\libgcc.a(_exit.o)
                0x000024de                _exit
                0x000024de                exit
 *(.fini9)
 *(.fini8)
 *(.fini8)
 *(.fini7)
 *(.fini7)
 *(.fini6)
 *(.fini6)
 *(.fini5)
 *(.fini5)
 *(.fini4)
 *(.fini4)
 *(.fini3)
 *(.fini3)
 *(.fini2)
 *(.fini2)
 *(.fini1)
 *(.fini1)
 *(.fini0)
 .fini0         0x000024de        0x4 c:/program files (x86)/atmel/atmel toolchain/avr8 gcc/native/3.4.1061/avr8-gnu-toolchain/bin/../lib/gcc/avr/4.8.1/avr5\libgcc.a(_exit.o)
 *(.fini0)
                0x000024e2                _etext = .

.data           0x00800100      0x142 load address 0x000024e2
                0x00800100                PROVIDE (__data_start, .)
 *(.data)
 *(.data*)
 .data.tCmd_VersionInq
                0x00800100        0x5 src/command.o
                0x00800100                tCmd_VersionInq
 .data.tCmd_IDInq
                0x00800105        0x5 src/command.o
                0x00800105                tCmd_IDInq
 .data.tCmd_BGainInq
                0x0080010a        0x5 src/command.o
                0x0080010a                tCmd_BGainInq
 .data.tCmd_RGainInq
                0x0080010f        0x5 src/command.o
                0x0080010f                tCmd_RGainInq
 .data.tCmd_FocusPosInq
                0x00800114        0x5 src/command.o
                0x00800114                tCmd_FocusPosInq
 .data.tCmd_ZoomPosInq
                0x00800119        0x5 src/command.o
                0x00800119                tCmd_ZoomPosInq
 .data.tCmd_TitleOn
                0x0080011e        0x6 src/command.o
                0x0080011e                tCmd_TitleOn
 .data.tCmd_TitleClear
                0x00800124        0x6 src/command.o
                0x00800124                tCmd_TitleClear
 .data.tCmd_TitleSet3
                0x0080012a       0x10 src/command.o
                0x0080012a                tCmd_TitleSet3
 .data.tCmd_TitleSet2
                0x0080013a       0x10 src/command.o
                0x0080013a                tCmd_TitleSet2
 .data.tCmd_TitleSet1
                0x0080014a       0x10 src/command.o
                0x0080014a                tCmd_TitleSet1
 .data.tCmd_PicEffectBW
                0x0080015a        0x6 src/command.o
                0x0080015a                tCmd_PicEffectBW
 .data.tCmd_PicEffectOff
                0x00800160        0x6 src/command.o
                0x00800160                tCmd_PicEffectOff
 .data.tCmd_FreezeOff
                0x00800166        0x6 src/command.o
                0x00800166                tCmd_FreezeOff
 .data.tCmd_FreezeOn
                0x0080016c        0x6 src/command.o
                0x0080016c                tCmd_FreezeOn
 .data.tCmd_ApertureDirect
                0x00800172        0x9 src/command.o
                0x00800172                tCmd_ApertureDirect
 .data.tCmd_ApertureReset
                0x0080017b        0x6 src/command.o
                0x0080017b                tCmd_ApertureReset
 .data.tCmd_BGainDirect
                0x00800181        0x9 src/command.o
                0x00800181                tCmd_BGainDirect
 .data.tCmd_RGainDirect
                0x0080018a        0x9 src/command.o
                0x0080018a                tCmd_RGainDirect
 .data.tCmd_WBManual
                0x00800193        0x6 src/command.o
                0x00800193                tCmd_WBManual
 .data.tCmd_WBATW
                0x00800199        0x6 src/command.o
                0x00800199                tCmd_WBATW
 .data.tCmd_NormalAF
                0x0080019f        0x6 src/command.o
                0x0080019f                tCmd_NormalAF
 .data.tCmd_ManualFocus
                0x008001a5        0x6 src/command.o
                0x008001a5                tCmd_ManualFocus
 .data.tCmd_AutoFocus
                0x008001ab        0x6 src/command.o
                0x008001ab                tCmd_AutoFocus
 .data.tCmd_FocusSNear
                0x008001b1        0x6 src/command.o
                0x008001b1                tCmd_FocusSNear
 .data.tCmd_FocusSFar
                0x008001b7        0x6 src/command.o
                0x008001b7                tCmd_FocusSFar
 .data.tCmd_StopFocus
                0x008001bd        0x6 src/command.o
                0x008001bd                tCmd_StopFocus
 .data.tCmd_ZoomDirect
                0x008001c3        0x9 src/command.o
                0x008001c3                tCmd_ZoomDirect
 .data.tCmd_ZoomVWide
                0x008001cc        0x6 src/command.o
                0x008001cc                tCmd_ZoomVWide
 .data.tCmd_ZoomVTele
                0x008001d2        0x6 src/command.o
                0x008001d2                tCmd_ZoomVTele
 .data.tCmd_ZoomStop
                0x008001d8        0x6 src/command.o
                0x008001d8                tCmd_ZoomStop
 .data.uiZoomRatioTable
                0x008001de       0x50 src/command.o
                0x008001de                uiZoomRatioTable
 .data.uiNumberTable
                0x0080022e        0xa src/Title.o
                0x0080022e                uiNumberTable
 *(.rodata)
 .rodata        0x00800238        0xa src/Title.o
 *(.rodata*)
 *(.gnu.linkonce.d*)
                0x00800242                . = ALIGN (0x2)
                0x00800242                _edata = .
                0x00800242                PROVIDE (__data_end, .)

.bss            0x00800242       0xc2
                0x00800242                PROVIDE (__bss_start, .)
 *(.bss)
 *(.bss*)
 .bss.g_ucTeleKeyRelease
                0x00800242        0x1 src/key.o
                0x00800242                g_ucTeleKeyRelease
 .bss.g_ucTeleKeyPress
                0x00800243        0x1 src/key.o
                0x00800243                g_ucTeleKeyPress
 .bss.g_ucWideKeyRelease
                0x00800244        0x1 src/key.o
                0x00800244                g_ucWideKeyRelease
 .bss.g_ucWideKeyPress
                0x00800245        0x1 src/key.o
                0x00800245                g_ucWideKeyPress
 .bss.g_ucKeyStateCurr
                0x00800246        0x2 src/key.o
                0x00800246                g_ucKeyStateCurr
 .bss.g_ucKeyStatePrev
                0x00800248        0x2 src/key.o
                0x00800248                g_ucKeyStatePrev
 .bss.g_ucKeyMessage
                0x0080024a        0x1 src/key.o
                0x0080024a                g_ucKeyMessage
 .bss.g_ucKeyControl
                0x0080024b        0x1 src/key.o
                0x0080024b                g_ucKeyControl
 .bss.g_ucTeleRemoteRelease
                0x0080024c        0x1 src/remote.o
                0x0080024c                g_ucTeleRemoteRelease
 .bss.g_ucTeleRemotePress
                0x0080024d        0x1 src/remote.o
                0x0080024d                g_ucTeleRemotePress
 .bss.g_ucWideRemoteRelease
                0x0080024e        0x1 src/remote.o
                0x0080024e                g_ucWideRemoteRelease
 .bss.g_ucWideRemotePress
                0x0080024f        0x1 src/remote.o
                0x0080024f                g_ucWideRemotePress
 .bss.g_ucRemoteStatePrev
                0x00800250        0x1 src/remote.o
                0x00800250                g_ucRemoteStatePrev
 .bss.g_ucRemoteMessage
                0x00800251        0x1 src/remote.o
                0x00800251                g_ucRemoteMessage
 .bss.g_ucRemoteControl
                0x00800252        0x1 src/remote.o
                0x00800252                g_ucRemoteControl
 .bss.g_ucRemoteStateCurr
                0x00800253        0x1 src/remote.o
                0x00800253                g_ucRemoteStateCurr
 .bss.g_ucSecondCnt
                0x00800254        0x1 src/timer.o
                0x00800254                g_ucSecondCnt
 .bss.g_ucMinuteCnt
                0x00800255        0x1 src/timer.o
                0x00800255                g_ucMinuteCnt
 .bss.g_bTimerChange
                0x00800256        0x1 src/timer.o
                0x00800256                g_bTimerChange
 .bss.g_bTimer1Ctrl
                0x00800257        0x1 src/timer.o
                0x00800257                g_bTimer1Ctrl
 .bss.g_ucTimer1Cnt
                0x00800258        0x4 src/timer.o
                0x00800258                g_ucTimer1Cnt
 .bss.ucSecondCnt.2427
                0x0080025c        0x1 src/Title.o
 .bss.ucMinuteCnt.2426
                0x0080025d        0x1 src/Title.o
 .bss.g_bTitle2Change
                0x0080025e        0x1 src/Title.o
                0x0080025e                g_bTitle2Change
 .bss.g_bTitle1Change
                0x0080025f        0x1 src/Title.o
                0x0080025f                g_bTitle1Change
 .bss.ReplyLength
                0x00800260        0x1 src/usart.o
                0x00800260                ReplyLength
 .bss.ReplyHeadFoundA
                0x00800261        0x1 src/usart.o
                0x00800261                ReplyHeadFoundA
 *(COMMON)
 COMMON         0x00800262       0x2e src/command.o
                0x00800262                g_stCameraCmd
 COMMON         0x00800290       0x29 src/status.o
                0x00800290                g_stStatusCmd
                0x008002ad                g_stProductInfo
 COMMON         0x008002b9       0x2a src/timer.o
                0x008002b9                g_stTimerEvent
 COMMON         0x008002e3       0x21 src/usart.o
                0x008002e3                ReplyBuf
                0x00800303                rev_data
                0x00800304                PROVIDE (__bss_end, .)
                0x000024e2                __data_load_start = LOADADDR (.data)
                0x00002624                __data_load_end = (__data_load_start + SIZEOF (.data))

.noinit         0x00800304        0x0
                0x00800304                PROVIDE (__noinit_start, .)
 *(.noinit*)
                0x00800304                PROVIDE (__noinit_end, .)
                0x00800304                _end = .
                0x00800304                PROVIDE (__heap_start, .)

.eeprom         0x00810000        0x0
 *(.eeprom*)
                0x00810000                __eeprom_end = .

.fuse
 *(.fuse)
 *(.lfuse)
 *(.hfuse)
 *(.efuse)

.lock
 *(.lock*)

.signature
 *(.signature*)

.user_signatures
 *(.user_signatures*)

.stab
 *(.stab)

.stabstr
 *(.stabstr)

.stab.excl
 *(.stab.excl)

.stab.exclstr
 *(.stab.exclstr)

.stab.index
 *(.stab.index)

.stab.indexstr
 *(.stab.indexstr)

.comment        0x00000000       0x30
 *(.comment)
 .comment       0x00000000       0x30 src/command.o
                                 0x31 (size before relaxing)
 .comment       0x00000000       0x31 src/key.o
 .comment       0x00000000       0x31 src/led.o
 .comment       0x00000000       0x31 src/main.o
 .comment       0x00000000       0x31 src/manager.o
 .comment       0x00000000       0x31 src/remote.o
 .comment       0x00000000       0x31 src/status.o
 .comment       0x00000000       0x31 src/timer.o
 .comment       0x00000000       0x31 src/Title.o
 .comment       0x00000000       0x31 src/usart.o

.note.gnu.build-id
 *(.note.gnu.build-id)

.debug
 *(.debug)

.line
 *(.line)

.debug_srcinfo
 *(.debug_srcinfo)

.debug_sfnames
 *(.debug_sfnames)

.debug_aranges  0x00000000      0x488
 *(.debug_aranges)
 .debug_aranges
                0x00000000      0x1c0 src/command.o
 .debug_aranges
                0x000001c0       0x58 src/key.o
 .debug_aranges
                0x00000218       0x38 src/led.o
 .debug_aranges
                0x00000250       0x30 src/main.o
 .debug_aranges
                0x00000280       0xa0 src/manager.o
 .debug_aranges
                0x00000320       0x58 src/remote.o
 .debug_aranges
                0x00000378       0x28 src/status.o
 .debug_aranges
                0x000003a0       0x58 src/timer.o
 .debug_aranges
                0x000003f8       0x38 src/Title.o
 .debug_aranges
                0x00000430       0x58 src/usart.o

.debug_pubnames
 *(.debug_pubnames)

.debug_info     0x00000000     0x5d76
 *(.debug_info .gnu.linkonce.wi.*)
 .debug_info    0x00000000     0x1642 src/command.o
 .debug_info    0x00001642      0x7b3 src/key.o
 .debug_info    0x00001df5      0x1c6 src/led.o
 .debug_info    0x00001fbb      0x891 src/main.o
 .debug_info    0x0000284c     0x1a9b src/manager.o
 .debug_info    0x000042e7      0x3d8 src/remote.o
 .debug_info    0x000046bf      0x497 src/status.o
 .debug_info    0x00004b56      0x638 src/timer.o
 .debug_info    0x0000518e      0x741 src/Title.o
 .debug_info    0x000058cf      0x4a7 src/usart.o

.debug_abbrev   0x00000000     0x1178
 *(.debug_abbrev)
 .debug_abbrev  0x00000000      0x1af src/command.o
 .debug_abbrev  0x000001af      0x260 src/key.o
 .debug_abbrev  0x0000040f       0xfa src/led.o
 .debug_abbrev  0x00000509      0x1a7 src/main.o
 .debug_abbrev  0x000006b0      0x2e7 src/manager.o
 .debug_abbrev  0x00000997      0x17f src/remote.o
 .debug_abbrev  0x00000b16       0xe7 src/status.o
 .debug_abbrev  0x00000bfd      0x165 src/timer.o
 .debug_abbrev  0x00000d62      0x1fe src/Title.o
 .debug_abbrev  0x00000f60      0x218 src/usart.o

.debug_line     0x00000000     0x1997
 *(.debug_line .debug_line.* .debug_line_end)
 .debug_line    0x00000000      0x55f src/command.o
 .debug_line    0x0000055f      0x242 src/key.o
 .debug_line    0x000007a1      0x185 src/led.o
 .debug_line    0x00000926      0x1db src/main.o
 .debug_line    0x00000b01      0x62f src/manager.o
 .debug_line    0x00001130      0x1b3 src/remote.o
 .debug_line    0x000012e3      0x101 src/status.o
 .debug_line    0x000013e4      0x1a4 src/timer.o
 .debug_line    0x00001588      0x20f src/Title.o
 .debug_line    0x00001797      0x200 src/usart.o

.debug_frame    0x00000000      0x9e0
 *(.debug_frame)
 .debug_frame   0x00000000      0x3b4 src/command.o
 .debug_frame   0x000003b4       0xa0 src/key.o
 .debug_frame   0x00000454       0x6c src/led.o
 .debug_frame   0x000004c0       0x44 src/main.o
 .debug_frame   0x00000504      0x154 src/manager.o
 .debug_frame   0x00000658       0x94 src/remote.o
 .debug_frame   0x000006ec       0x34 src/status.o
 .debug_frame   0x00000720      0x11c src/timer.o
 .debug_frame   0x0000083c       0x94 src/Title.o
 .debug_frame   0x000008d0      0x110 src/usart.o

.debug_str      0x00000000     0x18c3
 *(.debug_str)
 .debug_str     0x00000000      0xf3c src/command.o
                                0xf8a (size before relaxing)
 .debug_str     0x00000f3c      0x345 src/key.o
                                0x8b7 (size before relaxing)
 .debug_str     0x00001281       0x34 src/led.o
                                0x1dd (size before relaxing)
 .debug_str     0x000012b5      0x193 src/main.o
                                0x915 (size before relaxing)
 .debug_str     0x00001448      0x11e src/manager.o
                                0xc22 (size before relaxing)
 .debug_str     0x00001566      0x1bd src/remote.o
                                0x4c0 (size before relaxing)
 .debug_str     0x00001723       0x15 src/status.o
                                0x5e4 (size before relaxing)
 .debug_str     0x00001738       0xb5 src/timer.o
                                0x6c1 (size before relaxing)
 .debug_str     0x000017ed       0x31 src/Title.o
                                0x6fe (size before relaxing)
 .debug_str     0x0000181e       0xa5 src/usart.o
                                0x3eb (size before relaxing)

.debug_loc      0x00000000     0x203f
 *(.debug_loc)
 .debug_loc     0x00000000      0x6ef src/command.o
 .debug_loc     0x000006ef      0x16e src/key.o
 .debug_loc     0x0000085d      0x125 src/led.o
 .debug_loc     0x00000982      0xb94 src/manager.o
 .debug_loc     0x00001516       0xe4 src/remote.o
 .debug_loc     0x000015fa       0x84 src/status.o
 .debug_loc     0x0000167e      0x2d7 src/timer.o
 .debug_loc     0x00001955      0x3d6 src/Title.o
 .debug_loc     0x00001d2b      0x314 src/usart.o

.debug_macinfo
 *(.debug_macinfo)

.debug_weaknames
 *(.debug_weaknames)

.debug_funcnames
 *(.debug_funcnames)

.debug_typenames
 *(.debug_typenames)

.debug_varnames
 *(.debug_varnames)

.debug_pubtypes
 *(.debug_pubtypes)

.debug_ranges   0x00000000      0x3e8
 *(.debug_ranges)
 .debug_ranges  0x00000000      0x1b0 src/command.o
 .debug_ranges  0x000001b0       0x48 src/key.o
 .debug_ranges  0x000001f8       0x28 src/led.o
 .debug_ranges  0x00000220       0x20 src/main.o
 .debug_ranges  0x00000240       0x90 src/manager.o
 .debug_ranges  0x000002d0       0x48 src/remote.o
 .debug_ranges  0x00000318       0x18 src/status.o
 .debug_ranges  0x00000330       0x48 src/timer.o
 .debug_ranges  0x00000378       0x28 src/Title.o
 .debug_ranges  0x000003a0       0x48 src/usart.o

.debug_macro
 *(.debug_macro)
OUTPUT(CAMcontrol.elf elf32-avr)
LOAD linker stubs
