Archive member included because of file (symbol)

c:/program files (x86)/atmel/atmel toolchain/avr8 gcc/native/3.4.1061/avr8-gnu-toolchain/bin/../lib/gcc/avr/4.8.1/avr5\libgcc.a(_mulsi3.o)
                              src/manager.o (__mulsi3)
c:/program files (x86)/atmel/atmel toolchain/avr8 gcc/native/3.4.1061/avr8-gnu-toolchain/bin/../lib/gcc/avr/4.8.1/avr5\libgcc.a(_divmodhi4.o)
                              src/Title.o (__divmodhi4)
c:/program files (x86)/atmel/atmel toolchain/avr8 gcc/native/3.4.1061/avr8-gnu-toolchain/bin/../lib/gcc/avr/4.8.1/avr5\libgcc.a(_udivmodsi4.o)
                              src/manager.o (__udivmodsi4)
c:/program files (x86)/atmel/atmel toolchain/avr8 gcc/native/3.4.1061/avr8-gnu-toolchain/bin/../lib/gcc/avr/4.8.1/avr5\libgcc.a(_exit.o)
                              c:/program files (x86)/atmel/atmel toolchain/avr8 gcc/native/3.4.1061/avr8-gnu-toolchain/bin/../lib/gcc/avr/4.8.1/../../../../avr/lib/avr5/crtm168pa.o (exit)
c:/program files (x86)/atmel/atmel toolchain/avr8 gcc/native/3.4.1061/avr8-gnu-toolchain/bin/../lib/gcc/avr/4.8.1/avr5\libgcc.a(_tablejump.o)
                              src/manager.o (__tablejump2__)
c:/program files (x86)/atmel/atmel toolchain/avr8 gcc/native/3.4.1061/avr8-gnu-toolchain/bin/../lib/gcc/avr/4.8.1/avr5\libgcc.a(_copy_data.o)
                              src/command.o (__do_copy_data)
c:/program files (x86)/atmel/atmel toolchain/avr8 gcc/native/3.4.1061/avr8-gnu-toolchain/bin/../lib/gcc/avr/4.8.1/avr5\libgcc.a(_clear_bss.o)
                              src/command.o (__do_clear_bss)
c:/program files (x86)/atmel/atmel toolchain/avr8 gcc/native/3.4.1061/avr8-gnu-toolchain/bin/../lib/gcc/avr/4.8.1/avr5\libgcc.a(_muluhisi3.o)
                              c:/program files (x86)/atmel/atmel toolchain/avr8 gcc/native/3.4.1061/avr8-gnu-toolchain/bin/../lib/gcc/avr/4.8.1/avr5\libgcc.a(_mulsi3.o) (__muluhisi3)
c:/program files (x86)/atmel/atmel toolchain/avr8 gcc/native/3.4.1061/avr8-gnu-toolchain/bin/../lib/gcc/avr/4.8.1/avr5\libgcc.a(_udivmodhi4.o)
                              c:/program files (x86)/atmel/atmel toolchain/avr8 gcc/native/3.4.1061/avr8-gnu-toolchain/bin/../lib/gcc/avr/4.8.1/avr5\libgcc.a(_divmodhi4.o) (__udivmodhi4)
c:/program files (x86)/atmel/atmel toolchain/avr8 gcc/native/3.4.1061/avr8-gnu-toolchain/bin/../lib/gcc/avr/4.8.1/avr5\libgcc.a(_umulhisi3.o)
                              c:/program files (x86)/atmel/atmel toolchain/avr8 gcc/native/3.4.1061/avr8-gnu-toolchain/bin/../lib/gcc/avr/4.8.1/avr5\libgcc.a(_muluhisi3.o) (__umulhisi3)
c:/program files (x86)/atmel/atmel toolchain/avr8 gcc/native/3.4.1061/avr8-gnu-toolchain/bin/../lib/gcc/avr/4.8.1/../../../../avr/lib/avr5\libc.a(eerd_byte_atmega168pa.o)
                              src/manager.o (__eerd_byte_m168pa)
c:/program files (x86)/atmel/atmel toolchain/avr8 gcc/native/3.4.1061/avr8-gnu-toolchain/bin/../lib/gcc/avr/4.8.1/../../../../avr/lib/avr5\libc.a(eewr_byte_atmega168pa.o)
                              src/manager.o (__eewr_byte_m168pa)

Allocating common symbols
Common symbol       size              file

ReplyBuf            0x20              src/usart.o
g_stStatusCmd       0x27              src/status.o
rev_data            0x1               src/usart.o
g_stCameraCmd       0x2e              src/command.o
g_stTimerEvent      0x2a              src/timer.o
g_stProductInfo     0xc               src/status.o

Discarded input sections

 .data          0x00000000        0x0 c:/program files (x86)/atmel/atmel toolchain/avr8 gcc/native/3.4.1061/avr8-gnu-toolchain/bin/../lib/gcc/avr/4.8.1/../../../../avr/lib/avr5/crtm168pa.o
 .bss           0x00000000        0x0 c:/program files (x86)/atmel/atmel toolchain/avr8 gcc/native/3.4.1061/avr8-gnu-toolchain/bin/../lib/gcc/avr/4.8.1/../../../../avr/lib/avr5/crtm168pa.o
 .text          0x00000000        0x0 src/command.o
 .data          0x00000000        0x0 src/command.o
 .bss           0x00000000        0x0 src/command.o
 .text.CAM_SetDZoomDirect
                0x00000000       0xa0 src/command.o
 .text.CAM_SetZoomFocus
                0x00000000       0x38 src/command.o
 .text.CAM_SetRGainUp
                0x00000000       0x38 src/command.o
 .text.CAM_SetRGainDown
                0x00000000       0x38 src/command.o
 .text.CAM_SetBGainUp
                0x00000000       0x38 src/command.o
 .text.CAM_SetBGainDown
                0x00000000       0x38 src/command.o
 .text.CAM_SetCustomReset
                0x00000000       0x38 src/command.o
 .text.CAM_SetCustomRecall
                0x00000000       0x38 src/command.o
 .text.CAM_SetTitleOff
                0x00000000       0x82 src/command.o
 .text.CAM_GetType
                0x00000000       0x38 src/command.o
 .text.CAM_InqWBmode
                0x00000000       0x38 src/command.o
 .text.IsBLOSSOM
                0x00000000       0x36 src/command.o
 .text.GetWBmode
                0x00000000       0x12 src/command.o
 .rodata.AllCamCmd
                0x00000000      0xa3e src/command.o
 .data.tCmd_WBmodeInq
                0x00000000        0x5 src/command.o
 .data.tCmd_TitleOff
                0x00000000        0x6 src/command.o
 .data.tCmd_TitleOff_480
                0x00000000        0x6 src/command.o
 .data.tCmd_TypeGet
                0x00000000        0x6 src/command.o
 .data.tCmd_CustomRecall
                0x00000000        0x7 src/command.o
 .data.tCmd_CustomReset
                0x00000000        0x7 src/command.o
 .data.tCmd_BGainDown
                0x00000000        0x6 src/command.o
 .data.tCmd_BGainUp
                0x00000000        0x6 src/command.o
 .data.tCmd_RGainDown
                0x00000000        0x6 src/command.o
 .data.tCmd_RGainUp
                0x00000000        0x6 src/command.o
 .data.tCmd_ZoomFocus
                0x00000000        0xd src/command.o
 .data.tCmd_DZoomDirect
                0x00000000        0x9 src/command.o
 .text          0x00000000        0x0 src/key.o
 .data          0x00000000        0x0 src/key.o
 .bss           0x00000000        0x0 src/key.o
 .text          0x00000000        0x0 src/led.o
 .data          0x00000000        0x0 src/led.o
 .bss           0x00000000        0x0 src/led.o
 .text          0x00000000        0x0 src/main.o
 .data          0x00000000        0x0 src/main.o
 .bss           0x00000000        0x0 src/main.o
 .text          0x00000000        0x0 src/manager.o
 .data          0x00000000        0x0 src/manager.o
 .bss           0x00000000        0x0 src/manager.o
 .text.GetMfRateByPos
                0x00000000        0xa src/manager.o
 .text.ProcessCapture
                0x00000000       0x26 src/manager.o
 .bss.g_u8AutoFocusGetMaxCount
                0x00000000        0x1 src/manager.o
 .bss.g_u16AutoFocusEnding
                0x00000000        0x2 src/manager.o
 .text          0x00000000        0x0 src/remote.o
 .data          0x00000000        0x0 src/remote.o
 .bss           0x00000000        0x0 src/remote.o
 .text          0x00000000        0x0 src/status.o
 .data          0x00000000        0x0 src/status.o
 .bss           0x00000000        0x0 src/status.o
 .text          0x00000000        0x0 src/timer.o
 .data          0x00000000        0x0 src/timer.o
 .bss           0x00000000        0x0 src/timer.o
 .text          0x00000000        0x0 src/Title.o
 .data          0x00000000        0x0 src/Title.o
 .bss           0x00000000        0x0 src/Title.o
 .text          0x00000000        0x0 src/usart.o
 .data          0x00000000        0x0 src/usart.o
 .bss           0x00000000        0x0 src/usart.o
 .text.USART_SendChar
                0x00000000       0x10 src/usart.o
 .text.USART_Receive
                0x00000000       0x10 src/usart.o
 .text.USART_GetCommand
                0x00000000       0x64 src/usart.o
 .data.ReplyType
                0x00000000        0x1 src/usart.o
 .text          0x00000000        0x0 c:/program files (x86)/atmel/atmel toolchain/avr8 gcc/native/3.4.1061/avr8-gnu-toolchain/bin/../lib/gcc/avr/4.8.1/avr5\libgcc.a(_mulsi3.o)
 .data          0x00000000        0x0 c:/program files (x86)/atmel/atmel toolchain/avr8 gcc/native/3.4.1061/avr8-gnu-toolchain/bin/../lib/gcc/avr/4.8.1/avr5\libgcc.a(_mulsi3.o)
 .bss           0x00000000        0x0 c:/program files (x86)/atmel/atmel toolchain/avr8 gcc/native/3.4.1061/avr8-gnu-toolchain/bin/../lib/gcc/avr/4.8.1/avr5\libgcc.a(_mulsi3.o)
 .text.libgcc.div
                0x00000000        0x0 c:/program files (x86)/atmel/atmel toolchain/avr8 gcc/native/3.4.1061/avr8-gnu-toolchain/bin/../lib/gcc/avr/4.8.1/avr5\libgcc.a(_mulsi3.o)
 .text.libgcc   0x00000000        0x0 c:/program files (x86)/atmel/atmel toolchain/avr8 gcc/native/3.4.1061/avr8-gnu-toolchain/bin/../lib/gcc/avr/4.8.1/avr5\libgcc.a(_mulsi3.o)
 .text.libgcc.prologue
                0x00000000        0x0 c:/program files (x86)/atmel/atmel toolchain/avr8 gcc/native/3.4.1061/avr8-gnu-toolchain/bin/../lib/gcc/avr/4.8.1/avr5\libgcc.a(_mulsi3.o)
 .text.libgcc.builtins
                0x00000000        0x0 c:/program files (x86)/atmel/atmel toolchain/avr8 gcc/native/3.4.1061/avr8-gnu-toolchain/bin/../lib/gcc/avr/4.8.1/avr5\libgcc.a(_mulsi3.o)
 .text.libgcc.fmul
                0x00000000        0x0 c:/program files (x86)/atmel/atmel toolchain/avr8 gcc/native/3.4.1061/avr8-gnu-toolchain/bin/../lib/gcc/avr/4.8.1/avr5\libgcc.a(_mulsi3.o)
 .text.libgcc.fixed
                0x00000000        0x0 c:/program files (x86)/atmel/atmel toolchain/avr8 gcc/native/3.4.1061/avr8-gnu-toolchain/bin/../lib/gcc/avr/4.8.1/avr5\libgcc.a(_mulsi3.o)
 .text          0x00000000        0x0 c:/program files (x86)/atmel/atmel toolchain/avr8 gcc/native/3.4.1061/avr8-gnu-toolchain/bin/../lib/gcc/avr/4.8.1/avr5\libgcc.a(_divmodhi4.o)
 .data          0x00000000        0x0 c:/program files (x86)/atmel/atmel toolchain/avr8 gcc/native/3.4.1061/avr8-gnu-toolchain/bin/../lib/gcc/avr/4.8.1/avr5\libgcc.a(_divmodhi4.o)
 .bss           0x00000000        0x0 c:/program files (x86)/atmel/atmel toolchain/avr8 gcc/native/3.4.1061/avr8-gnu-toolchain/bin/../lib/gcc/avr/4.8.1/avr5\libgcc.a(_divmodhi4.o)
 .text.libgcc.mul
                0x00000000        0x0 c:/program files (x86)/atmel/atmel toolchain/avr8 gcc/native/3.4.1061/avr8-gnu-toolchain/bin/../lib/gcc/avr/4.8.1/avr5\libgcc.a(_divmodhi4.o)
 .text.libgcc   0x00000000        0x0 c:/program files (x86)/atmel/atmel toolchain/avr8 gcc/native/3.4.1061/avr8-gnu-toolchain/bin/../lib/gcc/avr/4.8.1/avr5\libgcc.a(_divmodhi4.o)
 .text.libgcc.prologue
                0x00000000        0x0 c:/program files (x86)/atmel/atmel toolchain/avr8 gcc/native/3.4.1061/avr8-gnu-toolchain/bin/../lib/gcc/avr/4.8.1/avr5\libgcc.a(_divmodhi4.o)
 .text.libgcc.builtins
                0x00000000        0x0 c:/program files (x86)/atmel/atmel toolchain/avr8 gcc/native/3.4.1061/avr8-gnu-toolchain/bin/../lib/gcc/avr/4.8.1/avr5\libgcc.a(_divmodhi4.o)
 .text.libgcc.fmul
                0x00000000        0x0 c:/program files (x86)/atmel/atmel toolchain/avr8 gcc/native/3.4.1061/avr8-gnu-toolchain/bin/../lib/gcc/avr/4.8.1/avr5\libgcc.a(_divmodhi4.o)
 .text.libgcc.fixed
                0x00000000        0x0 c:/program files (x86)/atmel/atmel toolchain/avr8 gcc/native/3.4.1061/avr8-gnu-toolchain/bin/../lib/gcc/avr/4.8.1/avr5\libgcc.a(_divmodhi4.o)
 .text          0x00000000        0x0 c:/program files (x86)/atmel/atmel toolchain/avr8 gcc/native/3.4.1061/avr8-gnu-toolchain/bin/../lib/gcc/avr/4.8.1/avr5\libgcc.a(_udivmodsi4.o)
 .data          0x00000000        0x0 c:/program files (x86)/atmel/atmel toolchain/avr8 gcc/native/3.4.1061/avr8-gnu-toolchain/bin/../lib/gcc/avr/4.8.1/avr5\libgcc.a(_udivmodsi4.o)
 .bss           0x00000000        0x0 c:/program files (x86)/atmel/atmel toolchain/avr8 gcc/native/3.4.1061/avr8-gnu-toolchain/bin/../lib/gcc/avr/4.8.1/avr5\libgcc.a(_udivmodsi4.o)
 .text.libgcc.mul
                0x00000000        0x0 c:/program files (x86)/atmel/atmel toolchain/avr8 gcc/native/3.4.1061/avr8-gnu-toolchain/bin/../lib/gcc/avr/4.8.1/avr5\libgcc.a(_udivmodsi4.o)
 .text.libgcc   0x00000000        0x0 c:/program files (x86)/atmel/atmel toolchain/avr8 gcc/native/3.4.1061/avr8-gnu-toolchain/bin/../lib/gcc/avr/4.8.1/avr5\libgcc.a(_udivmodsi4.o)
 .text.libgcc.prologue
                0x00000000        0x0 c:/program files (x86)/atmel/atmel toolchain/avr8 gcc/native/3.4.1061/avr8-gnu-toolchain/bin/../lib/gcc/avr/4.8.1/avr5\libgcc.a(_udivmodsi4.o)
 .text.libgcc.builtins
                0x00000000        0x0 c:/program files (x86)/atmel/atmel toolchain/avr8 gcc/native/3.4.1061/avr8-gnu-toolchain/bin/../lib/gcc/avr/4.8.1/avr5\libgcc.a(_udivmodsi4.o)
 .text.libgcc.fmul
                0x00000000        0x0 c:/program files (x86)/atmel/atmel toolchain/avr8 gcc/native/3.4.1061/avr8-gnu-toolchain/bin/../lib/gcc/avr/4.8.1/avr5\libgcc.a(_udivmodsi4.o)
 .text.libgcc.fixed
                0x00000000        0x0 c:/program files (x86)/atmel/atmel toolchain/avr8 gcc/native/3.4.1061/avr8-gnu-toolchain/bin/../lib/gcc/avr/4.8.1/avr5\libgcc.a(_udivmodsi4.o)
 .text          0x00000000        0x0 c:/program files (x86)/atmel/atmel toolchain/avr8 gcc/native/3.4.1061/avr8-gnu-toolchain/bin/../lib/gcc/avr/4.8.1/avr5\libgcc.a(_exit.o)
 .data          0x00000000        0x0 c:/program files (x86)/atmel/atmel toolchain/avr8 gcc/native/3.4.1061/avr8-gnu-toolchain/bin/../lib/gcc/avr/4.8.1/avr5\libgcc.a(_exit.o)
 .bss           0x00000000        0x0 c:/program files (x86)/atmel/atmel toolchain/avr8 gcc/native/3.4.1061/avr8-gnu-toolchain/bin/../lib/gcc/avr/4.8.1/avr5\libgcc.a(_exit.o)
 .text.libgcc.mul
                0x00000000        0x0 c:/program files (x86)/atmel/atmel toolchain/avr8 gcc/native/3.4.1061/avr8-gnu-toolchain/bin/../lib/gcc/avr/4.8.1/avr5\libgcc.a(_exit.o)
 .text.libgcc.div
                0x00000000        0x0 c:/program files (x86)/atmel/atmel toolchain/avr8 gcc/native/3.4.1061/avr8-gnu-toolchain/bin/../lib/gcc/avr/4.8.1/avr5\libgcc.a(_exit.o)
 .text.libgcc   0x00000000        0x0 c:/program files (x86)/atmel/atmel toolchain/avr8 gcc/native/3.4.1061/avr8-gnu-toolchain/bin/../lib/gcc/avr/4.8.1/avr5\libgcc.a(_exit.o)
 .text.libgcc.prologue
                0x00000000        0x0 c:/program files (x86)/atmel/atmel toolchain/avr8 gcc/native/3.4.1061/avr8-gnu-toolchain/bin/../lib/gcc/avr/4.8.1/avr5\libgcc.a(_exit.o)
 .text.libgcc.builtins
                0x00000000        0x0 c:/program files (x86)/atmel/atmel toolchain/avr8 gcc/native/3.4.1061/avr8-gnu-toolchain/bin/../lib/gcc/avr/4.8.1/avr5\libgcc.a(_exit.o)
 .text.libgcc.fmul
                0x00000000        0x0 c:/program files (x86)/atmel/atmel toolchain/avr8 gcc/native/3.4.1061/avr8-gnu-toolchain/bin/../lib/gcc/avr/4.8.1/avr5\libgcc.a(_exit.o)
 .text.libgcc.fixed
                0x00000000        0x0 c:/program files (x86)/atmel/atmel toolchain/avr8 gcc/native/3.4.1061/avr8-gnu-toolchain/bin/../lib/gcc/avr/4.8.1/avr5\libgcc.a(_exit.o)
 .text          0x00000000        0x0 c:/program files (x86)/atmel/atmel toolchain/avr8 gcc/native/3.4.1061/avr8-gnu-toolchain/bin/../lib/gcc/avr/4.8.1/avr5\libgcc.a(_tablejump.o)
 .data          0x00000000        0x0 c:/program files (x86)/atmel/atmel toolchain/avr8 gcc/native/3.4.1061/avr8-gnu-toolchain/bin/../lib/gcc/avr/4.8.1/avr5\libgcc.a(_tablejump.o)
 .bss           0x00000000        0x0 c:/program files (x86)/atmel/atmel toolchain/avr8 gcc/native/3.4.1061/avr8-gnu-toolchain/bin/../lib/gcc/avr/4.8.1/avr5\libgcc.a(_tablejump.o)
 .text.libgcc.mul
                0x00000000        0x0 c:/program files (x86)/atmel/atmel toolchain/avr8 gcc/native/3.4.1061/avr8-gnu-toolchain/bin/../lib/gcc/avr/4.8.1/avr5\libgcc.a(_tablejump.o)
 .text.libgcc.div
                0x00000000        0x0 c:/program files (x86)/atmel/atmel toolchain/avr8 gcc/native/3.4.1061/avr8-gnu-toolchain/bin/../lib/gcc/avr/4.8.1/avr5\libgcc.a(_tablejump.o)
 .text.libgcc.prologue
                0x00000000        0x0 c:/program files (x86)/atmel/atmel toolchain/avr8 gcc/native/3.4.1061/avr8-gnu-toolchain/bin/../lib/gcc/avr/4.8.1/avr5\libgcc.a(_tablejump.o)
 .text.libgcc.builtins
                0x00000000        0x0 c:/program files (x86)/atmel/atmel toolchain/avr8 gcc/native/3.4.1061/avr8-gnu-toolchain/bin/../lib/gcc/avr/4.8.1/avr5\libgcc.a(_tablejump.o)
 .text.libgcc.fmul
                0x00000000        0x0 c:/program files (x86)/atmel/atmel toolchain/avr8 gcc/native/3.4.1061/avr8-gnu-toolchain/bin/../lib/gcc/avr/4.8.1/avr5\libgcc.a(_tablejump.o)
 .text.libgcc.fixed
                0x00000000        0x0 c:/program files (x86)/atmel/atmel toolchain/avr8 gcc/native/3.4.1061/avr8-gnu-toolchain/bin/../lib/gcc/avr/4.8.1/avr5\libgcc.a(_tablejump.o)
 .text          0x00000000        0x0 c:/program files (x86)/atmel/atmel toolchain/avr8 gcc/native/3.4.1061/avr8-gnu-toolchain/bin/../lib/gcc/avr/4.8.1/avr5\libgcc.a(_copy_data.o)
 .data          0x00000000        0x0 c:/program files (x86)/atmel/atmel toolchain/avr8 gcc/native/3.4.1061/avr8-gnu-toolchain/bin/../lib/gcc/avr/4.8.1/avr5\libgcc.a(_copy_data.o)
 .bss           0x00000000        0x0 c:/program files (x86)/atmel/atmel toolchain/avr8 gcc/native/3.4.1061/avr8-gnu-toolchain/bin/../lib/gcc/avr/4.8.1/avr5\libgcc.a(_copy_data.o)
 .text.libgcc.mul
                0x00000000        0x0 c:/program files (x86)/atmel/atmel toolchain/avr8 gcc/native/3.4.1061/avr8-gnu-toolchain/bin/../lib/gcc/avr/4.8.1/avr5\libgcc.a(_copy_data.o)
 .text.libgcc.div
                0x00000000        0x0 c:/program files (x86)/atmel/atmel toolchain/avr8 gcc/native/3.4.1061/avr8-gnu-toolchain/bin/../lib/gcc/avr/4.8.1/avr5\libgcc.a(_copy_data.o)
 .text.libgcc   0x00000000        0x0 c:/program files (x86)/atmel/atmel toolchain/avr8 gcc/native/3.4.1061/avr8-gnu-toolchain/bin/../lib/gcc/avr/4.8.1/avr5\libgcc.a(_copy_data.o)
 .text.libgcc.prologue
                0x00000000        0x0 c:/program files (x86)/atmel/atmel toolchain/avr8 gcc/native/3.4.1061/avr8-gnu-toolchain/bin/../lib/gcc/avr/4.8.1/avr5\libgcc.a(_copy_data.o)
 .text.libgcc.builtins
                0x00000000        0x0 c:/program files (x86)/atmel/atmel toolchain/avr8 gcc/native/3.4.1061/avr8-gnu-toolchain/bin/../lib/gcc/avr/4.8.1/avr5\libgcc.a(_copy_data.o)
 .text.libgcc.fmul
                0x00000000        0x0 c:/program files (x86)/atmel/atmel toolchain/avr8 gcc/native/3.4.1061/avr8-gnu-toolchain/bin/../lib/gcc/avr/4.8.1/avr5\libgcc.a(_copy_data.o)
 .text.libgcc.fixed
                0x00000000        0x0 c:/program files (x86)/atmel/atmel toolchain/avr8 gcc/native/3.4.1061/avr8-gnu-toolchain/bin/../lib/gcc/avr/4.8.1/avr5\libgcc.a(_copy_data.o)
 .text          0x00000000        0x0 c:/program files (x86)/atmel/atmel toolchain/avr8 gcc/native/3.4.1061/avr8-gnu-toolchain/bin/../lib/gcc/avr/4.8.1/avr5\libgcc.a(_clear_bss.o)
 .data          0x00000000        0x0 c:/program files (x86)/atmel/atmel toolchain/avr8 gcc/native/3.4.1061/avr8-gnu-toolchain/bin/../lib/gcc/avr/4.8.1/avr5\libgcc.a(_clear_bss.o)
 .bss           0x00000000        0x0 c:/program files (x86)/atmel/atmel toolchain/avr8 gcc/native/3.4.1061/avr8-gnu-toolchain/bin/../lib/gcc/avr/4.8.1/avr5\libgcc.a(_clear_bss.o)
 .text.libgcc.mul
                0x00000000        0x0 c:/program files (x86)/atmel/atmel toolchain/avr8 gcc/native/3.4.1061/avr8-gnu-toolchain/bin/../lib/gcc/avr/4.8.1/avr5\libgcc.a(_clear_bss.o)
 .text.libgcc.div
                0x00000000        0x0 c:/program files (x86)/atmel/atmel toolchain/avr8 gcc/native/3.4.1061/avr8-gnu-toolchain/bin/../lib/gcc/avr/4.8.1/avr5\libgcc.a(_clear_bss.o)
 .text.libgcc   0x00000000        0x0 c:/program files (x86)/atmel/atmel toolchain/avr8 gcc/native/3.4.1061/avr8-gnu-toolchain/bin/../lib/gcc/avr/4.8.1/avr5\libgcc.a(_clear_bss.o)
 .text.libgcc.prologue
                0x00000000        0x0 c:/program files (x86)/atmel/atmel toolchain/avr8 gcc/native/3.4.1061/avr8-gnu-toolchain/bin/../lib/gcc/avr/4.8.1/avr5\libgcc.a(_clear_bss.o)
 .text.libgcc.builtins
                0x00000000        0x0 c:/program files (x86)/atmel/atmel toolchain/avr8 gcc/native/3.4.1061/avr8-gnu-toolchain/bin/../lib/gcc/avr/4.8.1/avr5\libgcc.a(_clear_bss.o)
 .text.libgcc.fmul
                0x00000000        0x0 c:/program files (x86)/atmel/atmel toolchain/avr8 gcc/native/3.4.1061/avr8-gnu-toolchain/bin/../lib/gcc/avr/4.8.1/avr5\libgcc.a(_clear_bss.o)
 .text.libgcc.fixed
                0x00000000        0x0 c:/program files (x86)/atmel/atmel toolchain/avr8 gcc/native/3.4.1061/avr8-gnu-toolchain/bin/../lib/gcc/avr/4.8.1/avr5\libgcc.a(_clear_bss.o)
 .text          0x00000000        0x0 c:/program files (x86)/atmel/atmel toolchain/avr8 gcc/native/3.4.1061/avr8-gnu-toolchain/bin/../lib/gcc/avr/4.8.1/avr5\libgcc.a(_muluhisi3.o)
 .data          0x00000000        0x0 c:/program files (x86)/atmel/atmel toolchain/avr8 gcc/native/3.4.1061/avr8-gnu-toolchain/bin/../lib/gcc/avr/4.8.1/avr5\libgcc.a(_muluhisi3.o)
 .bss           0x00000000        0x0 c:/program files (x86)/atmel/atmel toolchain/avr8 gcc/native/3.4.1061/avr8-gnu-toolchain/bin/../lib/gcc/avr/4.8.1/avr5\libgcc.a(_muluhisi3.o)
 .text.libgcc.div
                0x00000000        0x0 c:/program files (x86)/atmel/atmel toolchain/avr8 gcc/native/3.4.1061/avr8-gnu-toolchain/bin/../lib/gcc/avr/4.8.1/avr5\libgcc.a(_muluhisi3.o)
 .text.libgcc   0x00000000        0x0 c:/program files (x86)/atmel/atmel toolchain/avr8 gcc/native/3.4.1061/avr8-gnu-toolchain/bin/../lib/gcc/avr/4.8.1/avr5\libgcc.a(_muluhisi3.o)
 .text.libgcc.prologue
                0x00000000        0x0 c:/program files (x86)/atmel/atmel toolchain/avr8 gcc/native/3.4.1061/avr8-gnu-toolchain/bin/../lib/gcc/avr/4.8.1/avr5\libgcc.a(_muluhisi3.o)
 .text.libgcc.builtins
                0x00000000        0x0 c:/program files (x86)/atmel/atmel toolchain/avr8 gcc/native/3.4.1061/avr8-gnu-toolchain/bin/../lib/gcc/avr/4.8.1/avr5\libgcc.a(_muluhisi3.o)
 .text.libgcc.fmul
                0x00000000        0x0 c:/program files (x86)/atmel/atmel toolchain/avr8 gcc/native/3.4.1061/avr8-gnu-toolchain/bin/../lib/gcc/avr/4.8.1/avr5\libgcc.a(_muluhisi3.o)
 .text.libgcc.fixed
                0x00000000        0x0 c:/program files (x86)/atmel/atmel toolchain/avr8 gcc/native/3.4.1061/avr8-gnu-toolchain/bin/../lib/gcc/avr/4.8.1/avr5\libgcc.a(_muluhisi3.o)
 .text          0x00000000        0x0 c:/program files (x86)/atmel/atmel toolchain/avr8 gcc/native/3.4.1061/avr8-gnu-toolchain/bin/../lib/gcc/avr/4.8.1/avr5\libgcc.a(_udivmodhi4.o)
 .data          0x00000000        0x0 c:/program files (x86)/atmel/atmel toolchain/avr8 gcc/native/3.4.1061/avr8-gnu-toolchain/bin/../lib/gcc/avr/4.8.1/avr5\libgcc.a(_udivmodhi4.o)
 .bss           0x00000000        0x0 c:/program files (x86)/atmel/atmel toolchain/avr8 gcc/native/3.4.1061/avr8-gnu-toolchain/bin/../lib/gcc/avr/4.8.1/avr5\libgcc.a(_udivmodhi4.o)
 .text.libgcc.mul
                0x00000000        0x0 c:/program files (x86)/atmel/atmel toolchain/avr8 gcc/native/3.4.1061/avr8-gnu-toolchain/bin/../lib/gcc/avr/4.8.1/avr5\libgcc.a(_udivmodhi4.o)
 .text.libgcc   0x00000000        0x0 c:/program files (x86)/atmel/atmel toolchain/avr8 gcc/native/3.4.1061/avr8-gnu-toolchain/bin/../lib/gcc/avr/4.8.1/avr5\libgcc.a(_udivmodhi4.o)
 .text.libgcc.prologue
                0x00000000        0x0 c:/program files (x86)/atmel/atmel toolchain/avr8 gcc/native/3.4.1061/avr8-gnu-toolchain/bin/../lib/gcc/avr/4.8.1/avr5\libgcc.a(_udivmodhi4.o)
 .text.libgcc.builtins
                0x00000000        0x0 c:/program files (x86)/atmel/atmel toolchain/avr8 gcc/native/3.4.1061/avr8-gnu-toolchain/bin/../lib/gcc/avr/4.8.1/avr5\libgcc.a(_udivmodhi4.o)
 .text.libgcc.fmul
                0x00000000        0x0 c:/program files (x86)/atmel/atmel toolchain/avr8 gcc/native/3.4.1061/avr8-gnu-toolchain/bin/../lib/gcc/avr/4.8.1/avr5\libgcc.a(_udivmodhi4.o)
 .text.libgcc.fixed
                0x00000000        0x0 c:/program files (x86)/atmel/atmel toolchain/avr8 gcc/native/3.4.1061/avr8-gnu-toolchain/bin/../lib/gcc/avr/4.8.1/avr5\libgcc.a(_udivmodhi4.o)
 .text          0x00000000        0x0 c:/program files (x86)/atmel/atmel toolchain/avr8 gcc/native/3.4.1061/avr8-gnu-toolchain/bin/../lib/gcc/avr/4.8.1/avr5\libgcc.a(_umulhisi3.o)
 .data          0x00000000        0x0 c:/program files (x86)/atmel/atmel toolchain/avr8 gcc/native/3.4.1061/avr8-gnu-toolchain/bin/../lib/gcc/avr/4.8.1/avr5\libgcc.a(_umulhisi3.o)
 .bss           0x00000000        0x0 c:/program files (x86)/atmel/atmel toolchain/avr8 gcc/native/3.4.1061/avr8-gnu-toolchain/bin/../lib/gcc/avr/4.8.1/avr5\libgcc.a(_umulhisi3.o)
 .text.libgcc.div
                0x00000000        0x0 c:/program files (x86)/atmel/atmel toolchain/avr8 gcc/native/3.4.1061/avr8-gnu-toolchain/bin/../lib/gcc/avr/4.8.1/avr5\libgcc.a(_umulhisi3.o)
 .text.libgcc   0x00000000        0x0 c:/program files (x86)/atmel/atmel toolchain/avr8 gcc/native/3.4.1061/avr8-gnu-toolchain/bin/../lib/gcc/avr/4.8.1/avr5\libgcc.a(_umulhisi3.o)
 .text.libgcc.prologue
                0x00000000        0x0 c:/program files (x86)/atmel/atmel toolchain/avr8 gcc/native/3.4.1061/avr8-gnu-toolchain/bin/../lib/gcc/avr/4.8.1/avr5\libgcc.a(_umulhisi3.o)
 .text.libgcc.builtins
                0x00000000        0x0 c:/program files (x86)/atmel/atmel toolchain/avr8 gcc/native/3.4.1061/avr8-gnu-toolchain/bin/../lib/gcc/avr/4.8.1/avr5\libgcc.a(_umulhisi3.o)
 .text.libgcc.fmul
                0x00000000        0x0 c:/program files (x86)/atmel/atmel toolchain/avr8 gcc/native/3.4.1061/avr8-gnu-toolchain/bin/../lib/gcc/avr/4.8.1/avr5\libgcc.a(_umulhisi3.o)
 .text.libgcc.fixed
                0x00000000        0x0 c:/program files (x86)/atmel/atmel toolchain/avr8 gcc/native/3.4.1061/avr8-gnu-toolchain/bin/../lib/gcc/avr/4.8.1/avr5\libgcc.a(_umulhisi3.o)
 .text          0x00000000        0x0 c:/program files (x86)/atmel/atmel toolchain/avr8 gcc/native/3.4.1061/avr8-gnu-toolchain/bin/../lib/gcc/avr/4.8.1/../../../../avr/lib/avr5\libc.a(eerd_byte_atmega168pa.o)
 .data          0x00000000        0x0 c:/program files (x86)/atmel/atmel toolchain/avr8 gcc/native/3.4.1061/avr8-gnu-toolchain/bin/../lib/gcc/avr/4.8.1/../../../../avr/lib/avr5\libc.a(eerd_byte_atmega168pa.o)
 .bss           0x00000000        0x0 c:/program files (x86)/atmel/atmel toolchain/avr8 gcc/native/3.4.1061/avr8-gnu-toolchain/bin/../lib/gcc/avr/4.8.1/../../../../avr/lib/avr5\libc.a(eerd_byte_atmega168pa.o)
 .text          0x00000000        0x0 c:/program files (x86)/atmel/atmel toolchain/avr8 gcc/native/3.4.1061/avr8-gnu-toolchain/bin/../lib/gcc/avr/4.8.1/../../../../avr/lib/avr5\libc.a(eewr_byte_atmega168pa.o)
 .data          0x00000000        0x0 c:/program files (x86)/atmel/atmel toolchain/avr8 gcc/native/3.4.1061/avr8-gnu-toolchain/bin/../lib/gcc/avr/4.8.1/../../../../avr/lib/avr5\libc.a(eewr_byte_atmega168pa.o)
 .bss           0x00000000        0x0 c:/program files (x86)/atmel/atmel toolchain/avr8 gcc/native/3.4.1061/avr8-gnu-toolchain/bin/../lib/gcc/avr/4.8.1/../../../../avr/lib/avr5\libc.a(eewr_byte_atmega168pa.o)

Memory Configuration

Name             Origin             Length             Attributes
text             0x00000000         0x00020000         xr
data             0x00800060         0x0000ffa0         rw !x
eeprom           0x00810000         0x00010000         rw !x
fuse             0x00820000         0x00000400         rw !x
lock             0x00830000         0x00000400         rw !x
signature        0x00840000         0x00000400         rw !x
user_signatures  0x00850000         0x00000400         rw !x
*default*        0x00000000         0xffffffff

Linker script and memory map

Address of section .data set to 0x800100
LOAD c:/program files (x86)/atmel/atmel toolchain/avr8 gcc/native/3.4.1061/avr8-gnu-toolchain/bin/../lib/gcc/avr/4.8.1/../../../../avr/lib/avr5/crtm168pa.o
LOAD src/command.o
LOAD src/key.o
LOAD src/led.o
LOAD src/main.o
LOAD src/manager.o
LOAD src/remote.o
LOAD src/status.o
LOAD src/timer.o
LOAD src/Title.o
LOAD src/usart.o
START GROUP
END GROUP
START GROUP
LOAD c:/program files (x86)/atmel/atmel toolchain/avr8 gcc/native/3.4.1061/avr8-gnu-toolchain/bin/../lib/gcc/avr/4.8.1/avr5\libgcc.a
LOAD c:/program files (x86)/atmel/atmel toolchain/avr8 gcc/native/3.4.1061/avr8-gnu-toolchain/bin/../lib/gcc/avr/4.8.1/../../../../avr/lib/avr5\libm.a
LOAD c:/program files (x86)/atmel/atmel toolchain/avr8 gcc/native/3.4.1061/avr8-gnu-toolchain/bin/../lib/gcc/avr/4.8.1/../../../../avr/lib/avr5\libc.a
END GROUP

.hash
 *(.hash)

.dynsym
 *(.dynsym)

.dynstr
 *(.dynstr)

.gnu.version
 *(.gnu.version)

.gnu.version_d
 *(.gnu.version_d)

.gnu.version_r
 *(.gnu.version_r)

.rel.init
 *(.rel.init)

.rela.init
 *(.rela.init)

.rel.text
 *(.rel.text)
 *(.rel.text.*)
 *(.rel.gnu.linkonce.t*)

.rela.text
 *(.rela.text)
 *(.rela.text.*)
 *(.rela.gnu.linkonce.t*)

.rel.fini
 *(.rel.fini)

.rela.fini
 *(.rela.fini)

.rel.rodata
 *(.rel.rodata)
 *(.rel.rodata.*)
 *(.rel.gnu.linkonce.r*)

.rela.rodata
 *(.rela.rodata)
 *(.rela.rodata.*)
 *(.rela.gnu.linkonce.r*)

.rel.data
 *(.rel.data)
 *(.rel.data.*)
 *(.rel.gnu.linkonce.d*)

.rela.data
 *(.rela.data)
 *(.rela.data.*)
 *(.rela.gnu.linkonce.d*)

.rel.ctors
 *(.rel.ctors)

.rela.ctors
 *(.rela.ctors)

.rel.dtors
 *(.rel.dtors)

.rela.dtors
 *(.rela.dtors)

.rel.got
 *(.rel.got)

.rela.got
 *(.rela.got)

.rel.bss
 *(.rel.bss)

.rela.bss
 *(.rela.bss)

.rel.plt
 *(.rel.plt)

.rela.plt
 *(.rela.plt)

.text           0x00000000     0x3484
 *(.vectors)
 .vectors       0x00000000       0x68 c:/program files (x86)/atmel/atmel toolchain/avr8 gcc/native/3.4.1061/avr8-gnu-toolchain/bin/../lib/gcc/avr/4.8.1/../../../../avr/lib/avr5/crtm168pa.o
                0x00000000                __vector_default
                0x00000000                __vectors
 *(.vectors)
 *(.progmem.gcc*)
 .progmem.gcc_sw_table.CMessageHandle
                0x00000068       0x28 src/manager.o
 .progmem.gcc_sw_table.CRemoteScan
                0x00000090       0x18 src/remote.o
                0x000000a8                . = ALIGN (0x2)
                0x000000a8                __trampolines_start = .
 *(.trampolines)
 .trampolines   0x000000a8        0x0 linker stubs
 *(.trampolines*)
                0x000000a8                __trampolines_end = .
 *(.progmem*)
                0x000000a8                . = ALIGN (0x2)
 *(.jumptables)
 *(.jumptables*)
 *(.lowtext)
 *(.lowtext*)
                0x000000a8                __ctors_start = .
 *(.ctors)
                0x000000a8                __ctors_end = .
                0x000000a8                __dtors_start = .
 *(.dtors)
                0x000000a8                __dtors_end = .
 SORT(*)(.ctors)
 SORT(*)(.dtors)
 *(.init0)
 .init0         0x000000a8        0x0 c:/program files (x86)/atmel/atmel toolchain/avr8 gcc/native/3.4.1061/avr8-gnu-toolchain/bin/../lib/gcc/avr/4.8.1/../../../../avr/lib/avr5/crtm168pa.o
                0x000000a8                __init
 *(.init0)
 *(.init1)
 *(.init1)
 *(.init2)
 .init2         0x000000a8        0xc c:/program files (x86)/atmel/atmel toolchain/avr8 gcc/native/3.4.1061/avr8-gnu-toolchain/bin/../lib/gcc/avr/4.8.1/../../../../avr/lib/avr5/crtm168pa.o
 *(.init2)
 *(.init3)
 *(.init3)
 *(.init4)
 .init4         0x000000b4       0x16 c:/program files (x86)/atmel/atmel toolchain/avr8 gcc/native/3.4.1061/avr8-gnu-toolchain/bin/../lib/gcc/avr/4.8.1/avr5\libgcc.a(_copy_data.o)
                0x000000b4                __do_copy_data
 .init4         0x000000ca       0x10 c:/program files (x86)/atmel/atmel toolchain/avr8 gcc/native/3.4.1061/avr8-gnu-toolchain/bin/../lib/gcc/avr/4.8.1/avr5\libgcc.a(_clear_bss.o)
                0x000000ca                __do_clear_bss
 *(.init4)
 *(.init5)
 *(.init5)
 *(.init6)
 *(.init6)
 *(.init7)
 *(.init7)
 *(.init8)
 *(.init8)
 *(.init9)
 .init9         0x000000da        0x8 c:/program files (x86)/atmel/atmel toolchain/avr8 gcc/native/3.4.1061/avr8-gnu-toolchain/bin/../lib/gcc/avr/4.8.1/../../../../avr/lib/avr5/crtm168pa.o
 *(.init9)
 *(.text)
 .text          0x000000e2        0x4 c:/program files (x86)/atmel/atmel toolchain/avr8 gcc/native/3.4.1061/avr8-gnu-toolchain/bin/../lib/gcc/avr/4.8.1/../../../../avr/lib/avr5/crtm168pa.o
                0x000000e2                __vector_22
                0x000000e2                __vector_1
                0x000000e2                __vector_24
                0x000000e2                __vector_12
                0x000000e2                __bad_interrupt
                0x000000e2                __vector_6
                0x000000e2                __vector_3
                0x000000e2                __vector_23
                0x000000e2                __vector_25
                0x000000e2                __vector_11
                0x000000e2                __vector_17
                0x000000e2                __vector_19
                0x000000e2                __vector_7
                0x000000e2                __vector_5
                0x000000e2                __vector_4
                0x000000e2                __vector_9
                0x000000e2                __vector_2
                0x000000e2                __vector_21
                0x000000e2                __vector_15
                0x000000e2                __vector_8
                0x000000e2                __vector_14
                0x000000e2                __vector_10
                0x000000e2                __vector_16
                0x000000e2                __vector_20
                0x000000e6                . = ALIGN (0x2)
 *(.text.*)
 .text.CAM_SetZoomStop
                0x000000e6       0x38 src/command.o
                0x000000e6                CAM_SetZoomStop
 .text.CAM_SetZoomVTele
                0x0000011e       0x38 src/command.o
                0x0000011e                CAM_SetZoomVTele
 .text.CAM_SetZoomVWide
                0x00000156       0x38 src/command.o
                0x00000156                CAM_SetZoomVWide
 .text.CAM_SetZoomDirect
                0x0000018e       0xa0 src/command.o
                0x0000018e                CAM_SetZoomDirect
 .text.CAM_SetDZoomOn
                0x0000022e       0x38 src/command.o
                0x0000022e                CAM_SetDZoomOn
 .text.CAM_SetStopFocus
                0x00000266       0x38 src/command.o
                0x00000266                CAM_SetStopFocus
 .text.CAM_SetSFarFocus
                0x0000029e       0x38 src/command.o
                0x0000029e                CAM_SetSFarFocus
 .text.CAM_SetSNearFocus
                0x000002d6       0x38 src/command.o
                0x000002d6                CAM_SetSNearFocus
 .text.CAM_SetAutoFocus
                0x0000030e       0x3c src/command.o
                0x0000030e                CAM_SetAutoFocus
 .text.CAM_SetManualFocus
                0x0000034a       0x40 src/command.o
                0x0000034a                CAM_SetManualFocus
 .text.CAM_SetFocusDirect
                0x0000038a       0x6c src/command.o
                0x0000038a                CAM_SetFocusDirect
 .text.CAM_SetNormalAF
                0x000003f6       0x38 src/command.o
                0x000003f6                CAM_SetNormalAF
 .text.CAM_SetWBATW
                0x0000042e       0x38 src/command.o
                0x0000042e                CAM_SetWBATW
 .text.CAM_SetWBMaunal
                0x00000466       0x38 src/command.o
                0x00000466                CAM_SetWBMaunal
 .text.CAM_SetRGainDirect
                0x0000049e       0x4a src/command.o
                0x0000049e                CAM_SetRGainDirect
 .text.CAM_SetBGainDirect
                0x000004e8       0x4a src/command.o
                0x000004e8                CAM_SetBGainDirect
 .text.CAM_SetApertureReset
                0x00000532       0x38 src/command.o
                0x00000532                CAM_SetApertureReset
 .text.CAM_SetApertureDirect
                0x0000056a       0x4e src/command.o
                0x0000056a                CAM_SetApertureDirect
 .text.CAM_SetFreezeOn
                0x000005b8       0x38 src/command.o
                0x000005b8                CAM_SetFreezeOn
 .text.CAM_SetFreezeOff
                0x000005f0       0x38 src/command.o
                0x000005f0                CAM_SetFreezeOff
 .text.CAM_SetPicEffectOff
                0x00000628       0x38 src/command.o
                0x00000628                CAM_SetPicEffectOff
 .text.CAM_SetPicEffectBW
                0x00000660       0x38 src/command.o
                0x00000660                CAM_SetPicEffectBW
 .text.CAM_SetFlipOn
                0x00000698       0x38 src/command.o
                0x00000698                CAM_SetFlipOn
 .text.CAM_SetFlipOff
                0x000006d0       0x38 src/command.o
                0x000006d0                CAM_SetFlipOff
 .text.CAM_SetMirrorOn
                0x00000708       0x38 src/command.o
                0x00000708                CAM_SetMirrorOn
 .text.CAM_SetMirrorOff
                0x00000740       0x38 src/command.o
                0x00000740                CAM_SetMirrorOff
 .text.CAM_SetCustomSet
                0x00000778       0x38 src/command.o
                0x00000778                CAM_SetCustomSet
 .text.CAM_SetTitleSet1
                0x000007b0       0x8e src/command.o
                0x000007b0                CAM_SetTitleSet1
 .text.CAM_SetTitleSet2
                0x0000083e       0xa8 src/command.o
                0x0000083e                CAM_SetTitleSet2
 .text.CAM_SetTitleSet3
                0x000008e6       0xa8 src/command.o
                0x000008e6                CAM_SetTitleSet3
 .text.CAM_SetTitleClear
                0x0000098e       0x82 src/command.o
                0x0000098e                CAM_SetTitleClear
 .text.CAM_SetTitleOn
                0x00000a10       0x82 src/command.o
                0x00000a10                CAM_SetTitleOn
 .text.CAM_SetSAVEAVOn
                0x00000a92       0x38 src/command.o
                0x00000a92                CAM_SetSAVEAVOn
 .text.CAM_InqZoomPos
                0x00000aca       0x38 src/command.o
                0x00000aca                CAM_InqZoomPos
 .text.CAM_InqFocusPos
                0x00000b02       0x38 src/command.o
                0x00000b02                CAM_InqFocusPos
 .text.CAM_InqFocusNearLimitPos
                0x00000b3a       0x38 src/command.o
                0x00000b3a                CAM_InqFocusNearLimitPos
 .text.CAM_InqRGain
                0x00000b72       0x38 src/command.o
                0x00000b72                CAM_InqRGain
 .text.CAM_InqBGain
                0x00000baa       0x38 src/command.o
                0x00000baa                CAM_InqBGain
 .text.CAM_InqID
                0x00000be2       0x38 src/command.o
                0x00000be2                CAM_InqID
 .text.CAM_InqVersion
                0x00000c1a       0x38 src/command.o
                0x00000c1a                CAM_InqVersion
 .text.GetCameraId
                0x00000c52       0x52 src/command.o
                0x00000c52                GetCameraId
 .text.GetZoomPos
                0x00000ca4       0x4a src/command.o
                0x00000ca4                GetZoomPos
 .text.GetFocusPos
                0x00000cee       0x4a src/command.o
                0x00000cee                GetFocusPos
 .text.GetCameraVersion
                0x00000d38       0x14 src/command.o
                0x00000d38                GetCameraVersion
 .text.GetRGain
                0x00000d4c       0x20 src/command.o
                0x00000d4c                GetRGain
 .text.GetBGain
                0x00000d6c       0x20 src/command.o
                0x00000d6c                GetBGain
 .text.CommandInit
                0x00000d8c       0x6c src/command.o
                0x00000d8c                CommandInit
 .text.CommandLoadBuf
                0x00000df8       0x7e src/command.o
                0x00000df8                CommandLoadBuf
 .text.GetInquiryResult
                0x00000e76       0x36 src/command.o
                0x00000e76                GetInquiryResult
 .text.GetFocusNearLimitPos
                0x00000eac       0x24 src/command.o
                0x00000eac                GetFocusNearLimitPos
 .text.CommandHandle
                0x00000ed0       0x2a src/command.o
                0x00000ed0                CommandHandle
 .text.CKeyScanReadyTimerEvent
                0x00000efa        0xc src/key.o
                0x00000efa                CKeyScanReadyTimerEvent
 .text.CKeyRepeatEnableTimerEvent
                0x00000f06        0xc src/key.o
                0x00000f06                CKeyRepeatEnableTimerEvent
 .text.KeyInit  0x00000f12       0x14 src/key.o
                0x00000f12                KeyInit
 .text.CKeyScan
                0x00000f26       0x62 src/key.o
                0x00000f26                CKeyScan
 .text.CKeyScanReady
                0x00000f88       0x36 src/key.o
                0x00000f88                CKeyScanReady
 .text.CKeyMessageConvert
                0x00000fbe       0x82 src/key.o
                0x00000fbe                CKeyMessageConvert
 .text.CKeyMessageProc
                0x00001040      0x106 src/key.o
                0x00001040                CKeyMessageProc
 .text.CKeyHandle
                0x00001146       0x60 src/key.o
                0x00001146                CKeyHandle
 .text.LedInit  0x000011a6        0x4 src/led.o
                0x000011a6                LedInit
 .text.LedOn    0x000011aa        0x4 src/led.o
                0x000011aa                LedOn
 .text.LedOff   0x000011ae        0x4 src/led.o
                0x000011ae                LedOff
 .text.LedFlashing
                0x000011b2       0x44 src/led.o
                0x000011b2                LedFlashing
 .text.SystemInit
                0x000011f6       0x1e src/main.o
                0x000011f6                SystemInit
 .text.PowerDetect
                0x00001214       0x34 src/main.o
                0x00001214                PowerDetect
 .text.main     0x00001248       0x6a src/main.o
                0x00001248                main
 .text.IsInTheTable
                0x000012b2       0x36 src/manager.o
                0x000012b2                IsInTheTable
 .text.GetFocusStep
                0x000012e8       0x7a src/manager.o
                0x000012e8                GetFocusStep
 .text.GetCamType
                0x00001362       0x70 src/manager.o
                0x00001362                GetCamType
 .text.InitFlashDelay
                0x000013d2       0x46 src/manager.o
                0x000013d2                InitFlashDelay
 .text.InitCamera
                0x00001418      0x258 src/manager.o
                0x00001418                InitCamera
 .text.GetXRateByPos
                0x00001670       0xa2 src/manager.o
                0x00001670                GetXRateByPos
 .text.ProcessAF
                0x00001712       0xba src/manager.o
                0x00001712                ProcessAF
 .text.ProcessDisplay
                0x000017cc       0x46 src/manager.o
                0x000017cc                ProcessDisplay
 .text.ProcessWide
                0x00001812      0x19c src/manager.o
                0x00001812                ProcessWide
 .text.ProcessTele
                0x000019ae      0x19e src/manager.o
                0x000019ae                ProcessTele
 .text.ProcessTime
                0x00001b4c       0x1c src/manager.o
                0x00001b4c                ProcessTime
 .text.ProcessAutoWB
                0x00001b68       0x96 src/manager.o
                0x00001b68                ProcessAutoWB
 .text.ProcessManualWB
                0x00001bfe       0x9a src/manager.o
                0x00001bfe                ProcessManualWB
 .text.ProcessSwitchRB
                0x00001c98       0x54 src/manager.o
                0x00001c98                ProcessSwitchRB
 .text.CReleaseKeyMessageHandle
                0x00001cec      0x284 src/manager.o
                0x00001cec                CReleaseKeyMessageHandle
 .text.WhiteBalanceHandle
                0x00001f70       0x5c src/manager.o
                0x00001f70                WhiteBalanceHandle
 .text.SetWhiteModeNormal
                0x00001fcc       0x20 src/manager.o
                0x00001fcc                SetWhiteModeNormal
 .text.SetWhiteModeFA
                0x00001fec       0x1e src/manager.o
                0x00001fec                SetWhiteModeFA
 .text.SetWhiteModeFB
                0x0000200a       0x20 src/manager.o
                0x0000200a                SetWhiteModeFB
 .text.SetFilterG1
                0x0000202a       0x3a src/manager.o
                0x0000202a                SetFilterG1
 .text.SetFilterG2
                0x00002064       0x3c src/manager.o
                0x00002064                SetFilterG2
 .text.SetFilterG3
                0x000020a0       0x3c src/manager.o
                0x000020a0                SetFilterG3
 .text.SaveRBGainValue
                0x000020dc      0x12e src/manager.o
                0x000020dc                SaveRBGainValue
 .text.ProcessFreeze
                0x0000220a       0x3c src/manager.o
                0x0000220a                ProcessFreeze
 .text.UnSaveRBGainValue
                0x00002246       0x64 src/manager.o
                0x00002246                UnSaveRBGainValue
 .text.ProcessWhite
                0x000022aa       0x62 src/manager.o
                0x000022aa                ProcessWhite
 .text.ProcessFilter
                0x0000230c       0x42 src/manager.o
                0x0000230c                ProcessFilter
 .text.SetMirrorOn
                0x0000234e       0x6e src/manager.o
                0x0000234e                SetMirrorOn
 .text.SetMirrorOff
                0x000023bc       0x68 src/manager.o
                0x000023bc                SetMirrorOff
 .text.SetFlipOn
                0x00002424       0x6c src/manager.o
                0x00002424                SetFlipOn
 .text.SetFlipOff
                0x00002490       0x68 src/manager.o
                0x00002490                SetFlipOff
 .text.ProcessEM
                0x000024f8       0x40 src/manager.o
                0x000024f8                ProcessEM
 .text.CMessageHandle
                0x00002538       0xa2 src/manager.o
                0x00002538                CMessageHandle
 .text.CRemoteScanReadyTimerEvent
                0x000025da        0xc src/remote.o
                0x000025da                CRemoteScanReadyTimerEvent
 .text.CRemoteRepeatEnableTimerEvent
                0x000025e6        0xc src/remote.o
                0x000025e6                CRemoteRepeatEnableTimerEvent
 .text.RemoteInit
                0x000025f2        0xc src/remote.o
                0x000025f2                RemoteInit
 .text.CRemoteScanReady
                0x000025fe       0x36 src/remote.o
                0x000025fe                CRemoteScanReady
 .text.CRemoteScan
                0x00002634       0x64 src/remote.o
                0x00002634                CRemoteScan
 .text.CRemoteMessageConvert
                0x00002698       0x70 src/remote.o
                0x00002698                CRemoteMessageConvert
 .text.CRemoteMessageProc
                0x00002708       0x92 src/remote.o
                0x00002708                CRemoteMessageProc
 .text.CRemoteHandle
                0x0000279a       0x52 src/remote.o
                0x0000279a                CRemoteHandle
 .text.StatusInit
                0x000027ec       0x50 src/status.o
                0x000027ec                StatusInit
 .text.ProductInfoInit
                0x0000283c       0x60 src/status.o
                0x0000283c                ProductInfoInit
 .text.CTimerInit
                0x0000289c       0x26 src/timer.o
                0x0000289c                CTimerInit
 .text.CTimerHandle
                0x000028c2       0x5e src/timer.o
                0x000028c2                CTimerHandle
 .text.CTimerDecreaseTimerCnt
                0x00002920       0x44 src/timer.o
                0x00002920                CTimerDecreaseTimerCnt
 .text.__vector_13
                0x00002964      0x196 src/timer.o
                0x00002964                __vector_13
 .text.CTimerActiveTimerEvent
                0x00002afa       0xc0 src/timer.o
                0x00002afa                CTimerActiveTimerEvent
 .text.CTimerReactiveTimerEvent
                0x00002bba       0x70 src/timer.o
                0x00002bba                CTimerReactiveTimerEvent
 .text.CTimerCancelTimerEvent
                0x00002c2a       0x40 src/timer.o
                0x00002c2a                CTimerCancelTimerEvent
 .text.CTimerInitialTimerEvent
                0x00002c6a       0x22 src/timer.o
                0x00002c6a                CTimerInitialTimerEvent
 .text.SetTitle2
                0x00002c8c      0x126 src/Title.o
                0x00002c8c                SetTitle2
 .text.SetTitle3
                0x00002db2      0x246 src/Title.o
                0x00002db2                SetTitle3
 .text.TitleHandle
                0x00002ff8       0x3a src/Title.o
                0x00002ff8                TitleHandle
 .text.ShowProductInfo
                0x00003032      0x206 src/Title.o
                0x00003032                ShowProductInfo
 .text.__vector_18
                0x00003238       0xc8 src/usart.o
                0x00003238                __vector_18
 .text.USART_Init
                0x00003300       0x16 src/usart.o
                0x00003300                USART_Init
 .text.MY_USART_Init
                0x00003316        0xa src/usart.o
                0x00003316                MY_USART_Init
 .text.USART_SendUChar
                0x00003320       0x10 src/usart.o
                0x00003320                USART_SendUChar
 .text.USART_SendCmd
                0x00003330       0x30 src/usart.o
                0x00003330                USART_SendCmd
 .text.libgcc.mul
                0x00003360       0x20 c:/program files (x86)/atmel/atmel toolchain/avr8 gcc/native/3.4.1061/avr8-gnu-toolchain/bin/../lib/gcc/avr/4.8.1/avr5\libgcc.a(_mulsi3.o)
                0x00003360                __mulsi3
 .text.libgcc.div
                0x00003380       0x28 c:/program files (x86)/atmel/atmel toolchain/avr8 gcc/native/3.4.1061/avr8-gnu-toolchain/bin/../lib/gcc/avr/4.8.1/avr5\libgcc.a(_divmodhi4.o)
                0x00003380                _div
                0x00003380                __divmodhi4
 .text.libgcc.div
                0x000033a8       0x44 c:/program files (x86)/atmel/atmel toolchain/avr8 gcc/native/3.4.1061/avr8-gnu-toolchain/bin/../lib/gcc/avr/4.8.1/avr5\libgcc.a(_udivmodsi4.o)
                0x000033a8                __udivmodsi4
 .text.libgcc   0x000033ec        0xc c:/program files (x86)/atmel/atmel toolchain/avr8 gcc/native/3.4.1061/avr8-gnu-toolchain/bin/../lib/gcc/avr/4.8.1/avr5\libgcc.a(_tablejump.o)
                0x000033ec                __tablejump2__
                0x000033f0                __tablejump__
 .text.libgcc.mul
                0x000033f8       0x16 c:/program files (x86)/atmel/atmel toolchain/avr8 gcc/native/3.4.1061/avr8-gnu-toolchain/bin/../lib/gcc/avr/4.8.1/avr5\libgcc.a(_muluhisi3.o)
                0x000033f8                __muluhisi3
 .text.libgcc.div
                0x0000340e       0x28 c:/program files (x86)/atmel/atmel toolchain/avr8 gcc/native/3.4.1061/avr8-gnu-toolchain/bin/../lib/gcc/avr/4.8.1/avr5\libgcc.a(_udivmodhi4.o)
                0x0000340e                __udivmodhi4
 .text.libgcc.mul
                0x00003436       0x1e c:/program files (x86)/atmel/atmel toolchain/avr8 gcc/native/3.4.1061/avr8-gnu-toolchain/bin/../lib/gcc/avr/4.8.1/avr5\libgcc.a(_umulhisi3.o)
                0x00003436                __umulhisi3
 .text.avr-libc
                0x00003454       0x10 c:/program files (x86)/atmel/atmel toolchain/avr8 gcc/native/3.4.1061/avr8-gnu-toolchain/bin/../lib/gcc/avr/4.8.1/../../../../avr/lib/avr5\libc.a(eerd_byte_atmega168pa.o)
                0x00003454                __eerd_byte_m168pa
 .text.avr-libc
                0x00003464       0x1c c:/program files (x86)/atmel/atmel toolchain/avr8 gcc/native/3.4.1061/avr8-gnu-toolchain/bin/../lib/gcc/avr/4.8.1/../../../../avr/lib/avr5\libc.a(eewr_byte_atmega168pa.o)
                0x00003464                __eewr_byte_m168pa
                0x00003466                __eewr_r18_m168pa
                0x00003480                . = ALIGN (0x2)
 *(.fini9)
 .fini9         0x00003480        0x0 c:/program files (x86)/atmel/atmel toolchain/avr8 gcc/native/3.4.1061/avr8-gnu-toolchain/bin/../lib/gcc/avr/4.8.1/avr5\libgcc.a(_exit.o)
                0x00003480                _exit
                0x00003480                exit
 *(.fini9)
 *(.fini8)
 *(.fini8)
 *(.fini7)
 *(.fini7)
 *(.fini6)
 *(.fini6)
 *(.fini5)
 *(.fini5)
 *(.fini4)
 *(.fini4)
 *(.fini3)
 *(.fini3)
 *(.fini2)
 *(.fini2)
 *(.fini1)
 *(.fini1)
 *(.fini0)
 .fini0         0x00003480        0x4 c:/program files (x86)/atmel/atmel toolchain/avr8 gcc/native/3.4.1061/avr8-gnu-toolchain/bin/../lib/gcc/avr/4.8.1/avr5\libgcc.a(_exit.o)
 *(.fini0)
                0x00003484                _etext = .

.data           0x00800100      0x230 load address 0x00003484
                0x00800100                PROVIDE (__data_start, .)
 *(.data)
 *(.data*)
 .data.tCmd_VersionInq
                0x00800100        0x5 src/command.o
                0x00800100                tCmd_VersionInq
 .data.tCmd_IDInq
                0x00800105        0x5 src/command.o
                0x00800105                tCmd_IDInq
 .data.tCmd_BGainInq
                0x0080010a        0x5 src/command.o
                0x0080010a                tCmd_BGainInq
 .data.tCmd_RGainInq
                0x0080010f        0x5 src/command.o
                0x0080010f                tCmd_RGainInq
 .data.tCmd_FocusNearLimitPosInq
                0x00800114        0x5 src/command.o
                0x00800114                tCmd_FocusNearLimitPosInq
 .data.tCmd_FocusPosInq
                0x00800119        0x5 src/command.o
                0x00800119                tCmd_FocusPosInq
 .data.tCmd_ZoomPosInq
                0x0080011e        0x5 src/command.o
                0x0080011e                tCmd_ZoomPosInq
 .data.tCmd_SAVEAVOn
                0x00800123        0x8 src/command.o
                0x00800123                tCmd_SAVEAVOn
 .data.tCmd_TitleOn
                0x0080012b        0x6 src/command.o
                0x0080012b                tCmd_TitleOn
 .data.tCmd_TitleClear
                0x00800131        0x6 src/command.o
                0x00800131                tCmd_TitleClear
 .data.tCmd_TitleSet3
                0x00800137       0x10 src/command.o
                0x00800137                tCmd_TitleSet3
 .data.tCmd_TitleSet2
                0x00800147       0x10 src/command.o
                0x00800147                tCmd_TitleSet2
 .data.tCmd_TitleSet1
                0x00800157       0x10 src/command.o
                0x00800157                tCmd_TitleSet1
 .data.tCmd_TitleOn_480
                0x00800167        0x6 src/command.o
                0x00800167                tCmd_TitleOn_480
 .data.tCmd_TitleClear_480
                0x0080016d        0x6 src/command.o
                0x0080016d                tCmd_TitleClear_480
 .data.tCmd_TitleSet3_480
                0x00800173       0x10 src/command.o
                0x00800173                tCmd_TitleSet3_480
 .data.tCmd_TitleSet2_480
                0x00800183       0x10 src/command.o
                0x00800183                tCmd_TitleSet2_480
 .data.tCmd_TitleSet1_480
                0x00800193       0x10 src/command.o
                0x00800193                tCmd_TitleSet1_480
 .data.tCmd_Customset
                0x008001a3        0x7 src/command.o
                0x008001a3                tCmd_Customset
 .data.tCmd_MirrorOff
                0x008001aa        0x6 src/command.o
                0x008001aa                tCmd_MirrorOff
 .data.tCmd_MirrorOn
                0x008001b0        0x6 src/command.o
                0x008001b0                tCmd_MirrorOn
 .data.tCmd_FlipOff
                0x008001b6        0x6 src/command.o
                0x008001b6                tCmd_FlipOff
 .data.tCmd_FlipOn
                0x008001bc        0x6 src/command.o
                0x008001bc                tCmd_FlipOn
 .data.tCmd_PicEffectBW
                0x008001c2        0x6 src/command.o
                0x008001c2                tCmd_PicEffectBW
 .data.tCmd_PicEffectOff
                0x008001c8        0x6 src/command.o
                0x008001c8                tCmd_PicEffectOff
 .data.tCmd_FreezeOff
                0x008001ce        0x6 src/command.o
                0x008001ce                tCmd_FreezeOff
 .data.tCmd_FreezeOn
                0x008001d4        0x6 src/command.o
                0x008001d4                tCmd_FreezeOn
 .data.tCmd_ApertureDirect
                0x008001da        0x9 src/command.o
                0x008001da                tCmd_ApertureDirect
 .data.tCmd_ApertureReset
                0x008001e3        0x6 src/command.o
                0x008001e3                tCmd_ApertureReset
 .data.tCmd_BGainDirect
                0x008001e9        0x9 src/command.o
                0x008001e9                tCmd_BGainDirect
 .data.tCmd_RGainDirect
                0x008001f2        0x9 src/command.o
                0x008001f2                tCmd_RGainDirect
 .data.tCmd_WBManual
                0x008001fb        0x6 src/command.o
                0x008001fb                tCmd_WBManual
 .data.tCmd_WBATW
                0x00800201        0x6 src/command.o
                0x00800201                tCmd_WBATW
 .data.tCmd_NormalAF
                0x00800207        0x6 src/command.o
                0x00800207                tCmd_NormalAF
 .data.tCmd_FocusDirect
                0x0080020d        0x9 src/command.o
                0x0080020d                tCmd_FocusDirect
 .data.tCmd_ManualFocus
                0x00800216        0x6 src/command.o
                0x00800216                tCmd_ManualFocus
 .data.tCmd_AutoFocus
                0x0080021c        0x6 src/command.o
                0x0080021c                tCmd_AutoFocus
 .data.tCmd_FocusSNear
                0x00800222        0x6 src/command.o
                0x00800222                tCmd_FocusSNear
 .data.tCmd_FocusSFar
                0x00800228        0x6 src/command.o
                0x00800228                tCmd_FocusSFar
 .data.tCmd_StopFocus
                0x0080022e        0x6 src/command.o
                0x0080022e                tCmd_StopFocus
 .data.tCmd_DZoomOn
                0x00800234        0x6 src/command.o
                0x00800234                tCmd_DZoomOn
 .data.tCmd_ZoomDirect
                0x0080023a        0x9 src/command.o
                0x0080023a                tCmd_ZoomDirect
 .data.tCmd_ZoomVWide
                0x00800243        0x6 src/command.o
                0x00800243                tCmd_ZoomVWide
 .data.tCmd_ZoomVTele
                0x00800249        0x6 src/command.o
                0x00800249                tCmd_ZoomVTele
 .data.tCmd_ZoomStop
                0x0080024f        0x6 src/command.o
                0x0080024f                tCmd_ZoomStop
 .data.uiNumberTable
                0x00800255       0x10 src/Title.o
                0x00800255                uiNumberTable
 *(.rodata)
 .rodata        0x00800265       0x14 src/manager.o
 .rodata        0x00800279        0xa src/Title.o
 *(.rodata*)
 .rodata.uiZoomRatioTable
                0x00800283       0xa0 src/command.o
                0x00800283                uiZoomRatioTable
 .rodata.t6300  0x00800323        0x4 src/manager.o
                0x00800323                t6300
 .rodata.t3310  0x00800327        0x2 src/manager.o
                0x00800327                t3310
 .rodata.t1020  0x00800329        0x2 src/manager.o
                0x00800329                t1020
 .rodata.t480   0x0080032b        0x4 src/manager.o
                0x0080032b                t480
 *(.gnu.linkonce.d*)
                0x00800330                . = ALIGN (0x2)
 *fill*         0x0080032f        0x1 
                0x00800330                _edata = .
                0x00800330                PROVIDE (__data_end, .)

.bss            0x00800330       0xd0
                0x00800330                PROVIDE (__bss_start, .)
 *(.bss)
 *(.bss*)
 .bss.g_ucTeleKeyRelease
                0x00800330        0x1 src/key.o
                0x00800330                g_ucTeleKeyRelease
 .bss.g_ucTeleKeyPress
                0x00800331        0x1 src/key.o
                0x00800331                g_ucTeleKeyPress
 .bss.g_ucWideKeyRelease
                0x00800332        0x1 src/key.o
                0x00800332                g_ucWideKeyRelease
 .bss.g_ucWideKeyPress
                0x00800333        0x1 src/key.o
                0x00800333                g_ucWideKeyPress
 .bss.g_ucKeyStateCurr
                0x00800334        0x2 src/key.o
                0x00800334                g_ucKeyStateCurr
 .bss.g_ucKeyStatePrev
                0x00800336        0x2 src/key.o
                0x00800336                g_ucKeyStatePrev
 .bss.g_ucKeyMessage
                0x00800338        0x1 src/key.o
                0x00800338                g_ucKeyMessage
 .bss.g_ucKeyControl
                0x00800339        0x1 src/key.o
                0x00800339                g_ucKeyControl
 .bss.g_u8FocusGetMaxCount
                0x0080033a        0x1 src/manager.o
                0x0080033a                g_u8FocusGetMaxCount
 .bss.g_u16FocusEnding
                0x0080033b        0x2 src/manager.o
                0x0080033b                g_u16FocusEnding
 .bss.g_ucTeleRemoteRelease
                0x0080033d        0x1 src/remote.o
                0x0080033d                g_ucTeleRemoteRelease
 .bss.g_ucTeleRemotePress
                0x0080033e        0x1 src/remote.o
                0x0080033e                g_ucTeleRemotePress
 .bss.g_ucWideRemoteRelease
                0x0080033f        0x1 src/remote.o
                0x0080033f                g_ucWideRemoteRelease
 .bss.g_ucWideRemotePress
                0x00800340        0x1 src/remote.o
                0x00800340                g_ucWideRemotePress
 .bss.g_ucRemoteStatePrev
                0x00800341        0x1 src/remote.o
                0x00800341                g_ucRemoteStatePrev
 .bss.g_ucRemoteMessage
                0x00800342        0x1 src/remote.o
                0x00800342                g_ucRemoteMessage
 .bss.g_ucRemoteControl
                0x00800343        0x1 src/remote.o
                0x00800343                g_ucRemoteControl
 .bss.g_ucRemoteStateCurr
                0x00800344        0x1 src/remote.o
                0x00800344                g_ucRemoteStateCurr
 .bss.g_ucValuePortC
                0x00800345        0x1 src/remote.o
                0x00800345                g_ucValuePortC
 .bss.g_ucSecondCnt
                0x00800346        0x1 src/timer.o
                0x00800346                g_ucSecondCnt
 .bss.g_ucMinuteCnt
                0x00800347        0x1 src/timer.o
                0x00800347                g_ucMinuteCnt
 .bss.g_bTimerChange
                0x00800348        0x1 src/timer.o
                0x00800348                g_bTimerChange
 .bss.g_bTimer1Ctrl
                0x00800349        0x1 src/timer.o
                0x00800349                g_bTimer1Ctrl
 .bss.g_ucTimer1Cnt
                0x0080034a        0x4 src/timer.o
                0x0080034a                g_ucTimer1Cnt
 .bss.ucSecondCnt.2491
                0x0080034e        0x1 src/Title.o
 .bss.ucMinuteCnt.2490
                0x0080034f        0x1 src/Title.o
 .bss.g_bTitle2Change
                0x00800350        0x1 src/Title.o
                0x00800350                g_bTitle2Change
 .bss.g_bTitle1Change
                0x00800351        0x1 src/Title.o
                0x00800351                g_bTitle1Change
 .bss.ReplyLength
                0x00800352        0x1 src/usart.o
                0x00800352                ReplyLength
 .bss.ReplyHeadFoundA
                0x00800353        0x1 src/usart.o
                0x00800353                ReplyHeadFoundA
 *(COMMON)
 COMMON         0x00800354       0x2e src/command.o
                0x00800354                g_stCameraCmd
 COMMON         0x00800382       0x33 src/status.o
                0x00800382                g_stStatusCmd
                0x008003a9                g_stProductInfo
 COMMON         0x008003b5       0x2a src/timer.o
                0x008003b5                g_stTimerEvent
 COMMON         0x008003df       0x21 src/usart.o
                0x008003df                ReplyBuf
                0x008003ff                rev_data
                0x00800400                PROVIDE (__bss_end, .)
                0x00003484                __data_load_start = LOADADDR (.data)
                0x000036b4                __data_load_end = (__data_load_start + SIZEOF (.data))

.noinit         0x00800400        0x0
                0x00800400                PROVIDE (__noinit_start, .)
 *(.noinit*)
                0x00800400                PROVIDE (__noinit_end, .)
                0x00800400                _end = .
                0x00800400                PROVIDE (__heap_start, .)

.eeprom         0x00810000        0x0
 *(.eeprom*)
                0x00810000                __eeprom_end = .

.fuse
 *(.fuse)
 *(.lfuse)
 *(.hfuse)
 *(.efuse)

.lock
 *(.lock*)

.signature
 *(.signature*)

.user_signatures
 *(.user_signatures*)

.stab
 *(.stab)

.stabstr
 *(.stabstr)

.stab.excl
 *(.stab.excl)

.stab.exclstr
 *(.stab.exclstr)

.stab.index
 *(.stab.index)

.stab.indexstr
 *(.stab.indexstr)

.comment        0x00000000       0x30
 *(.comment)
 .comment       0x00000000       0x30 src/command.o
                                 0x31 (size before relaxing)
 .comment       0x00000000       0x31 src/key.o
 .comment       0x00000000       0x31 src/led.o
 .comment       0x00000000       0x31 src/main.o
 .comment       0x00000000       0x31 src/manager.o
 .comment       0x00000000       0x31 src/remote.o
 .comment       0x00000000       0x31 src/status.o
 .comment       0x00000000       0x31 src/timer.o
 .comment       0x00000000       0x31 src/Title.o
 .comment       0x00000000       0x31 src/usart.o

.note.gnu.build-id
 *(.note.gnu.build-id)

.debug
 *(.debug)

.line
 *(.line)

.debug_srcinfo
 *(.debug_srcinfo)

.debug_sfnames
 *(.debug_sfnames)

.debug_aranges  0x00000000      0x570
 *(.debug_aranges)
 .debug_aranges
                0x00000000      0x218 src/command.o
 .debug_aranges
                0x00000218       0x58 src/key.o
 .debug_aranges
                0x00000270       0x38 src/led.o
 .debug_aranges
                0x000002a8       0x30 src/main.o
 .debug_aranges
                0x000002d8      0x130 src/manager.o
 .debug_aranges
                0x00000408       0x58 src/remote.o
 .debug_aranges
                0x00000460       0x28 src/status.o
 .debug_aranges
                0x00000488       0x58 src/timer.o
 .debug_aranges
                0x000004e0       0x38 src/Title.o
 .debug_aranges
                0x00000518       0x58 src/usart.o

.debug_pubnames
 *(.debug_pubnames)

.debug_info     0x00000000     0x78f7
 *(.debug_info .gnu.linkonce.wi.*)
 .debug_info    0x00000000     0x1b5c src/command.o
 .debug_info    0x00001b5c      0x980 src/key.o
 .debug_info    0x000024dc      0x1c6 src/led.o
 .debug_info    0x000026a2      0x939 src/main.o
 .debug_info    0x00002fdb     0x26a4 src/manager.o
 .debug_info    0x0000567f      0x857 src/remote.o
 .debug_info    0x00005ed6      0x587 src/status.o
 .debug_info    0x0000645d      0x7d4 src/timer.o
 .debug_info    0x00006c31      0x820 src/Title.o
 .debug_info    0x00007451      0x4a6 src/usart.o

.debug_abbrev   0x00000000     0x1216
 *(.debug_abbrev)
 .debug_abbrev  0x00000000      0x213 src/command.o
 .debug_abbrev  0x00000213      0x234 src/key.o
 .debug_abbrev  0x00000447       0xfa src/led.o
 .debug_abbrev  0x00000541      0x1a7 src/main.o
 .debug_abbrev  0x000006e8      0x332 src/manager.o
 .debug_abbrev  0x00000a1a      0x182 src/remote.o
 .debug_abbrev  0x00000b9c       0xe7 src/status.o
 .debug_abbrev  0x00000c83      0x157 src/timer.o
 .debug_abbrev  0x00000dda      0x232 src/Title.o
 .debug_abbrev  0x0000100c      0x20a src/usart.o

.debug_line     0x00000000     0x1e9f
 *(.debug_line .debug_line.* .debug_line_end)
 .debug_line    0x00000000      0x706 src/command.o
 .debug_line    0x00000706      0x241 src/key.o
 .debug_line    0x00000947      0x17e src/led.o
 .debug_line    0x00000ac5      0x1dd src/main.o
 .debug_line    0x00000ca2      0x8cb src/manager.o
 .debug_line    0x0000156d      0x1cd src/remote.o
 .debug_line    0x0000173a      0x107 src/status.o
 .debug_line    0x00001841      0x1ea src/timer.o
 .debug_line    0x00001a2b      0x271 src/Title.o
 .debug_line    0x00001c9c      0x203 src/usart.o

.debug_frame    0x00000000      0xcac
 *(.debug_frame)
 .debug_frame   0x00000000      0x4b8 src/command.o
 .debug_frame   0x000004b8       0x94 src/key.o
 .debug_frame   0x0000054c       0x60 src/led.o
 .debug_frame   0x000005ac       0x44 src/main.o
 .debug_frame   0x000005f0      0x2f4 src/manager.o
 .debug_frame   0x000008e4       0x94 src/remote.o
 .debug_frame   0x00000978       0x34 src/status.o
 .debug_frame   0x000009ac      0x164 src/timer.o
 .debug_frame   0x00000b10       0x8c src/Title.o
 .debug_frame   0x00000b9c      0x110 src/usart.o

.debug_str      0x00000000     0x1e50
 *(.debug_str)
 .debug_str     0x00000000     0x130b src/command.o
                               0x1362 (size before relaxing)
 .debug_str     0x0000130b      0x313 src/key.o
                                0x974 (size before relaxing)
 .debug_str     0x0000161e       0x34 src/led.o
                                0x1d0 (size before relaxing)
 .debug_str     0x00001652      0x193 src/main.o
                                0x9b9 (size before relaxing)
 .debug_str     0x000017e5      0x32b src/manager.o
                               0x1003 (size before relaxing)
 .debug_str     0x00001b10      0x1a0 src/remote.o
                                0x9a0 (size before relaxing)
 .debug_str     0x00001cb0       0x15 src/status.o
                                0x720 (size before relaxing)
 .debug_str     0x00001cc5       0xb5 src/timer.o
                                0x933 (size before relaxing)
 .debug_str     0x00001d7a       0x31 src/Title.o
                                0x81d (size before relaxing)
 .debug_str     0x00001dab       0xa5 src/usart.o
                                0x3de (size before relaxing)

.debug_loc      0x00000000     0x281d
 *(.debug_loc)
 .debug_loc     0x00000000      0xaf4 src/command.o
 .debug_loc     0x00000af4       0xb9 src/key.o
 .debug_loc     0x00000bad      0x10a src/led.o
 .debug_loc     0x00000cb7      0xeb8 src/manager.o
 .debug_loc     0x00001b6f      0x155 src/remote.o
 .debug_loc     0x00001cc4       0x6f src/status.o
 .debug_loc     0x00001d33      0x3de src/timer.o
 .debug_loc     0x00002111      0x41f src/Title.o
 .debug_loc     0x00002530      0x2ed src/usart.o

.debug_macinfo
 *(.debug_macinfo)

.debug_weaknames
 *(.debug_weaknames)

.debug_funcnames
 *(.debug_funcnames)

.debug_typenames
 *(.debug_typenames)

.debug_varnames
 *(.debug_varnames)

.debug_pubtypes
 *(.debug_pubtypes)

.debug_ranges   0x00000000      0x4d0
 *(.debug_ranges)
 .debug_ranges  0x00000000      0x208 src/command.o
 .debug_ranges  0x00000208       0x48 src/key.o
 .debug_ranges  0x00000250       0x28 src/led.o
 .debug_ranges  0x00000278       0x20 src/main.o
 .debug_ranges  0x00000298      0x120 src/manager.o
 .debug_ranges  0x000003b8       0x48 src/remote.o
 .debug_ranges  0x00000400       0x18 src/status.o
 .debug_ranges  0x00000418       0x48 src/timer.o
 .debug_ranges  0x00000460       0x28 src/Title.o
 .debug_ranges  0x00000488       0x48 src/usart.o

.debug_macro
 *(.debug_macro)
OUTPUT(CAMcontrol.elf elf32-avr)
LOAD linker stubs
