Archive member included because of file (symbol)

c:/program files (x86)/atmel/atmel toolchain/avr8 gcc/native/3.4.1061/avr8-gnu-toolchain/bin/../lib/gcc/avr/4.8.1/avr5\libgcc.a(_mulsi3.o)
                              src/manager.o (__mulsi3)
c:/program files (x86)/atmel/atmel toolchain/avr8 gcc/native/3.4.1061/avr8-gnu-toolchain/bin/../lib/gcc/avr/4.8.1/avr5\libgcc.a(_divmodhi4.o)
                              src/Title.o (__divmodhi4)
c:/program files (x86)/atmel/atmel toolchain/avr8 gcc/native/3.4.1061/avr8-gnu-toolchain/bin/../lib/gcc/avr/4.8.1/avr5\libgcc.a(_udivmodsi4.o)
                              src/manager.o (__udivmodsi4)
c:/program files (x86)/atmel/atmel toolchain/avr8 gcc/native/3.4.1061/avr8-gnu-toolchain/bin/../lib/gcc/avr/4.8.1/avr5\libgcc.a(_exit.o)
                              c:/program files (x86)/atmel/atmel toolchain/avr8 gcc/native/3.4.1061/avr8-gnu-toolchain/bin/../lib/gcc/avr/4.8.1/../../../../avr/lib/avr5/crtm168pa.o (exit)
c:/program files (x86)/atmel/atmel toolchain/avr8 gcc/native/3.4.1061/avr8-gnu-toolchain/bin/../lib/gcc/avr/4.8.1/avr5\libgcc.a(_tablejump.o)
                              src/manager.o (__tablejump2__)
c:/program files (x86)/atmel/atmel toolchain/avr8 gcc/native/3.4.1061/avr8-gnu-toolchain/bin/../lib/gcc/avr/4.8.1/avr5\libgcc.a(_copy_data.o)
                              src/command.o (__do_copy_data)
c:/program files (x86)/atmel/atmel toolchain/avr8 gcc/native/3.4.1061/avr8-gnu-toolchain/bin/../lib/gcc/avr/4.8.1/avr5\libgcc.a(_clear_bss.o)
                              src/command.o (__do_clear_bss)
c:/program files (x86)/atmel/atmel toolchain/avr8 gcc/native/3.4.1061/avr8-gnu-toolchain/bin/../lib/gcc/avr/4.8.1/avr5\libgcc.a(_muluhisi3.o)
                              c:/program files (x86)/atmel/atmel toolchain/avr8 gcc/native/3.4.1061/avr8-gnu-toolchain/bin/../lib/gcc/avr/4.8.1/avr5\libgcc.a(_mulsi3.o) (__muluhisi3)
c:/program files (x86)/atmel/atmel toolchain/avr8 gcc/native/3.4.1061/avr8-gnu-toolchain/bin/../lib/gcc/avr/4.8.1/avr5\libgcc.a(_udivmodhi4.o)
                              c:/program files (x86)/atmel/atmel toolchain/avr8 gcc/native/3.4.1061/avr8-gnu-toolchain/bin/../lib/gcc/avr/4.8.1/avr5\libgcc.a(_divmodhi4.o) (__udivmodhi4)
c:/program files (x86)/atmel/atmel toolchain/avr8 gcc/native/3.4.1061/avr8-gnu-toolchain/bin/../lib/gcc/avr/4.8.1/avr5\libgcc.a(_umulhisi3.o)
                              c:/program files (x86)/atmel/atmel toolchain/avr8 gcc/native/3.4.1061/avr8-gnu-toolchain/bin/../lib/gcc/avr/4.8.1/avr5\libgcc.a(_muluhisi3.o) (__umulhisi3)
c:/program files (x86)/atmel/atmel toolchain/avr8 gcc/native/3.4.1061/avr8-gnu-toolchain/bin/../lib/gcc/avr/4.8.1/../../../../avr/lib/avr5\libc.a(eerd_byte_atmega168pa.o)
                              src/manager.o (__eerd_byte_m168pa)
c:/program files (x86)/atmel/atmel toolchain/avr8 gcc/native/3.4.1061/avr8-gnu-toolchain/bin/../lib/gcc/avr/4.8.1/../../../../avr/lib/avr5\libc.a(eewr_byte_atmega168pa.o)
                              src/manager.o (__eewr_byte_m168pa)

Allocating common symbols
Common symbol       size              file

ReplyBuf            0x20              src/usart.o
g_stStatusCmd       0x28              src/status.o
rev_data            0x1               src/usart.o
g_stCameraCmd       0x2e              src/command.o
g_stTimerEvent      0x2a              src/timer.o
g_stProductInfo     0x16              src/status.o

Discarded input sections

 .data          0x00000000        0x0 c:/program files (x86)/atmel/atmel toolchain/avr8 gcc/native/3.4.1061/avr8-gnu-toolchain/bin/../lib/gcc/avr/4.8.1/../../../../avr/lib/avr5/crtm168pa.o
 .bss           0x00000000        0x0 c:/program files (x86)/atmel/atmel toolchain/avr8 gcc/native/3.4.1061/avr8-gnu-toolchain/bin/../lib/gcc/avr/4.8.1/../../../../avr/lib/avr5/crtm168pa.o
 .text          0x00000000        0x0 src/command.o
 .data          0x00000000        0x0 src/command.o
 .bss           0x00000000        0x0 src/command.o
 .text.CAM_SetDZoomDirect
                0x00000000       0xa0 src/command.o
 .text.CAM_SetZoomFocus
                0x00000000       0x38 src/command.o
 .text.CAM_SetRGainUp
                0x00000000       0x38 src/command.o
 .text.CAM_SetRGainDown
                0x00000000       0x38 src/command.o
 .text.CAM_SetBGainUp
                0x00000000       0x38 src/command.o
 .text.CAM_SetBGainDown
                0x00000000       0x38 src/command.o
 .text.CAM_SetCustomReset
                0x00000000       0x38 src/command.o
 .text.CAM_SetCustomRecall
                0x00000000       0x38 src/command.o
 .text.CAM_SetTitleOff
                0x00000000       0x82 src/command.o
 .text.CAM_GetType
                0x00000000       0x38 src/command.o
 .text.CAM_InqWBmode
                0x00000000       0x38 src/command.o
 .text.IsBLOSSOM
                0x00000000       0x36 src/command.o
 .text.GetWBmode
                0x00000000       0x12 src/command.o
 .rodata.AllCamCmd
                0x00000000      0xa3e src/command.o
 .data.tCmd_WBmodeInq
                0x00000000        0x5 src/command.o
 .data.tCmd_TitleOff
                0x00000000        0x6 src/command.o
 .data.tCmd_TitleOff_480
                0x00000000        0x6 src/command.o
 .data.tCmd_TypeGet
                0x00000000        0x6 src/command.o
 .data.tCmd_CustomRecall
                0x00000000        0x7 src/command.o
 .data.tCmd_CustomReset
                0x00000000        0x7 src/command.o
 .data.tCmd_BGainDown
                0x00000000        0x6 src/command.o
 .data.tCmd_BGainUp
                0x00000000        0x6 src/command.o
 .data.tCmd_RGainDown
                0x00000000        0x6 src/command.o
 .data.tCmd_RGainUp
                0x00000000        0x6 src/command.o
 .data.tCmd_ZoomFocus
                0x00000000        0xd src/command.o
 .data.tCmd_DZoomDirect
                0x00000000        0x9 src/command.o
 .text          0x00000000        0x0 src/key.o
 .data          0x00000000        0x0 src/key.o
 .bss           0x00000000        0x0 src/key.o
 .text          0x00000000        0x0 src/led.o
 .data          0x00000000        0x0 src/led.o
 .bss           0x00000000        0x0 src/led.o
 .text.WhiteLightOn
                0x00000000        0x4 src/led.o
 .text.WhiteLightOff
                0x00000000        0x4 src/led.o
 .text          0x00000000        0x0 src/main.o
 .data          0x00000000        0x0 src/main.o
 .bss           0x00000000        0x0 src/main.o
 .text          0x00000000        0x0 src/manager.o
 .data          0x00000000        0x0 src/manager.o
 .bss           0x00000000        0x0 src/manager.o
 .text.GetMfRateByPos
                0x00000000        0xa src/manager.o
 .text.ProcessCapture
                0x00000000       0x26 src/manager.o
 .bss.g_u8AutoFocusGetMaxCount
                0x00000000        0x1 src/manager.o
 .bss.g_u16AutoFocusEnding
                0x00000000        0x2 src/manager.o
 .text          0x00000000        0x0 src/remote.o
 .data          0x00000000        0x0 src/remote.o
 .bss           0x00000000        0x0 src/remote.o
 .text.CRemoteScanReadyTimerEvent
                0x00000000        0xc src/remote.o
 .text.CRemoteRepeatEnableTimerEvent
                0x00000000        0xc src/remote.o
 .text.RemoteInit
                0x00000000        0xc src/remote.o
 .text.CRemoteScanReady
                0x00000000       0x36 src/remote.o
 .text.CRemoteMessageConvert
                0x00000000       0x70 src/remote.o
 .text.CRemoteMessageProc
                0x00000000       0x92 src/remote.o
 .text.CRemoteHandle
                0x00000000       0x52 src/remote.o
 .bss.g_ucRemoteMessage
                0x00000000        0x1 src/remote.o
 .text          0x00000000        0x0 src/status.o
 .data          0x00000000        0x0 src/status.o
 .bss           0x00000000        0x0 src/status.o
 .text          0x00000000        0x0 src/timer.o
 .data          0x00000000        0x0 src/timer.o
 .bss           0x00000000        0x0 src/timer.o
 .text          0x00000000        0x0 src/Title.o
 .data          0x00000000        0x0 src/Title.o
 .bss           0x00000000        0x0 src/Title.o
 .text          0x00000000        0x0 src/usart.o
 .data          0x00000000        0x0 src/usart.o
 .bss           0x00000000        0x0 src/usart.o
 .text.USART_SendChar
                0x00000000       0x10 src/usart.o
 .text.USART_Receive
                0x00000000       0x10 src/usart.o
 .text.USART_GetCommand
                0x00000000       0x64 src/usart.o
 .data.ReplyType
                0x00000000        0x1 src/usart.o
 .text          0x00000000        0x0 c:/program files (x86)/atmel/atmel toolchain/avr8 gcc/native/3.4.1061/avr8-gnu-toolchain/bin/../lib/gcc/avr/4.8.1/avr5\libgcc.a(_mulsi3.o)
 .data          0x00000000        0x0 c:/program files (x86)/atmel/atmel toolchain/avr8 gcc/native/3.4.1061/avr8-gnu-toolchain/bin/../lib/gcc/avr/4.8.1/avr5\libgcc.a(_mulsi3.o)
 .bss           0x00000000        0x0 c:/program files (x86)/atmel/atmel toolchain/avr8 gcc/native/3.4.1061/avr8-gnu-toolchain/bin/../lib/gcc/avr/4.8.1/avr5\libgcc.a(_mulsi3.o)
 .text.libgcc.div
                0x00000000        0x0 c:/program files (x86)/atmel/atmel toolchain/avr8 gcc/native/3.4.1061/avr8-gnu-toolchain/bin/../lib/gcc/avr/4.8.1/avr5\libgcc.a(_mulsi3.o)
 .text.libgcc   0x00000000        0x0 c:/program files (x86)/atmel/atmel toolchain/avr8 gcc/native/3.4.1061/avr8-gnu-toolchain/bin/../lib/gcc/avr/4.8.1/avr5\libgcc.a(_mulsi3.o)
 .text.libgcc.prologue
                0x00000000        0x0 c:/program files (x86)/atmel/atmel toolchain/avr8 gcc/native/3.4.1061/avr8-gnu-toolchain/bin/../lib/gcc/avr/4.8.1/avr5\libgcc.a(_mulsi3.o)
 .text.libgcc.builtins
                0x00000000        0x0 c:/program files (x86)/atmel/atmel toolchain/avr8 gcc/native/3.4.1061/avr8-gnu-toolchain/bin/../lib/gcc/avr/4.8.1/avr5\libgcc.a(_mulsi3.o)
 .text.libgcc.fmul
                0x00000000        0x0 c:/program files (x86)/atmel/atmel toolchain/avr8 gcc/native/3.4.1061/avr8-gnu-toolchain/bin/../lib/gcc/avr/4.8.1/avr5\libgcc.a(_mulsi3.o)
 .text.libgcc.fixed
                0x00000000        0x0 c:/program files (x86)/atmel/atmel toolchain/avr8 gcc/native/3.4.1061/avr8-gnu-toolchain/bin/../lib/gcc/avr/4.8.1/avr5\libgcc.a(_mulsi3.o)
 .text          0x00000000        0x0 c:/program files (x86)/atmel/atmel toolchain/avr8 gcc/native/3.4.1061/avr8-gnu-toolchain/bin/../lib/gcc/avr/4.8.1/avr5\libgcc.a(_divmodhi4.o)
 .data          0x00000000        0x0 c:/program files (x86)/atmel/atmel toolchain/avr8 gcc/native/3.4.1061/avr8-gnu-toolchain/bin/../lib/gcc/avr/4.8.1/avr5\libgcc.a(_divmodhi4.o)
 .bss           0x00000000        0x0 c:/program files (x86)/atmel/atmel toolchain/avr8 gcc/native/3.4.1061/avr8-gnu-toolchain/bin/../lib/gcc/avr/4.8.1/avr5\libgcc.a(_divmodhi4.o)
 .text.libgcc.mul
                0x00000000        0x0 c:/program files (x86)/atmel/atmel toolchain/avr8 gcc/native/3.4.1061/avr8-gnu-toolchain/bin/../lib/gcc/avr/4.8.1/avr5\libgcc.a(_divmodhi4.o)
 .text.libgcc   0x00000000        0x0 c:/program files (x86)/atmel/atmel toolchain/avr8 gcc/native/3.4.1061/avr8-gnu-toolchain/bin/../lib/gcc/avr/4.8.1/avr5\libgcc.a(_divmodhi4.o)
 .text.libgcc.prologue
                0x00000000        0x0 c:/program files (x86)/atmel/atmel toolchain/avr8 gcc/native/3.4.1061/avr8-gnu-toolchain/bin/../lib/gcc/avr/4.8.1/avr5\libgcc.a(_divmodhi4.o)
 .text.libgcc.builtins
                0x00000000        0x0 c:/program files (x86)/atmel/atmel toolchain/avr8 gcc/native/3.4.1061/avr8-gnu-toolchain/bin/../lib/gcc/avr/4.8.1/avr5\libgcc.a(_divmodhi4.o)
 .text.libgcc.fmul
                0x00000000        0x0 c:/program files (x86)/atmel/atmel toolchain/avr8 gcc/native/3.4.1061/avr8-gnu-toolchain/bin/../lib/gcc/avr/4.8.1/avr5\libgcc.a(_divmodhi4.o)
 .text.libgcc.fixed
                0x00000000        0x0 c:/program files (x86)/atmel/atmel toolchain/avr8 gcc/native/3.4.1061/avr8-gnu-toolchain/bin/../lib/gcc/avr/4.8.1/avr5\libgcc.a(_divmodhi4.o)
 .text          0x00000000        0x0 c:/program files (x86)/atmel/atmel toolchain/avr8 gcc/native/3.4.1061/avr8-gnu-toolchain/bin/../lib/gcc/avr/4.8.1/avr5\libgcc.a(_udivmodsi4.o)
 .data          0x00000000        0x0 c:/program files (x86)/atmel/atmel toolchain/avr8 gcc/native/3.4.1061/avr8-gnu-toolchain/bin/../lib/gcc/avr/4.8.1/avr5\libgcc.a(_udivmodsi4.o)
 .bss           0x00000000        0x0 c:/program files (x86)/atmel/atmel toolchain/avr8 gcc/native/3.4.1061/avr8-gnu-toolchain/bin/../lib/gcc/avr/4.8.1/avr5\libgcc.a(_udivmodsi4.o)
 .text.libgcc.mul
                0x00000000        0x0 c:/program files (x86)/atmel/atmel toolchain/avr8 gcc/native/3.4.1061/avr8-gnu-toolchain/bin/../lib/gcc/avr/4.8.1/avr5\libgcc.a(_udivmodsi4.o)
 .text.libgcc   0x00000000        0x0 c:/program files (x86)/atmel/atmel toolchain/avr8 gcc/native/3.4.1061/avr8-gnu-toolchain/bin/../lib/gcc/avr/4.8.1/avr5\libgcc.a(_udivmodsi4.o)
 .text.libgcc.prologue
                0x00000000        0x0 c:/program files (x86)/atmel/atmel toolchain/avr8 gcc/native/3.4.1061/avr8-gnu-toolchain/bin/../lib/gcc/avr/4.8.1/avr5\libgcc.a(_udivmodsi4.o)
 .text.libgcc.builtins
                0x00000000        0x0 c:/program files (x86)/atmel/atmel toolchain/avr8 gcc/native/3.4.1061/avr8-gnu-toolchain/bin/../lib/gcc/avr/4.8.1/avr5\libgcc.a(_udivmodsi4.o)
 .text.libgcc.fmul
                0x00000000        0x0 c:/program files (x86)/atmel/atmel toolchain/avr8 gcc/native/3.4.1061/avr8-gnu-toolchain/bin/../lib/gcc/avr/4.8.1/avr5\libgcc.a(_udivmodsi4.o)
 .text.libgcc.fixed
                0x00000000        0x0 c:/program files (x86)/atmel/atmel toolchain/avr8 gcc/native/3.4.1061/avr8-gnu-toolchain/bin/../lib/gcc/avr/4.8.1/avr5\libgcc.a(_udivmodsi4.o)
 .text          0x00000000        0x0 c:/program files (x86)/atmel/atmel toolchain/avr8 gcc/native/3.4.1061/avr8-gnu-toolchain/bin/../lib/gcc/avr/4.8.1/avr5\libgcc.a(_exit.o)
 .data          0x00000000        0x0 c:/program files (x86)/atmel/atmel toolchain/avr8 gcc/native/3.4.1061/avr8-gnu-toolchain/bin/../lib/gcc/avr/4.8.1/avr5\libgcc.a(_exit.o)
 .bss           0x00000000        0x0 c:/program files (x86)/atmel/atmel toolchain/avr8 gcc/native/3.4.1061/avr8-gnu-toolchain/bin/../lib/gcc/avr/4.8.1/avr5\libgcc.a(_exit.o)
 .text.libgcc.mul
                0x00000000        0x0 c:/program files (x86)/atmel/atmel toolchain/avr8 gcc/native/3.4.1061/avr8-gnu-toolchain/bin/../lib/gcc/avr/4.8.1/avr5\libgcc.a(_exit.o)
 .text.libgcc.div
                0x00000000        0x0 c:/program files (x86)/atmel/atmel toolchain/avr8 gcc/native/3.4.1061/avr8-gnu-toolchain/bin/../lib/gcc/avr/4.8.1/avr5\libgcc.a(_exit.o)
 .text.libgcc   0x00000000        0x0 c:/program files (x86)/atmel/atmel toolchain/avr8 gcc/native/3.4.1061/avr8-gnu-toolchain/bin/../lib/gcc/avr/4.8.1/avr5\libgcc.a(_exit.o)
 .text.libgcc.prologue
                0x00000000        0x0 c:/program files (x86)/atmel/atmel toolchain/avr8 gcc/native/3.4.1061/avr8-gnu-toolchain/bin/../lib/gcc/avr/4.8.1/avr5\libgcc.a(_exit.o)
 .text.libgcc.builtins
                0x00000000        0x0 c:/program files (x86)/atmel/atmel toolchain/avr8 gcc/native/3.4.1061/avr8-gnu-toolchain/bin/../lib/gcc/avr/4.8.1/avr5\libgcc.a(_exit.o)
 .text.libgcc.fmul
                0x00000000        0x0 c:/program files (x86)/atmel/atmel toolchain/avr8 gcc/native/3.4.1061/avr8-gnu-toolchain/bin/../lib/gcc/avr/4.8.1/avr5\libgcc.a(_exit.o)
 .text.libgcc.fixed
                0x00000000        0x0 c:/program files (x86)/atmel/atmel toolchain/avr8 gcc/native/3.4.1061/avr8-gnu-toolchain/bin/../lib/gcc/avr/4.8.1/avr5\libgcc.a(_exit.o)
 .text          0x00000000        0x0 c:/program files (x86)/atmel/atmel toolchain/avr8 gcc/native/3.4.1061/avr8-gnu-toolchain/bin/../lib/gcc/avr/4.8.1/avr5\libgcc.a(_tablejump.o)
 .data          0x00000000        0x0 c:/program files (x86)/atmel/atmel toolchain/avr8 gcc/native/3.4.1061/avr8-gnu-toolchain/bin/../lib/gcc/avr/4.8.1/avr5\libgcc.a(_tablejump.o)
 .bss           0x00000000        0x0 c:/program files (x86)/atmel/atmel toolchain/avr8 gcc/native/3.4.1061/avr8-gnu-toolchain/bin/../lib/gcc/avr/4.8.1/avr5\libgcc.a(_tablejump.o)
 .text.libgcc.mul
                0x00000000        0x0 c:/program files (x86)/atmel/atmel toolchain/avr8 gcc/native/3.4.1061/avr8-gnu-toolchain/bin/../lib/gcc/avr/4.8.1/avr5\libgcc.a(_tablejump.o)
 .text.libgcc.div
                0x00000000        0x0 c:/program files (x86)/atmel/atmel toolchain/avr8 gcc/native/3.4.1061/avr8-gnu-toolchain/bin/../lib/gcc/avr/4.8.1/avr5\libgcc.a(_tablejump.o)
 .text.libgcc.prologue
                0x00000000        0x0 c:/program files (x86)/atmel/atmel toolchain/avr8 gcc/native/3.4.1061/avr8-gnu-toolchain/bin/../lib/gcc/avr/4.8.1/avr5\libgcc.a(_tablejump.o)
 .text.libgcc.builtins
                0x00000000        0x0 c:/program files (x86)/atmel/atmel toolchain/avr8 gcc/native/3.4.1061/avr8-gnu-toolchain/bin/../lib/gcc/avr/4.8.1/avr5\libgcc.a(_tablejump.o)
 .text.libgcc.fmul
                0x00000000        0x0 c:/program files (x86)/atmel/atmel toolchain/avr8 gcc/native/3.4.1061/avr8-gnu-toolchain/bin/../lib/gcc/avr/4.8.1/avr5\libgcc.a(_tablejump.o)
 .text.libgcc.fixed
                0x00000000        0x0 c:/program files (x86)/atmel/atmel toolchain/avr8 gcc/native/3.4.1061/avr8-gnu-toolchain/bin/../lib/gcc/avr/4.8.1/avr5\libgcc.a(_tablejump.o)
 .text          0x00000000        0x0 c:/program files (x86)/atmel/atmel toolchain/avr8 gcc/native/3.4.1061/avr8-gnu-toolchain/bin/../lib/gcc/avr/4.8.1/avr5\libgcc.a(_copy_data.o)
 .data          0x00000000        0x0 c:/program files (x86)/atmel/atmel toolchain/avr8 gcc/native/3.4.1061/avr8-gnu-toolchain/bin/../lib/gcc/avr/4.8.1/avr5\libgcc.a(_copy_data.o)
 .bss           0x00000000        0x0 c:/program files (x86)/atmel/atmel toolchain/avr8 gcc/native/3.4.1061/avr8-gnu-toolchain/bin/../lib/gcc/avr/4.8.1/avr5\libgcc.a(_copy_data.o)
 .text.libgcc.mul
                0x00000000        0x0 c:/program files (x86)/atmel/atmel toolchain/avr8 gcc/native/3.4.1061/avr8-gnu-toolchain/bin/../lib/gcc/avr/4.8.1/avr5\libgcc.a(_copy_data.o)
 .text.libgcc.div
                0x00000000        0x0 c:/program files (x86)/atmel/atmel toolchain/avr8 gcc/native/3.4.1061/avr8-gnu-toolchain/bin/../lib/gcc/avr/4.8.1/avr5\libgcc.a(_copy_data.o)
 .text.libgcc   0x00000000        0x0 c:/program files (x86)/atmel/atmel toolchain/avr8 gcc/native/3.4.1061/avr8-gnu-toolchain/bin/../lib/gcc/avr/4.8.1/avr5\libgcc.a(_copy_data.o)
 .text.libgcc.prologue
                0x00000000        0x0 c:/program files (x86)/atmel/atmel toolchain/avr8 gcc/native/3.4.1061/avr8-gnu-toolchain/bin/../lib/gcc/avr/4.8.1/avr5\libgcc.a(_copy_data.o)
 .text.libgcc.builtins
                0x00000000        0x0 c:/program files (x86)/atmel/atmel toolchain/avr8 gcc/native/3.4.1061/avr8-gnu-toolchain/bin/../lib/gcc/avr/4.8.1/avr5\libgcc.a(_copy_data.o)
 .text.libgcc.fmul
                0x00000000        0x0 c:/program files (x86)/atmel/atmel toolchain/avr8 gcc/native/3.4.1061/avr8-gnu-toolchain/bin/../lib/gcc/avr/4.8.1/avr5\libgcc.a(_copy_data.o)
 .text.libgcc.fixed
                0x00000000        0x0 c:/program files (x86)/atmel/atmel toolchain/avr8 gcc/native/3.4.1061/avr8-gnu-toolchain/bin/../lib/gcc/avr/4.8.1/avr5\libgcc.a(_copy_data.o)
 .text          0x00000000        0x0 c:/program files (x86)/atmel/atmel toolchain/avr8 gcc/native/3.4.1061/avr8-gnu-toolchain/bin/../lib/gcc/avr/4.8.1/avr5\libgcc.a(_clear_bss.o)
 .data          0x00000000        0x0 c:/program files (x86)/atmel/atmel toolchain/avr8 gcc/native/3.4.1061/avr8-gnu-toolchain/bin/../lib/gcc/avr/4.8.1/avr5\libgcc.a(_clear_bss.o)
 .bss           0x00000000        0x0 c:/program files (x86)/atmel/atmel toolchain/avr8 gcc/native/3.4.1061/avr8-gnu-toolchain/bin/../lib/gcc/avr/4.8.1/avr5\libgcc.a(_clear_bss.o)
 .text.libgcc.mul
                0x00000000        0x0 c:/program files (x86)/atmel/atmel toolchain/avr8 gcc/native/3.4.1061/avr8-gnu-toolchain/bin/../lib/gcc/avr/4.8.1/avr5\libgcc.a(_clear_bss.o)
 .text.libgcc.div
                0x00000000        0x0 c:/program files (x86)/atmel/atmel toolchain/avr8 gcc/native/3.4.1061/avr8-gnu-toolchain/bin/../lib/gcc/avr/4.8.1/avr5\libgcc.a(_clear_bss.o)
 .text.libgcc   0x00000000        0x0 c:/program files (x86)/atmel/atmel toolchain/avr8 gcc/native/3.4.1061/avr8-gnu-toolchain/bin/../lib/gcc/avr/4.8.1/avr5\libgcc.a(_clear_bss.o)
 .text.libgcc.prologue
                0x00000000        0x0 c:/program files (x86)/atmel/atmel toolchain/avr8 gcc/native/3.4.1061/avr8-gnu-toolchain/bin/../lib/gcc/avr/4.8.1/avr5\libgcc.a(_clear_bss.o)
 .text.libgcc.builtins
                0x00000000        0x0 c:/program files (x86)/atmel/atmel toolchain/avr8 gcc/native/3.4.1061/avr8-gnu-toolchain/bin/../lib/gcc/avr/4.8.1/avr5\libgcc.a(_clear_bss.o)
 .text.libgcc.fmul
                0x00000000        0x0 c:/program files (x86)/atmel/atmel toolchain/avr8 gcc/native/3.4.1061/avr8-gnu-toolchain/bin/../lib/gcc/avr/4.8.1/avr5\libgcc.a(_clear_bss.o)
 .text.libgcc.fixed
                0x00000000        0x0 c:/program files (x86)/atmel/atmel toolchain/avr8 gcc/native/3.4.1061/avr8-gnu-toolchain/bin/../lib/gcc/avr/4.8.1/avr5\libgcc.a(_clear_bss.o)
 .text          0x00000000        0x0 c:/program files (x86)/atmel/atmel toolchain/avr8 gcc/native/3.4.1061/avr8-gnu-toolchain/bin/../lib/gcc/avr/4.8.1/avr5\libgcc.a(_muluhisi3.o)
 .data          0x00000000        0x0 c:/program files (x86)/atmel/atmel toolchain/avr8 gcc/native/3.4.1061/avr8-gnu-toolchain/bin/../lib/gcc/avr/4.8.1/avr5\libgcc.a(_muluhisi3.o)
 .bss           0x00000000        0x0 c:/program files (x86)/atmel/atmel toolchain/avr8 gcc/native/3.4.1061/avr8-gnu-toolchain/bin/../lib/gcc/avr/4.8.1/avr5\libgcc.a(_muluhisi3.o)
 .text.libgcc.div
                0x00000000        0x0 c:/program files (x86)/atmel/atmel toolchain/avr8 gcc/native/3.4.1061/avr8-gnu-toolchain/bin/../lib/gcc/avr/4.8.1/avr5\libgcc.a(_muluhisi3.o)
 .text.libgcc   0x00000000        0x0 c:/program files (x86)/atmel/atmel toolchain/avr8 gcc/native/3.4.1061/avr8-gnu-toolchain/bin/../lib/gcc/avr/4.8.1/avr5\libgcc.a(_muluhisi3.o)
 .text.libgcc.prologue
                0x00000000        0x0 c:/program files (x86)/atmel/atmel toolchain/avr8 gcc/native/3.4.1061/avr8-gnu-toolchain/bin/../lib/gcc/avr/4.8.1/avr5\libgcc.a(_muluhisi3.o)
 .text.libgcc.builtins
                0x00000000        0x0 c:/program files (x86)/atmel/atmel toolchain/avr8 gcc/native/3.4.1061/avr8-gnu-toolchain/bin/../lib/gcc/avr/4.8.1/avr5\libgcc.a(_muluhisi3.o)
 .text.libgcc.fmul
                0x00000000        0x0 c:/program files (x86)/atmel/atmel toolchain/avr8 gcc/native/3.4.1061/avr8-gnu-toolchain/bin/../lib/gcc/avr/4.8.1/avr5\libgcc.a(_muluhisi3.o)
 .text.libgcc.fixed
                0x00000000        0x0 c:/program files (x86)/atmel/atmel toolchain/avr8 gcc/native/3.4.1061/avr8-gnu-toolchain/bin/../lib/gcc/avr/4.8.1/avr5\libgcc.a(_muluhisi3.o)
 .text          0x00000000        0x0 c:/program files (x86)/atmel/atmel toolchain/avr8 gcc/native/3.4.1061/avr8-gnu-toolchain/bin/../lib/gcc/avr/4.8.1/avr5\libgcc.a(_udivmodhi4.o)
 .data          0x00000000        0x0 c:/program files (x86)/atmel/atmel toolchain/avr8 gcc/native/3.4.1061/avr8-gnu-toolchain/bin/../lib/gcc/avr/4.8.1/avr5\libgcc.a(_udivmodhi4.o)
 .bss           0x00000000        0x0 c:/program files (x86)/atmel/atmel toolchain/avr8 gcc/native/3.4.1061/avr8-gnu-toolchain/bin/../lib/gcc/avr/4.8.1/avr5\libgcc.a(_udivmodhi4.o)
 .text.libgcc.mul
                0x00000000        0x0 c:/program files (x86)/atmel/atmel toolchain/avr8 gcc/native/3.4.1061/avr8-gnu-toolchain/bin/../lib/gcc/avr/4.8.1/avr5\libgcc.a(_udivmodhi4.o)
 .text.libgcc   0x00000000        0x0 c:/program files (x86)/atmel/atmel toolchain/avr8 gcc/native/3.4.1061/avr8-gnu-toolchain/bin/../lib/gcc/avr/4.8.1/avr5\libgcc.a(_udivmodhi4.o)
 .text.libgcc.prologue
                0x00000000        0x0 c:/program files (x86)/atmel/atmel toolchain/avr8 gcc/native/3.4.1061/avr8-gnu-toolchain/bin/../lib/gcc/avr/4.8.1/avr5\libgcc.a(_udivmodhi4.o)
 .text.libgcc.builtins
                0x00000000        0x0 c:/program files (x86)/atmel/atmel toolchain/avr8 gcc/native/3.4.1061/avr8-gnu-toolchain/bin/../lib/gcc/avr/4.8.1/avr5\libgcc.a(_udivmodhi4.o)
 .text.libgcc.fmul
                0x00000000        0x0 c:/program files (x86)/atmel/atmel toolchain/avr8 gcc/native/3.4.1061/avr8-gnu-toolchain/bin/../lib/gcc/avr/4.8.1/avr5\libgcc.a(_udivmodhi4.o)
 .text.libgcc.fixed
                0x00000000        0x0 c:/program files (x86)/atmel/atmel toolchain/avr8 gcc/native/3.4.1061/avr8-gnu-toolchain/bin/../lib/gcc/avr/4.8.1/avr5\libgcc.a(_udivmodhi4.o)
 .text          0x00000000        0x0 c:/program files (x86)/atmel/atmel toolchain/avr8 gcc/native/3.4.1061/avr8-gnu-toolchain/bin/../lib/gcc/avr/4.8.1/avr5\libgcc.a(_umulhisi3.o)
 .data          0x00000000        0x0 c:/program files (x86)/atmel/atmel toolchain/avr8 gcc/native/3.4.1061/avr8-gnu-toolchain/bin/../lib/gcc/avr/4.8.1/avr5\libgcc.a(_umulhisi3.o)
 .bss           0x00000000        0x0 c:/program files (x86)/atmel/atmel toolchain/avr8 gcc/native/3.4.1061/avr8-gnu-toolchain/bin/../lib/gcc/avr/4.8.1/avr5\libgcc.a(_umulhisi3.o)
 .text.libgcc.div
                0x00000000        0x0 c:/program files (x86)/atmel/atmel toolchain/avr8 gcc/native/3.4.1061/avr8-gnu-toolchain/bin/../lib/gcc/avr/4.8.1/avr5\libgcc.a(_umulhisi3.o)
 .text.libgcc   0x00000000        0x0 c:/program files (x86)/atmel/atmel toolchain/avr8 gcc/native/3.4.1061/avr8-gnu-toolchain/bin/../lib/gcc/avr/4.8.1/avr5\libgcc.a(_umulhisi3.o)
 .text.libgcc.prologue
                0x00000000        0x0 c:/program files (x86)/atmel/atmel toolchain/avr8 gcc/native/3.4.1061/avr8-gnu-toolchain/bin/../lib/gcc/avr/4.8.1/avr5\libgcc.a(_umulhisi3.o)
 .text.libgcc.builtins
                0x00000000        0x0 c:/program files (x86)/atmel/atmel toolchain/avr8 gcc/native/3.4.1061/avr8-gnu-toolchain/bin/../lib/gcc/avr/4.8.1/avr5\libgcc.a(_umulhisi3.o)
 .text.libgcc.fmul
                0x00000000        0x0 c:/program files (x86)/atmel/atmel toolchain/avr8 gcc/native/3.4.1061/avr8-gnu-toolchain/bin/../lib/gcc/avr/4.8.1/avr5\libgcc.a(_umulhisi3.o)
 .text.libgcc.fixed
                0x00000000        0x0 c:/program files (x86)/atmel/atmel toolchain/avr8 gcc/native/3.4.1061/avr8-gnu-toolchain/bin/../lib/gcc/avr/4.8.1/avr5\libgcc.a(_umulhisi3.o)
 .text          0x00000000        0x0 c:/program files (x86)/atmel/atmel toolchain/avr8 gcc/native/3.4.1061/avr8-gnu-toolchain/bin/../lib/gcc/avr/4.8.1/../../../../avr/lib/avr5\libc.a(eerd_byte_atmega168pa.o)
 .data          0x00000000        0x0 c:/program files (x86)/atmel/atmel toolchain/avr8 gcc/native/3.4.1061/avr8-gnu-toolchain/bin/../lib/gcc/avr/4.8.1/../../../../avr/lib/avr5\libc.a(eerd_byte_atmega168pa.o)
 .bss           0x00000000        0x0 c:/program files (x86)/atmel/atmel toolchain/avr8 gcc/native/3.4.1061/avr8-gnu-toolchain/bin/../lib/gcc/avr/4.8.1/../../../../avr/lib/avr5\libc.a(eerd_byte_atmega168pa.o)
 .text          0x00000000        0x0 c:/program files (x86)/atmel/atmel toolchain/avr8 gcc/native/3.4.1061/avr8-gnu-toolchain/bin/../lib/gcc/avr/4.8.1/../../../../avr/lib/avr5\libc.a(eewr_byte_atmega168pa.o)
 .data          0x00000000        0x0 c:/program files (x86)/atmel/atmel toolchain/avr8 gcc/native/3.4.1061/avr8-gnu-toolchain/bin/../lib/gcc/avr/4.8.1/../../../../avr/lib/avr5\libc.a(eewr_byte_atmega168pa.o)
 .bss           0x00000000        0x0 c:/program files (x86)/atmel/atmel toolchain/avr8 gcc/native/3.4.1061/avr8-gnu-toolchain/bin/../lib/gcc/avr/4.8.1/../../../../avr/lib/avr5\libc.a(eewr_byte_atmega168pa.o)

Memory Configuration

Name             Origin             Length             Attributes
text             0x00000000         0x00020000         xr
data             0x00800060         0x0000ffa0         rw !x
eeprom           0x00810000         0x00010000         rw !x
fuse             0x00820000         0x00000400         rw !x
lock             0x00830000         0x00000400         rw !x
signature        0x00840000         0x00000400         rw !x
user_signatures  0x00850000         0x00000400         rw !x
*default*        0x00000000         0xffffffff

Linker script and memory map

Address of section .data set to 0x800100
LOAD c:/program files (x86)/atmel/atmel toolchain/avr8 gcc/native/3.4.1061/avr8-gnu-toolchain/bin/../lib/gcc/avr/4.8.1/../../../../avr/lib/avr5/crtm168pa.o
LOAD src/command.o
LOAD src/key.o
LOAD src/led.o
LOAD src/main.o
LOAD src/manager.o
LOAD src/remote.o
LOAD src/status.o
LOAD src/timer.o
LOAD src/Title.o
LOAD src/usart.o
START GROUP
END GROUP
START GROUP
LOAD c:/program files (x86)/atmel/atmel toolchain/avr8 gcc/native/3.4.1061/avr8-gnu-toolchain/bin/../lib/gcc/avr/4.8.1/avr5\libgcc.a
LOAD c:/program files (x86)/atmel/atmel toolchain/avr8 gcc/native/3.4.1061/avr8-gnu-toolchain/bin/../lib/gcc/avr/4.8.1/../../../../avr/lib/avr5\libm.a
LOAD c:/program files (x86)/atmel/atmel toolchain/avr8 gcc/native/3.4.1061/avr8-gnu-toolchain/bin/../lib/gcc/avr/4.8.1/../../../../avr/lib/avr5\libc.a
END GROUP

.hash
 *(.hash)

.dynsym
 *(.dynsym)

.dynstr
 *(.dynstr)

.gnu.version
 *(.gnu.version)

.gnu.version_d
 *(.gnu.version_d)

.gnu.version_r
 *(.gnu.version_r)

.rel.init
 *(.rel.init)

.rela.init
 *(.rela.init)

.rel.text
 *(.rel.text)
 *(.rel.text.*)
 *(.rel.gnu.linkonce.t*)

.rela.text
 *(.rela.text)
 *(.rela.text.*)
 *(.rela.gnu.linkonce.t*)

.rel.fini
 *(.rel.fini)

.rela.fini
 *(.rela.fini)

.rel.rodata
 *(.rel.rodata)
 *(.rel.rodata.*)
 *(.rel.gnu.linkonce.r*)

.rela.rodata
 *(.rela.rodata)
 *(.rela.rodata.*)
 *(.rela.gnu.linkonce.r*)

.rel.data
 *(.rel.data)
 *(.rel.data.*)
 *(.rel.gnu.linkonce.d*)

.rela.data
 *(.rela.data)
 *(.rela.data.*)
 *(.rela.gnu.linkonce.d*)

.rel.ctors
 *(.rel.ctors)

.rela.ctors
 *(.rela.ctors)

.rel.dtors
 *(.rel.dtors)

.rela.dtors
 *(.rela.dtors)

.rel.got
 *(.rel.got)

.rela.got
 *(.rela.got)

.rel.bss
 *(.rel.bss)

.rela.bss
 *(.rela.bss)

.rel.plt
 *(.rel.plt)

.rela.plt
 *(.rela.plt)

.text           0x00000000     0x32e4
 *(.vectors)
 .vectors       0x00000000       0x68 c:/program files (x86)/atmel/atmel toolchain/avr8 gcc/native/3.4.1061/avr8-gnu-toolchain/bin/../lib/gcc/avr/4.8.1/../../../../avr/lib/avr5/crtm168pa.o
                0x00000000                __vector_default
                0x00000000                __vectors
 *(.vectors)
 *(.progmem.gcc*)
 .progmem.gcc_sw_table.CMessageHandle
                0x00000068       0x18 src/manager.o
 .progmem.gcc_sw_table.CRemoteScan
                0x00000080       0x18 src/remote.o
                0x00000098                . = ALIGN (0x2)
                0x00000098                __trampolines_start = .
 *(.trampolines)
 .trampolines   0x00000098        0x0 linker stubs
 *(.trampolines*)
                0x00000098                __trampolines_end = .
 *(.progmem*)
                0x00000098                . = ALIGN (0x2)
 *(.jumptables)
 *(.jumptables*)
 *(.lowtext)
 *(.lowtext*)
                0x00000098                __ctors_start = .
 *(.ctors)
                0x00000098                __ctors_end = .
                0x00000098                __dtors_start = .
 *(.dtors)
                0x00000098                __dtors_end = .
 SORT(*)(.ctors)
 SORT(*)(.dtors)
 *(.init0)
 .init0         0x00000098        0x0 c:/program files (x86)/atmel/atmel toolchain/avr8 gcc/native/3.4.1061/avr8-gnu-toolchain/bin/../lib/gcc/avr/4.8.1/../../../../avr/lib/avr5/crtm168pa.o
                0x00000098                __init
 *(.init0)
 *(.init1)
 *(.init1)
 *(.init2)
 .init2         0x00000098        0xc c:/program files (x86)/atmel/atmel toolchain/avr8 gcc/native/3.4.1061/avr8-gnu-toolchain/bin/../lib/gcc/avr/4.8.1/../../../../avr/lib/avr5/crtm168pa.o
 *(.init2)
 *(.init3)
 *(.init3)
 *(.init4)
 .init4         0x000000a4       0x16 c:/program files (x86)/atmel/atmel toolchain/avr8 gcc/native/3.4.1061/avr8-gnu-toolchain/bin/../lib/gcc/avr/4.8.1/avr5\libgcc.a(_copy_data.o)
                0x000000a4                __do_copy_data
 .init4         0x000000ba       0x10 c:/program files (x86)/atmel/atmel toolchain/avr8 gcc/native/3.4.1061/avr8-gnu-toolchain/bin/../lib/gcc/avr/4.8.1/avr5\libgcc.a(_clear_bss.o)
                0x000000ba                __do_clear_bss
 *(.init4)
 *(.init5)
 *(.init5)
 *(.init6)
 *(.init6)
 *(.init7)
 *(.init7)
 *(.init8)
 *(.init8)
 *(.init9)
 .init9         0x000000ca        0x8 c:/program files (x86)/atmel/atmel toolchain/avr8 gcc/native/3.4.1061/avr8-gnu-toolchain/bin/../lib/gcc/avr/4.8.1/../../../../avr/lib/avr5/crtm168pa.o
 *(.init9)
 *(.text)
 .text          0x000000d2        0x4 c:/program files (x86)/atmel/atmel toolchain/avr8 gcc/native/3.4.1061/avr8-gnu-toolchain/bin/../lib/gcc/avr/4.8.1/../../../../avr/lib/avr5/crtm168pa.o
                0x000000d2                __vector_22
                0x000000d2                __vector_1
                0x000000d2                __vector_24
                0x000000d2                __vector_12
                0x000000d2                __bad_interrupt
                0x000000d2                __vector_6
                0x000000d2                __vector_3
                0x000000d2                __vector_23
                0x000000d2                __vector_25
                0x000000d2                __vector_11
                0x000000d2                __vector_17
                0x000000d2                __vector_19
                0x000000d2                __vector_7
                0x000000d2                __vector_5
                0x000000d2                __vector_4
                0x000000d2                __vector_9
                0x000000d2                __vector_2
                0x000000d2                __vector_21
                0x000000d2                __vector_15
                0x000000d2                __vector_8
                0x000000d2                __vector_14
                0x000000d2                __vector_10
                0x000000d2                __vector_16
                0x000000d2                __vector_20
                0x000000d6                . = ALIGN (0x2)
 *(.text.*)
 .text.CAM_SetZoomStop
                0x000000d6       0x38 src/command.o
                0x000000d6                CAM_SetZoomStop
 .text.CAM_SetZoomVTele
                0x0000010e       0x38 src/command.o
                0x0000010e                CAM_SetZoomVTele
 .text.CAM_SetZoomVWide
                0x00000146       0x38 src/command.o
                0x00000146                CAM_SetZoomVWide
 .text.CAM_SetZoomDirect
                0x0000017e       0xa0 src/command.o
                0x0000017e                CAM_SetZoomDirect
 .text.CAM_SetDZoomOn
                0x0000021e       0x38 src/command.o
                0x0000021e                CAM_SetDZoomOn
 .text.CAM_SetStopFocus
                0x00000256       0x38 src/command.o
                0x00000256                CAM_SetStopFocus
 .text.CAM_SetSFarFocus
                0x0000028e       0x38 src/command.o
                0x0000028e                CAM_SetSFarFocus
 .text.CAM_SetSNearFocus
                0x000002c6       0x38 src/command.o
                0x000002c6                CAM_SetSNearFocus
 .text.CAM_SetAutoFocus
                0x000002fe       0x3c src/command.o
                0x000002fe                CAM_SetAutoFocus
 .text.CAM_SetManualFocus
                0x0000033a       0x40 src/command.o
                0x0000033a                CAM_SetManualFocus
 .text.CAM_SetFocusDirect
                0x0000037a       0x6c src/command.o
                0x0000037a                CAM_SetFocusDirect
 .text.CAM_SetNormalAF
                0x000003e6       0x38 src/command.o
                0x000003e6                CAM_SetNormalAF
 .text.CAM_SetWBATW
                0x0000041e       0x38 src/command.o
                0x0000041e                CAM_SetWBATW
 .text.CAM_SetWBMaunal
                0x00000456       0x38 src/command.o
                0x00000456                CAM_SetWBMaunal
 .text.CAM_SetRGainDirect
                0x0000048e       0x4a src/command.o
                0x0000048e                CAM_SetRGainDirect
 .text.CAM_SetBGainDirect
                0x000004d8       0x4a src/command.o
                0x000004d8                CAM_SetBGainDirect
 .text.CAM_SetApertureReset
                0x00000522       0x38 src/command.o
                0x00000522                CAM_SetApertureReset
 .text.CAM_SetApertureDirect
                0x0000055a       0x4e src/command.o
                0x0000055a                CAM_SetApertureDirect
 .text.CAM_SetFreezeOn
                0x000005a8       0x38 src/command.o
                0x000005a8                CAM_SetFreezeOn
 .text.CAM_SetFreezeOff
                0x000005e0       0x38 src/command.o
                0x000005e0                CAM_SetFreezeOff
 .text.CAM_SetPicEffectOff
                0x00000618       0x38 src/command.o
                0x00000618                CAM_SetPicEffectOff
 .text.CAM_SetPicEffectBW
                0x00000650       0x38 src/command.o
                0x00000650                CAM_SetPicEffectBW
 .text.CAM_SetFlipOn
                0x00000688       0x38 src/command.o
                0x00000688                CAM_SetFlipOn
 .text.CAM_SetFlipOff
                0x000006c0       0x38 src/command.o
                0x000006c0                CAM_SetFlipOff
 .text.CAM_SetMirrorOn
                0x000006f8       0x38 src/command.o
                0x000006f8                CAM_SetMirrorOn
 .text.CAM_SetMirrorOff
                0x00000730       0x38 src/command.o
                0x00000730                CAM_SetMirrorOff
 .text.CAM_SetCustomSet
                0x00000768       0x38 src/command.o
                0x00000768                CAM_SetCustomSet
 .text.CAM_SetTitleSet1
                0x000007a0       0x8e src/command.o
                0x000007a0                CAM_SetTitleSet1
 .text.CAM_SetTitleSet2
                0x0000082e       0xa8 src/command.o
                0x0000082e                CAM_SetTitleSet2
 .text.CAM_SetTitleSet3
                0x000008d6       0xa8 src/command.o
                0x000008d6                CAM_SetTitleSet3
 .text.CAM_SetTitleClear
                0x0000097e       0x82 src/command.o
                0x0000097e                CAM_SetTitleClear
 .text.CAM_SetTitleOn
                0x00000a00       0x82 src/command.o
                0x00000a00                CAM_SetTitleOn
 .text.CAM_SetSAVEAVOn
                0x00000a82       0x38 src/command.o
                0x00000a82                CAM_SetSAVEAVOn
 .text.CAM_InqZoomPos
                0x00000aba       0x38 src/command.o
                0x00000aba                CAM_InqZoomPos
 .text.CAM_InqFocusPos
                0x00000af2       0x38 src/command.o
                0x00000af2                CAM_InqFocusPos
 .text.CAM_InqFocusNearLimitPos
                0x00000b2a       0x38 src/command.o
                0x00000b2a                CAM_InqFocusNearLimitPos
 .text.CAM_InqRGain
                0x00000b62       0x38 src/command.o
                0x00000b62                CAM_InqRGain
 .text.CAM_InqBGain
                0x00000b9a       0x38 src/command.o
                0x00000b9a                CAM_InqBGain
 .text.CAM_InqID
                0x00000bd2       0x38 src/command.o
                0x00000bd2                CAM_InqID
 .text.CAM_InqVersion
                0x00000c0a       0x38 src/command.o
                0x00000c0a                CAM_InqVersion
 .text.GetCameraId
                0x00000c42       0x52 src/command.o
                0x00000c42                GetCameraId
 .text.GetZoomPos
                0x00000c94       0x4a src/command.o
                0x00000c94                GetZoomPos
 .text.GetFocusPos
                0x00000cde       0x4a src/command.o
                0x00000cde                GetFocusPos
 .text.GetCameraVersion
                0x00000d28       0x14 src/command.o
                0x00000d28                GetCameraVersion
 .text.GetRGain
                0x00000d3c       0x20 src/command.o
                0x00000d3c                GetRGain
 .text.GetBGain
                0x00000d5c       0x20 src/command.o
                0x00000d5c                GetBGain
 .text.CommandInit
                0x00000d7c       0x6c src/command.o
                0x00000d7c                CommandInit
 .text.CommandLoadBuf
                0x00000de8       0x7e src/command.o
                0x00000de8                CommandLoadBuf
 .text.GetInquiryResult
                0x00000e66       0x36 src/command.o
                0x00000e66                GetInquiryResult
 .text.GetFocusNearLimitPos
                0x00000e9c       0x24 src/command.o
                0x00000e9c                GetFocusNearLimitPos
 .text.CommandHandle
                0x00000ec0       0x2a src/command.o
                0x00000ec0                CommandHandle
 .text.CKeyScanReadyTimerEvent
                0x00000eea        0xc src/key.o
                0x00000eea                CKeyScanReadyTimerEvent
 .text.CKeyRepeatEnableTimerEvent
                0x00000ef6        0xc src/key.o
                0x00000ef6                CKeyRepeatEnableTimerEvent
 .text.KeyInit  0x00000f02       0x18 src/key.o
                0x00000f02                KeyInit
 .text.CKeyScan
                0x00000f1a       0xa2 src/key.o
                0x00000f1a                CKeyScan
 .text.CKeyScanReady
                0x00000fbc       0x36 src/key.o
                0x00000fbc                CKeyScanReady
 .text.CKeyMessageConvert
                0x00000ff2       0x82 src/key.o
                0x00000ff2                CKeyMessageConvert
 .text.CKeyMessageProc
                0x00001074      0x106 src/key.o
                0x00001074                CKeyMessageProc
 .text.CKeyHandle
                0x0000117a       0x60 src/key.o
                0x0000117a                CKeyHandle
 .text.LedInit  0x000011da        0x4 src/led.o
                0x000011da                LedInit
 .text.LedOn    0x000011de        0x4 src/led.o
                0x000011de                LedOn
 .text.LedOff   0x000011e2        0x4 src/led.o
                0x000011e2                LedOff
 .text.LedFlashing
                0x000011e6       0x44 src/led.o
                0x000011e6                LedFlashing
 .text.BlueLightOn
                0x0000122a        0x4 src/led.o
                0x0000122a                BlueLightOn
 .text.BlueLightOff
                0x0000122e        0x4 src/led.o
                0x0000122e                BlueLightOff
 .text.SystemInit
                0x00001232       0x1a src/main.o
                0x00001232                SystemInit
 .text.PowerDetect
                0x0000124c       0x34 src/main.o
                0x0000124c                PowerDetect
 .text.main     0x00001280       0x66 src/main.o
                0x00001280                main
 .text.IsInTheTable
                0x000012e6       0x36 src/manager.o
                0x000012e6                IsInTheTable
 .text.GetFocusStep
                0x0000131c       0x7a src/manager.o
                0x0000131c                GetFocusStep
 .text.GetCamType
                0x00001396       0x70 src/manager.o
                0x00001396                GetCamType
 .text.InitFlashDelay
                0x00001406       0x46 src/manager.o
                0x00001406                InitFlashDelay
 .text.InitCamera
                0x0000144c      0x260 src/manager.o
                0x0000144c                InitCamera
 .text.GetXRateByPos
                0x000016ac       0xa2 src/manager.o
                0x000016ac                GetXRateByPos
 .text.ProcessAF
                0x0000174e      0x132 src/manager.o
                0x0000174e                ProcessAF
 .text.ProcessDisplay
                0x00001880       0xac src/manager.o
                0x00001880                ProcessDisplay
 .text.ProcessWide
                0x0000192c      0x19c src/manager.o
                0x0000192c                ProcessWide
 .text.ProcessTele
                0x00001ac8      0x19e src/manager.o
                0x00001ac8                ProcessTele
 .text.ProcessTime
                0x00001c66       0x1c src/manager.o
                0x00001c66                ProcessTime
 .text.ProcessAutoWB
                0x00001c82       0x96 src/manager.o
                0x00001c82                ProcessAutoWB
 .text.ProcessManualWB
                0x00001d18       0x9a src/manager.o
                0x00001d18                ProcessManualWB
 .text.ProcessSwitchRB
                0x00001db2       0x54 src/manager.o
                0x00001db2                ProcessSwitchRB
 .text.CReleaseKeyMessageHandle
                0x00001e06      0x284 src/manager.o
                0x00001e06                CReleaseKeyMessageHandle
 .text.WhiteBalanceHandle
                0x0000208a       0x5c src/manager.o
                0x0000208a                WhiteBalanceHandle
 .text.SetWhiteModeNormal
                0x000020e6       0x20 src/manager.o
                0x000020e6                SetWhiteModeNormal
 .text.SetWhiteModeFA
                0x00002106       0x1c src/manager.o
                0x00002106                SetWhiteModeFA
 .text.SetWhiteModeFB
                0x00002122       0x1c src/manager.o
                0x00002122                SetWhiteModeFB
 .text.SetFilterG1
                0x0000213e       0x36 src/manager.o
                0x0000213e                SetFilterG1
 .text.SetFilterG2
                0x00002174       0x38 src/manager.o
                0x00002174                SetFilterG2
 .text.SetFilterG3
                0x000021ac       0x38 src/manager.o
                0x000021ac                SetFilterG3
 .text.SaveRBGainValue
                0x000021e4      0x12e src/manager.o
                0x000021e4                SaveRBGainValue
 .text.ProcessFreeze
                0x00002312       0xd2 src/manager.o
                0x00002312                ProcessFreeze
 .text.UnSaveRBGainValue
                0x000023e4       0x64 src/manager.o
                0x000023e4                UnSaveRBGainValue
 .text.ProcessWhite
                0x00002448       0x62 src/manager.o
                0x00002448                ProcessWhite
 .text.ProcessFilter
                0x000024aa       0x6a src/manager.o
                0x000024aa                ProcessFilter
 .text.SetMirrorOn
                0x00002514       0x6a src/manager.o
                0x00002514                SetMirrorOn
 .text.SetMirrorOff
                0x0000257e       0x68 src/manager.o
                0x0000257e                SetMirrorOff
 .text.SetFlipOn
                0x000025e6       0x68 src/manager.o
                0x000025e6                SetFlipOn
 .text.SetFlipOff
                0x0000264e       0x68 src/manager.o
                0x0000264e                SetFlipOff
 .text.ProcessEM
                0x000026b6       0x40 src/manager.o
                0x000026b6                ProcessEM
 .text.CMessageHandle
                0x000026f6       0x5e src/manager.o
                0x000026f6                CMessageHandle
 .text.CRemoteScan
                0x00002754       0x64 src/remote.o
                0x00002754                CRemoteScan
 .text.StatusInit
                0x000027b8       0x52 src/status.o
                0x000027b8                StatusInit
 .text.ProductInfoInit
                0x0000280a       0x5a src/status.o
                0x0000280a                ProductInfoInit
 .text.CTimerInit
                0x00002864       0x26 src/timer.o
                0x00002864                CTimerInit
 .text.CTimerHandle
                0x0000288a       0x5e src/timer.o
                0x0000288a                CTimerHandle
 .text.CTimerDecreaseTimerCnt
                0x000028e8       0x44 src/timer.o
                0x000028e8                CTimerDecreaseTimerCnt
 .text.__vector_13
                0x0000292c      0x196 src/timer.o
                0x0000292c                __vector_13
 .text.CTimerActiveTimerEvent
                0x00002ac2       0xc0 src/timer.o
                0x00002ac2                CTimerActiveTimerEvent
 .text.CTimerReactiveTimerEvent
                0x00002b82       0x70 src/timer.o
                0x00002b82                CTimerReactiveTimerEvent
 .text.CTimerCancelTimerEvent
                0x00002bf2       0x40 src/timer.o
                0x00002bf2                CTimerCancelTimerEvent
 .text.CTimerInitialTimerEvent
                0x00002c32       0x22 src/timer.o
                0x00002c32                CTimerInitialTimerEvent
 .text.SetTitle2
                0x00002c54      0x15a src/Title.o
                0x00002c54                SetTitle2
 .text.SetTitle3
                0x00002dae      0x28a src/Title.o
                0x00002dae                SetTitle3
 .text.TitleHandle
                0x00003038       0x3a src/Title.o
                0x00003038                TitleHandle
 .text.ShowProductInfo
                0x00003072       0x26 src/Title.o
                0x00003072                ShowProductInfo
 .text.__vector_18
                0x00003098       0xc8 src/usart.o
                0x00003098                __vector_18
 .text.USART_Init
                0x00003160       0x16 src/usart.o
                0x00003160                USART_Init
 .text.MY_USART_Init
                0x00003176        0xa src/usart.o
                0x00003176                MY_USART_Init
 .text.USART_SendUChar
                0x00003180       0x10 src/usart.o
                0x00003180                USART_SendUChar
 .text.USART_SendCmd
                0x00003190       0x30 src/usart.o
                0x00003190                USART_SendCmd
 .text.libgcc.mul
                0x000031c0       0x20 c:/program files (x86)/atmel/atmel toolchain/avr8 gcc/native/3.4.1061/avr8-gnu-toolchain/bin/../lib/gcc/avr/4.8.1/avr5\libgcc.a(_mulsi3.o)
                0x000031c0                __mulsi3
 .text.libgcc.div
                0x000031e0       0x28 c:/program files (x86)/atmel/atmel toolchain/avr8 gcc/native/3.4.1061/avr8-gnu-toolchain/bin/../lib/gcc/avr/4.8.1/avr5\libgcc.a(_divmodhi4.o)
                0x000031e0                _div
                0x000031e0                __divmodhi4
 .text.libgcc.div
                0x00003208       0x44 c:/program files (x86)/atmel/atmel toolchain/avr8 gcc/native/3.4.1061/avr8-gnu-toolchain/bin/../lib/gcc/avr/4.8.1/avr5\libgcc.a(_udivmodsi4.o)
                0x00003208                __udivmodsi4
 .text.libgcc   0x0000324c        0xc c:/program files (x86)/atmel/atmel toolchain/avr8 gcc/native/3.4.1061/avr8-gnu-toolchain/bin/../lib/gcc/avr/4.8.1/avr5\libgcc.a(_tablejump.o)
                0x0000324c                __tablejump2__
                0x00003250                __tablejump__
 .text.libgcc.mul
                0x00003258       0x16 c:/program files (x86)/atmel/atmel toolchain/avr8 gcc/native/3.4.1061/avr8-gnu-toolchain/bin/../lib/gcc/avr/4.8.1/avr5\libgcc.a(_muluhisi3.o)
                0x00003258                __muluhisi3
 .text.libgcc.div
                0x0000326e       0x28 c:/program files (x86)/atmel/atmel toolchain/avr8 gcc/native/3.4.1061/avr8-gnu-toolchain/bin/../lib/gcc/avr/4.8.1/avr5\libgcc.a(_udivmodhi4.o)
                0x0000326e                __udivmodhi4
 .text.libgcc.mul
                0x00003296       0x1e c:/program files (x86)/atmel/atmel toolchain/avr8 gcc/native/3.4.1061/avr8-gnu-toolchain/bin/../lib/gcc/avr/4.8.1/avr5\libgcc.a(_umulhisi3.o)
                0x00003296                __umulhisi3
 .text.avr-libc
                0x000032b4       0x10 c:/program files (x86)/atmel/atmel toolchain/avr8 gcc/native/3.4.1061/avr8-gnu-toolchain/bin/../lib/gcc/avr/4.8.1/../../../../avr/lib/avr5\libc.a(eerd_byte_atmega168pa.o)
                0x000032b4                __eerd_byte_m168pa
 .text.avr-libc
                0x000032c4       0x1c c:/program files (x86)/atmel/atmel toolchain/avr8 gcc/native/3.4.1061/avr8-gnu-toolchain/bin/../lib/gcc/avr/4.8.1/../../../../avr/lib/avr5\libc.a(eewr_byte_atmega168pa.o)
                0x000032c4                __eewr_byte_m168pa
                0x000032c6                __eewr_r18_m168pa
                0x000032e0                . = ALIGN (0x2)
 *(.fini9)
 .fini9         0x000032e0        0x0 c:/program files (x86)/atmel/atmel toolchain/avr8 gcc/native/3.4.1061/avr8-gnu-toolchain/bin/../lib/gcc/avr/4.8.1/avr5\libgcc.a(_exit.o)
                0x000032e0                _exit
                0x000032e0                exit
 *(.fini9)
 *(.fini8)
 *(.fini8)
 *(.fini7)
 *(.fini7)
 *(.fini6)
 *(.fini6)
 *(.fini5)
 *(.fini5)
 *(.fini4)
 *(.fini4)
 *(.fini3)
 *(.fini3)
 *(.fini2)
 *(.fini2)
 *(.fini1)
 *(.fini1)
 *(.fini0)
 .fini0         0x000032e0        0x4 c:/program files (x86)/atmel/atmel toolchain/avr8 gcc/native/3.4.1061/avr8-gnu-toolchain/bin/../lib/gcc/avr/4.8.1/avr5\libgcc.a(_exit.o)
 *(.fini0)
                0x000032e4                _etext = .

.data           0x00800100      0x260 load address 0x000032e4
                0x00800100                PROVIDE (__data_start, .)
 *(.data)
 *(.data*)
 .data.tCmd_VersionInq
                0x00800100        0x5 src/command.o
                0x00800100                tCmd_VersionInq
 .data.tCmd_IDInq
                0x00800105        0x5 src/command.o
                0x00800105                tCmd_IDInq
 .data.tCmd_BGainInq
                0x0080010a        0x5 src/command.o
                0x0080010a                tCmd_BGainInq
 .data.tCmd_RGainInq
                0x0080010f        0x5 src/command.o
                0x0080010f                tCmd_RGainInq
 .data.tCmd_FocusNearLimitPosInq
                0x00800114        0x5 src/command.o
                0x00800114                tCmd_FocusNearLimitPosInq
 .data.tCmd_FocusPosInq
                0x00800119        0x5 src/command.o
                0x00800119                tCmd_FocusPosInq
 .data.tCmd_ZoomPosInq
                0x0080011e        0x5 src/command.o
                0x0080011e                tCmd_ZoomPosInq
 .data.tCmd_SAVEAVOn
                0x00800123        0x8 src/command.o
                0x00800123                tCmd_SAVEAVOn
 .data.tCmd_TitleOn
                0x0080012b        0x6 src/command.o
                0x0080012b                tCmd_TitleOn
 .data.tCmd_TitleClear
                0x00800131        0x6 src/command.o
                0x00800131                tCmd_TitleClear
 .data.tCmd_TitleSet3
                0x00800137       0x10 src/command.o
                0x00800137                tCmd_TitleSet3
 .data.tCmd_TitleSet2
                0x00800147       0x10 src/command.o
                0x00800147                tCmd_TitleSet2
 .data.tCmd_TitleSet1
                0x00800157       0x10 src/command.o
                0x00800157                tCmd_TitleSet1
 .data.tCmd_TitleOn_480
                0x00800167        0x6 src/command.o
                0x00800167                tCmd_TitleOn_480
 .data.tCmd_TitleClear_480
                0x0080016d        0x6 src/command.o
                0x0080016d                tCmd_TitleClear_480
 .data.tCmd_TitleSet3_480
                0x00800173       0x10 src/command.o
                0x00800173                tCmd_TitleSet3_480
 .data.tCmd_TitleSet2_480
                0x00800183       0x10 src/command.o
                0x00800183                tCmd_TitleSet2_480
 .data.tCmd_TitleSet1_480
                0x00800193       0x10 src/command.o
                0x00800193                tCmd_TitleSet1_480
 .data.tCmd_Customset
                0x008001a3        0x7 src/command.o
                0x008001a3                tCmd_Customset
 .data.tCmd_MirrorOff
                0x008001aa        0x6 src/command.o
                0x008001aa                tCmd_MirrorOff
 .data.tCmd_MirrorOn
                0x008001b0        0x6 src/command.o
                0x008001b0                tCmd_MirrorOn
 .data.tCmd_FlipOff
                0x008001b6        0x6 src/command.o
                0x008001b6                tCmd_FlipOff
 .data.tCmd_FlipOn
                0x008001bc        0x6 src/command.o
                0x008001bc                tCmd_FlipOn
 .data.tCmd_PicEffectBW
                0x008001c2        0x6 src/command.o
                0x008001c2                tCmd_PicEffectBW
 .data.tCmd_PicEffectOff
                0x008001c8        0x6 src/command.o
                0x008001c8                tCmd_PicEffectOff
 .data.tCmd_FreezeOff
                0x008001ce        0x6 src/command.o
                0x008001ce                tCmd_FreezeOff
 .data.tCmd_FreezeOn
                0x008001d4        0x6 src/command.o
                0x008001d4                tCmd_FreezeOn
 .data.tCmd_ApertureDirect
                0x008001da        0x9 src/command.o
                0x008001da                tCmd_ApertureDirect
 .data.tCmd_ApertureReset
                0x008001e3        0x6 src/command.o
                0x008001e3                tCmd_ApertureReset
 .data.tCmd_BGainDirect
                0x008001e9        0x9 src/command.o
                0x008001e9                tCmd_BGainDirect
 .data.tCmd_RGainDirect
                0x008001f2        0x9 src/command.o
                0x008001f2                tCmd_RGainDirect
 .data.tCmd_WBManual
                0x008001fb        0x6 src/command.o
                0x008001fb                tCmd_WBManual
 .data.tCmd_WBATW
                0x00800201        0x6 src/command.o
                0x00800201                tCmd_WBATW
 .data.tCmd_NormalAF
                0x00800207        0x6 src/command.o
                0x00800207                tCmd_NormalAF
 .data.tCmd_FocusDirect
                0x0080020d        0x9 src/command.o
                0x0080020d                tCmd_FocusDirect
 .data.tCmd_ManualFocus
                0x00800216        0x6 src/command.o
                0x00800216                tCmd_ManualFocus
 .data.tCmd_AutoFocus
                0x0080021c        0x6 src/command.o
                0x0080021c                tCmd_AutoFocus
 .data.tCmd_FocusSNear
                0x00800222        0x6 src/command.o
                0x00800222                tCmd_FocusSNear
 .data.tCmd_FocusSFar
                0x00800228        0x6 src/command.o
                0x00800228                tCmd_FocusSFar
 .data.tCmd_StopFocus
                0x0080022e        0x6 src/command.o
                0x0080022e                tCmd_StopFocus
 .data.tCmd_DZoomOn
                0x00800234        0x6 src/command.o
                0x00800234                tCmd_DZoomOn
 .data.tCmd_ZoomDirect
                0x0080023a        0x9 src/command.o
                0x0080023a                tCmd_ZoomDirect
 .data.tCmd_ZoomVWide
                0x00800243        0x6 src/command.o
                0x00800243                tCmd_ZoomVWide
 .data.tCmd_ZoomVTele
                0x00800249        0x6 src/command.o
                0x00800249                tCmd_ZoomVTele
 .data.tCmd_ZoomStop
                0x0080024f        0x6 src/command.o
                0x0080024f                tCmd_ZoomStop
 .data.uiNumberTable
                0x00800255       0x10 src/Title.o
                0x00800255                uiNumberTable
 *(.rodata)
 .rodata        0x00800265       0x14 src/manager.o
 .rodata        0x00800279        0xa src/Title.o
 *(.rodata*)
 .rodata.uiZoomRatioTable
                0x00800283       0xd0 src/command.o
                0x00800283                uiZoomRatioTable
 .rodata.t6300  0x00800353        0x4 src/manager.o
                0x00800353                t6300
 .rodata.t3310  0x00800357        0x2 src/manager.o
                0x00800357                t3310
 .rodata.t1020  0x00800359        0x2 src/manager.o
                0x00800359                t1020
 .rodata.t480   0x0080035b        0x4 src/manager.o
                0x0080035b                t480
 *(.gnu.linkonce.d*)
                0x00800360                . = ALIGN (0x2)
 *fill*         0x0080035f        0x1 
                0x00800360                _edata = .
                0x00800360                PROVIDE (__data_end, .)

.bss            0x00800360       0xda
                0x00800360                PROVIDE (__bss_start, .)
 *(.bss)
 *(.bss*)
 .bss.g_ucTeleKeyRelease
                0x00800360        0x1 src/key.o
                0x00800360                g_ucTeleKeyRelease
 .bss.g_ucTeleKeyPress
                0x00800361        0x1 src/key.o
                0x00800361                g_ucTeleKeyPress
 .bss.g_ucWideKeyRelease
                0x00800362        0x1 src/key.o
                0x00800362                g_ucWideKeyRelease
 .bss.g_ucWideKeyPress
                0x00800363        0x1 src/key.o
                0x00800363                g_ucWideKeyPress
 .bss.g_ucKeyStateCurr
                0x00800364        0x2 src/key.o
                0x00800364                g_ucKeyStateCurr
 .bss.g_ucKeyStatePrev
                0x00800366        0x2 src/key.o
                0x00800366                g_ucKeyStatePrev
 .bss.g_ucKeyMessage
                0x00800368        0x1 src/key.o
                0x00800368                g_ucKeyMessage
 .bss.g_ucKeyControl
                0x00800369        0x1 src/key.o
                0x00800369                g_ucKeyControl
 .bss.g_u8FocusGetMaxCount
                0x0080036a        0x1 src/manager.o
                0x0080036a                g_u8FocusGetMaxCount
 .bss.g_u16FocusEnding
                0x0080036b        0x2 src/manager.o
                0x0080036b                g_u16FocusEnding
 .bss.g_ucTeleRemoteRelease
                0x0080036d        0x1 src/remote.o
                0x0080036d                g_ucTeleRemoteRelease
 .bss.g_ucTeleRemotePress
                0x0080036e        0x1 src/remote.o
                0x0080036e                g_ucTeleRemotePress
 .bss.g_ucWideRemoteRelease
                0x0080036f        0x1 src/remote.o
                0x0080036f                g_ucWideRemoteRelease
 .bss.g_ucWideRemotePress
                0x00800370        0x1 src/remote.o
                0x00800370                g_ucWideRemotePress
 .bss.g_ucRemoteStatePrev
                0x00800371        0x1 src/remote.o
                0x00800371                g_ucRemoteStatePrev
 .bss.g_ucRemoteControl
                0x00800372        0x1 src/remote.o
                0x00800372                g_ucRemoteControl
 .bss.g_ucRemoteStateCurr
                0x00800373        0x1 src/remote.o
                0x00800373                g_ucRemoteStateCurr
 .bss.g_ucValuePortC
                0x00800374        0x1 src/remote.o
                0x00800374                g_ucValuePortC
 .bss.g_ucSecondCnt
                0x00800375        0x1 src/timer.o
                0x00800375                g_ucSecondCnt
 .bss.g_ucMinuteCnt
                0x00800376        0x1 src/timer.o
                0x00800376                g_ucMinuteCnt
 .bss.g_bTimerChange
                0x00800377        0x1 src/timer.o
                0x00800377                g_bTimerChange
 .bss.g_bTimer1Ctrl
                0x00800378        0x1 src/timer.o
                0x00800378                g_bTimer1Ctrl
 .bss.g_ucTimer1Cnt
                0x00800379        0x4 src/timer.o
                0x00800379                g_ucTimer1Cnt
 .bss.ucSecondCnt.2508
                0x0080037d        0x1 src/Title.o
 .bss.ucMinuteCnt.2507
                0x0080037e        0x1 src/Title.o
 .bss.g_bTitle2Change
                0x0080037f        0x1 src/Title.o
                0x0080037f                g_bTitle2Change
 .bss.g_bTitle1Change
                0x00800380        0x1 src/Title.o
                0x00800380                g_bTitle1Change
 .bss.ReplyLength
                0x00800381        0x1 src/usart.o
                0x00800381                ReplyLength
 .bss.ReplyHeadFoundA
                0x00800382        0x1 src/usart.o
                0x00800382                ReplyHeadFoundA
 *(COMMON)
 COMMON         0x00800383       0x2e src/command.o
                0x00800383                g_stCameraCmd
 COMMON         0x008003b1       0x3e src/status.o
                0x008003b1                g_stStatusCmd
                0x008003d9                g_stProductInfo
 COMMON         0x008003ef       0x2a src/timer.o
                0x008003ef                g_stTimerEvent
 COMMON         0x00800419       0x21 src/usart.o
                0x00800419                ReplyBuf
                0x00800439                rev_data
                0x0080043a                PROVIDE (__bss_end, .)
                0x000032e4                __data_load_start = LOADADDR (.data)
                0x00003544                __data_load_end = (__data_load_start + SIZEOF (.data))

.noinit         0x0080043a        0x0
                0x0080043a                PROVIDE (__noinit_start, .)
 *(.noinit*)
                0x0080043a                PROVIDE (__noinit_end, .)
                0x0080043a                _end = .
                0x0080043a                PROVIDE (__heap_start, .)

.eeprom         0x00810000        0x0
 *(.eeprom*)
                0x00810000                __eeprom_end = .

.fuse
 *(.fuse)
 *(.lfuse)
 *(.hfuse)
 *(.efuse)

.lock
 *(.lock*)

.signature
 *(.signature*)

.user_signatures
 *(.user_signatures*)

.stab
 *(.stab)

.stabstr
 *(.stabstr)

.stab.excl
 *(.stab.excl)

.stab.exclstr
 *(.stab.exclstr)

.stab.index
 *(.stab.index)

.stab.indexstr
 *(.stab.indexstr)

.comment        0x00000000       0x30
 *(.comment)
 .comment       0x00000000       0x30 src/command.o
                                 0x31 (size before relaxing)
 .comment       0x00000000       0x31 src/key.o
 .comment       0x00000000       0x31 src/led.o
 .comment       0x00000000       0x31 src/main.o
 .comment       0x00000000       0x31 src/manager.o
 .comment       0x00000000       0x31 src/remote.o
 .comment       0x00000000       0x31 src/status.o
 .comment       0x00000000       0x31 src/timer.o
 .comment       0x00000000       0x31 src/Title.o
 .comment       0x00000000       0x31 src/usart.o

.note.gnu.build-id
 *(.note.gnu.build-id)

.debug
 *(.debug)

.line
 *(.line)

.debug_srcinfo
 *(.debug_srcinfo)

.debug_sfnames
 *(.debug_sfnames)

.debug_aranges  0x00000000      0x590
 *(.debug_aranges)
 .debug_aranges
                0x00000000      0x218 src/command.o
 .debug_aranges
                0x00000218       0x58 src/key.o
 .debug_aranges
                0x00000270       0x58 src/led.o
 .debug_aranges
                0x000002c8       0x30 src/main.o
 .debug_aranges
                0x000002f8      0x130 src/manager.o
 .debug_aranges
                0x00000428       0x58 src/remote.o
 .debug_aranges
                0x00000480       0x28 src/status.o
 .debug_aranges
                0x000004a8       0x58 src/timer.o
 .debug_aranges
                0x00000500       0x38 src/Title.o
 .debug_aranges
                0x00000538       0x58 src/usart.o

.debug_pubnames
 *(.debug_pubnames)

.debug_info     0x00000000     0x7d32
 *(.debug_info .gnu.linkonce.wi.*)
 .debug_info    0x00000000     0x1ba8 src/command.o
 .debug_info    0x00001ba8      0x9c9 src/key.o
 .debug_info    0x00002571      0x222 src/led.o
 .debug_info    0x00002793      0x96d src/main.o
 .debug_info    0x00003100     0x2895 src/manager.o
 .debug_info    0x00005995      0x8a3 src/remote.o
 .debug_info    0x00006238      0x5e1 src/status.o
 .debug_info    0x00006819      0x814 src/timer.o
 .debug_info    0x0000702d      0x85f src/Title.o
 .debug_info    0x0000788c      0x4a6 src/usart.o

.debug_abbrev   0x00000000     0x123f
 *(.debug_abbrev)
 .debug_abbrev  0x00000000      0x213 src/command.o
 .debug_abbrev  0x00000213      0x234 src/key.o
 .debug_abbrev  0x00000447       0xfc src/led.o
 .debug_abbrev  0x00000543      0x1a7 src/main.o
 .debug_abbrev  0x000006ea      0x332 src/manager.o
 .debug_abbrev  0x00000a1c      0x182 src/remote.o
 .debug_abbrev  0x00000b9e      0x101 src/status.o
 .debug_abbrev  0x00000c9f      0x157 src/timer.o
 .debug_abbrev  0x00000df6      0x23f src/Title.o
 .debug_abbrev  0x00001035      0x20a src/usart.o

.debug_line     0x00000000     0x1f5f
 *(.debug_line .debug_line.* .debug_line_end)
 .debug_line    0x00000000      0x706 src/command.o
 .debug_line    0x00000706      0x250 src/key.o
 .debug_line    0x00000956      0x1bf src/led.o
 .debug_line    0x00000b15      0x1db src/main.o
 .debug_line    0x00000cf0      0x92f src/manager.o
 .debug_line    0x0000161f      0x1cd src/remote.o
 .debug_line    0x000017ec      0x119 src/status.o
 .debug_line    0x00001905      0x1ea src/timer.o
 .debug_line    0x00001aef      0x26d src/Title.o
 .debug_line    0x00001d5c      0x203 src/usart.o

.debug_frame    0x00000000      0xd20
 *(.debug_frame)
 .debug_frame   0x00000000      0x4b8 src/command.o
 .debug_frame   0x000004b8       0xa0 src/key.o
 .debug_frame   0x00000558       0xa0 src/led.o
 .debug_frame   0x000005f8       0x44 src/main.o
 .debug_frame   0x0000063c      0x320 src/manager.o
 .debug_frame   0x0000095c       0x94 src/remote.o
 .debug_frame   0x000009f0       0x40 src/status.o
 .debug_frame   0x00000a30      0x164 src/timer.o
 .debug_frame   0x00000b94       0x7c src/Title.o
 .debug_frame   0x00000c10      0x110 src/usart.o

.debug_str      0x00000000     0x1f08
 *(.debug_str)
 .debug_str     0x00000000     0x139c src/command.o
                               0x13f3 (size before relaxing)
 .debug_str     0x0000139c      0x2f6 src/key.o
                                0x9e8 (size before relaxing)
 .debug_str     0x00001692       0x68 src/led.o
                                0x207 (size before relaxing)
 .debug_str     0x000016fa      0x18a src/main.o
                                0xa41 (size before relaxing)
 .debug_str     0x00001884      0x319 src/manager.o
                               0x109b (size before relaxing)
 .debug_str     0x00001b9d      0x1cb src/remote.o
                                0xa31 (size before relaxing)
 .debug_str     0x00001d68       0x15 src/status.o
                                0x7c1 (size before relaxing)
 .debug_str     0x00001d7d       0xb5 src/timer.o
                                0x9a7 (size before relaxing)
 .debug_str     0x00001e32       0x31 src/Title.o
                                0x8be (size before relaxing)
 .debug_str     0x00001e63       0xa5 src/usart.o
                                0x3e1 (size before relaxing)

.debug_loc      0x00000000     0x28ee
 *(.debug_loc)
 .debug_loc     0x00000000      0xaf4 src/command.o
 .debug_loc     0x00000af4       0xfb src/key.o
 .debug_loc     0x00000bef      0x10a src/led.o
 .debug_loc     0x00000cf9     0x10c7 src/manager.o
 .debug_loc     0x00001dc0      0x155 src/remote.o
 .debug_loc     0x00001f15       0xbc src/status.o
 .debug_loc     0x00001fd1      0x3de src/timer.o
 .debug_loc     0x000023af      0x252 src/Title.o
 .debug_loc     0x00002601      0x2ed src/usart.o

.debug_macinfo
 *(.debug_macinfo)

.debug_weaknames
 *(.debug_weaknames)

.debug_funcnames
 *(.debug_funcnames)

.debug_typenames
 *(.debug_typenames)

.debug_varnames
 *(.debug_varnames)

.debug_pubtypes
 *(.debug_pubtypes)

.debug_ranges   0x00000000      0x4f0
 *(.debug_ranges)
 .debug_ranges  0x00000000      0x208 src/command.o
 .debug_ranges  0x00000208       0x48 src/key.o
 .debug_ranges  0x00000250       0x48 src/led.o
 .debug_ranges  0x00000298       0x20 src/main.o
 .debug_ranges  0x000002b8      0x120 src/manager.o
 .debug_ranges  0x000003d8       0x48 src/remote.o
 .debug_ranges  0x00000420       0x18 src/status.o
 .debug_ranges  0x00000438       0x48 src/timer.o
 .debug_ranges  0x00000480       0x28 src/Title.o
 .debug_ranges  0x000004a8       0x48 src/usart.o

.debug_macro
 *(.debug_macro)
OUTPUT(CAMcontrol.elf elf32-avr)
LOAD linker stubs
