Archive member included because of file (symbol)

c:/program files (x86)/atmel/atmel toolchain/avr8 gcc/native/3.4.1061/avr8-gnu-toolchain/bin/../lib/gcc/avr/4.8.1/avr5\libgcc.a(_divmodhi4.o)
                              src/Title.o (__divmodhi4)
c:/program files (x86)/atmel/atmel toolchain/avr8 gcc/native/3.4.1061/avr8-gnu-toolchain/bin/../lib/gcc/avr/4.8.1/avr5\libgcc.a(_udivmodsi4.o)
                              src/timer.o (__udivmodsi4)
c:/program files (x86)/atmel/atmel toolchain/avr8 gcc/native/3.4.1061/avr8-gnu-toolchain/bin/../lib/gcc/avr/4.8.1/avr5\libgcc.a(_exit.o)
                              c:/program files (x86)/atmel/atmel toolchain/avr8 gcc/native/3.4.1061/avr8-gnu-toolchain/bin/../lib/gcc/avr/4.8.1/../../../../avr/lib/avr5/crtm168pa.o (exit)
c:/program files (x86)/atmel/atmel toolchain/avr8 gcc/native/3.4.1061/avr8-gnu-toolchain/bin/../lib/gcc/avr/4.8.1/avr5\libgcc.a(_tablejump.o)
                              src/manager.o (__tablejump2__)
c:/program files (x86)/atmel/atmel toolchain/avr8 gcc/native/3.4.1061/avr8-gnu-toolchain/bin/../lib/gcc/avr/4.8.1/avr5\libgcc.a(_copy_data.o)
                              src/command.o (__do_copy_data)
c:/program files (x86)/atmel/atmel toolchain/avr8 gcc/native/3.4.1061/avr8-gnu-toolchain/bin/../lib/gcc/avr/4.8.1/avr5\libgcc.a(_clear_bss.o)
                              src/command.o (__do_clear_bss)
c:/program files (x86)/atmel/atmel toolchain/avr8 gcc/native/3.4.1061/avr8-gnu-toolchain/bin/../lib/gcc/avr/4.8.1/avr5\libgcc.a(_udivmodhi4.o)
                              c:/program files (x86)/atmel/atmel toolchain/avr8 gcc/native/3.4.1061/avr8-gnu-toolchain/bin/../lib/gcc/avr/4.8.1/avr5\libgcc.a(_divmodhi4.o) (__udivmodhi4)
c:/program files (x86)/atmel/atmel toolchain/avr8 gcc/native/3.4.1061/avr8-gnu-toolchain/bin/../lib/gcc/avr/4.8.1/../../../../avr/lib/avr5\libc.a(eerd_byte_atmega168pa.o)
                              src/manager.o (__eerd_byte_m168pa)
c:/program files (x86)/atmel/atmel toolchain/avr8 gcc/native/3.4.1061/avr8-gnu-toolchain/bin/../lib/gcc/avr/4.8.1/../../../../avr/lib/avr5\libc.a(eewr_byte_atmega168pa.o)
                              src/manager.o (__eewr_byte_m168pa)

Allocating common symbols
Common symbol       size              file

ReplyBuf            0x20              src/usart.o
g_stStatusCmd       0x24              src/status.o
rev_data            0x1               src/usart.o
g_stCameraCmd       0x2e              src/command.o
g_stTimerEvent      0x2a              src/timer.o
g_stProductInfo     0xc               src/status.o

Discarded input sections

 .data          0x00000000        0x0 c:/program files (x86)/atmel/atmel toolchain/avr8 gcc/native/3.4.1061/avr8-gnu-toolchain/bin/../lib/gcc/avr/4.8.1/../../../../avr/lib/avr5/crtm168pa.o
 .bss           0x00000000        0x0 c:/program files (x86)/atmel/atmel toolchain/avr8 gcc/native/3.4.1061/avr8-gnu-toolchain/bin/../lib/gcc/avr/4.8.1/../../../../avr/lib/avr5/crtm168pa.o
 .text          0x00000000        0x0 src/command.o
 .data          0x00000000        0x0 src/command.o
 .bss           0x00000000        0x0 src/command.o
 .text.CAM_SetDZoomDirect
                0x00000000       0x88 src/command.o
 .text.CAM_SetZoomFocus
                0x00000000       0x38 src/command.o
 .text.CAM_SetRGainUp
                0x00000000       0x38 src/command.o
 .text.CAM_SetRGainDown
                0x00000000       0x38 src/command.o
 .text.CAM_SetBGainUp
                0x00000000       0x38 src/command.o
 .text.CAM_SetBGainDown
                0x00000000       0x38 src/command.o
 .text.CAM_SetCustomReset
                0x00000000       0x38 src/command.o
 .text.CAM_SetCustomRecall
                0x00000000       0x38 src/command.o
 .text.CAM_SetTitleOff
                0x00000000       0x38 src/command.o
 .text.CAM_GetType
                0x00000000       0x38 src/command.o
 .text.CAM_InqWBmode
                0x00000000       0x38 src/command.o
 .text.CAM_InqVersion
                0x00000000       0x38 src/command.o
 .text.IsBLOSSOM
                0x00000000       0x36 src/command.o
 .text.GetWBmode
                0x00000000       0x12 src/command.o
 .rodata.AllCamCmd
                0x00000000      0x8a0 src/command.o
 .data.tCmd_VersionInq
                0x00000000        0x5 src/command.o
 .data.tCmd_WBmodeInq
                0x00000000        0x5 src/command.o
 .data.tCmd_TitleOff
                0x00000000        0x6 src/command.o
 .data.tCmd_TypeGet
                0x00000000        0x6 src/command.o
 .data.tCmd_CustomRecall
                0x00000000        0x7 src/command.o
 .data.tCmd_CustomReset
                0x00000000        0x7 src/command.o
 .data.tCmd_BGainDown
                0x00000000        0x6 src/command.o
 .data.tCmd_BGainUp
                0x00000000        0x6 src/command.o
 .data.tCmd_RGainDown
                0x00000000        0x6 src/command.o
 .data.tCmd_RGainUp
                0x00000000        0x6 src/command.o
 .data.tCmd_ZoomFocus
                0x00000000        0xd src/command.o
 .data.tCmd_DZoomDirect
                0x00000000        0x9 src/command.o
 .text          0x00000000        0x0 src/key.o
 .data          0x00000000        0x0 src/key.o
 .bss           0x00000000        0x0 src/key.o
 .text          0x00000000        0x0 src/led.o
 .data          0x00000000        0x0 src/led.o
 .bss           0x00000000        0x0 src/led.o
 .text          0x00000000        0x0 src/main.o
 .data          0x00000000        0x0 src/main.o
 .bss           0x00000000        0x0 src/main.o
 .text          0x00000000        0x0 src/manager.o
 .data          0x00000000        0x0 src/manager.o
 .bss           0x00000000        0x0 src/manager.o
 .text.GetMfRateByPos
                0x00000000        0xa src/manager.o
 .text.ProcessCapture
                0x00000000       0x2c src/manager.o
 .text          0x00000000        0x0 src/remote.o
 .data          0x00000000        0x0 src/remote.o
 .bss           0x00000000        0x0 src/remote.o
 .text          0x00000000        0x0 src/status.o
 .data          0x00000000        0x0 src/status.o
 .bss           0x00000000        0x0 src/status.o
 .text          0x00000000        0x0 src/timer.o
 .data          0x00000000        0x0 src/timer.o
 .bss           0x00000000        0x0 src/timer.o
 .text          0x00000000        0x0 src/Title.o
 .data          0x00000000        0x0 src/Title.o
 .bss           0x00000000        0x0 src/Title.o
 .text          0x00000000        0x0 src/usart.o
 .data          0x00000000        0x0 src/usart.o
 .bss           0x00000000        0x0 src/usart.o
 .text.USART_SendChar
                0x00000000       0x10 src/usart.o
 .text.USART_Receive
                0x00000000       0x10 src/usart.o
 .text.USART_GetCommand
                0x00000000       0x64 src/usart.o
 .data.ReplyType
                0x00000000        0x1 src/usart.o
 .text          0x00000000        0x0 c:/program files (x86)/atmel/atmel toolchain/avr8 gcc/native/3.4.1061/avr8-gnu-toolchain/bin/../lib/gcc/avr/4.8.1/avr5\libgcc.a(_divmodhi4.o)
 .data          0x00000000        0x0 c:/program files (x86)/atmel/atmel toolchain/avr8 gcc/native/3.4.1061/avr8-gnu-toolchain/bin/../lib/gcc/avr/4.8.1/avr5\libgcc.a(_divmodhi4.o)
 .bss           0x00000000        0x0 c:/program files (x86)/atmel/atmel toolchain/avr8 gcc/native/3.4.1061/avr8-gnu-toolchain/bin/../lib/gcc/avr/4.8.1/avr5\libgcc.a(_divmodhi4.o)
 .text.libgcc.mul
                0x00000000        0x0 c:/program files (x86)/atmel/atmel toolchain/avr8 gcc/native/3.4.1061/avr8-gnu-toolchain/bin/../lib/gcc/avr/4.8.1/avr5\libgcc.a(_divmodhi4.o)
 .text.libgcc   0x00000000        0x0 c:/program files (x86)/atmel/atmel toolchain/avr8 gcc/native/3.4.1061/avr8-gnu-toolchain/bin/../lib/gcc/avr/4.8.1/avr5\libgcc.a(_divmodhi4.o)
 .text.libgcc.prologue
                0x00000000        0x0 c:/program files (x86)/atmel/atmel toolchain/avr8 gcc/native/3.4.1061/avr8-gnu-toolchain/bin/../lib/gcc/avr/4.8.1/avr5\libgcc.a(_divmodhi4.o)
 .text.libgcc.builtins
                0x00000000        0x0 c:/program files (x86)/atmel/atmel toolchain/avr8 gcc/native/3.4.1061/avr8-gnu-toolchain/bin/../lib/gcc/avr/4.8.1/avr5\libgcc.a(_divmodhi4.o)
 .text.libgcc.fmul
                0x00000000        0x0 c:/program files (x86)/atmel/atmel toolchain/avr8 gcc/native/3.4.1061/avr8-gnu-toolchain/bin/../lib/gcc/avr/4.8.1/avr5\libgcc.a(_divmodhi4.o)
 .text.libgcc.fixed
                0x00000000        0x0 c:/program files (x86)/atmel/atmel toolchain/avr8 gcc/native/3.4.1061/avr8-gnu-toolchain/bin/../lib/gcc/avr/4.8.1/avr5\libgcc.a(_divmodhi4.o)
 .text          0x00000000        0x0 c:/program files (x86)/atmel/atmel toolchain/avr8 gcc/native/3.4.1061/avr8-gnu-toolchain/bin/../lib/gcc/avr/4.8.1/avr5\libgcc.a(_udivmodsi4.o)
 .data          0x00000000        0x0 c:/program files (x86)/atmel/atmel toolchain/avr8 gcc/native/3.4.1061/avr8-gnu-toolchain/bin/../lib/gcc/avr/4.8.1/avr5\libgcc.a(_udivmodsi4.o)
 .bss           0x00000000        0x0 c:/program files (x86)/atmel/atmel toolchain/avr8 gcc/native/3.4.1061/avr8-gnu-toolchain/bin/../lib/gcc/avr/4.8.1/avr5\libgcc.a(_udivmodsi4.o)
 .text.libgcc.mul
                0x00000000        0x0 c:/program files (x86)/atmel/atmel toolchain/avr8 gcc/native/3.4.1061/avr8-gnu-toolchain/bin/../lib/gcc/avr/4.8.1/avr5\libgcc.a(_udivmodsi4.o)
 .text.libgcc   0x00000000        0x0 c:/program files (x86)/atmel/atmel toolchain/avr8 gcc/native/3.4.1061/avr8-gnu-toolchain/bin/../lib/gcc/avr/4.8.1/avr5\libgcc.a(_udivmodsi4.o)
 .text.libgcc.prologue
                0x00000000        0x0 c:/program files (x86)/atmel/atmel toolchain/avr8 gcc/native/3.4.1061/avr8-gnu-toolchain/bin/../lib/gcc/avr/4.8.1/avr5\libgcc.a(_udivmodsi4.o)
 .text.libgcc.builtins
                0x00000000        0x0 c:/program files (x86)/atmel/atmel toolchain/avr8 gcc/native/3.4.1061/avr8-gnu-toolchain/bin/../lib/gcc/avr/4.8.1/avr5\libgcc.a(_udivmodsi4.o)
 .text.libgcc.fmul
                0x00000000        0x0 c:/program files (x86)/atmel/atmel toolchain/avr8 gcc/native/3.4.1061/avr8-gnu-toolchain/bin/../lib/gcc/avr/4.8.1/avr5\libgcc.a(_udivmodsi4.o)
 .text.libgcc.fixed
                0x00000000        0x0 c:/program files (x86)/atmel/atmel toolchain/avr8 gcc/native/3.4.1061/avr8-gnu-toolchain/bin/../lib/gcc/avr/4.8.1/avr5\libgcc.a(_udivmodsi4.o)
 .text          0x00000000        0x0 c:/program files (x86)/atmel/atmel toolchain/avr8 gcc/native/3.4.1061/avr8-gnu-toolchain/bin/../lib/gcc/avr/4.8.1/avr5\libgcc.a(_exit.o)
 .data          0x00000000        0x0 c:/program files (x86)/atmel/atmel toolchain/avr8 gcc/native/3.4.1061/avr8-gnu-toolchain/bin/../lib/gcc/avr/4.8.1/avr5\libgcc.a(_exit.o)
 .bss           0x00000000        0x0 c:/program files (x86)/atmel/atmel toolchain/avr8 gcc/native/3.4.1061/avr8-gnu-toolchain/bin/../lib/gcc/avr/4.8.1/avr5\libgcc.a(_exit.o)
 .text.libgcc.mul
                0x00000000        0x0 c:/program files (x86)/atmel/atmel toolchain/avr8 gcc/native/3.4.1061/avr8-gnu-toolchain/bin/../lib/gcc/avr/4.8.1/avr5\libgcc.a(_exit.o)
 .text.libgcc.div
                0x00000000        0x0 c:/program files (x86)/atmel/atmel toolchain/avr8 gcc/native/3.4.1061/avr8-gnu-toolchain/bin/../lib/gcc/avr/4.8.1/avr5\libgcc.a(_exit.o)
 .text.libgcc   0x00000000        0x0 c:/program files (x86)/atmel/atmel toolchain/avr8 gcc/native/3.4.1061/avr8-gnu-toolchain/bin/../lib/gcc/avr/4.8.1/avr5\libgcc.a(_exit.o)
 .text.libgcc.prologue
                0x00000000        0x0 c:/program files (x86)/atmel/atmel toolchain/avr8 gcc/native/3.4.1061/avr8-gnu-toolchain/bin/../lib/gcc/avr/4.8.1/avr5\libgcc.a(_exit.o)
 .text.libgcc.builtins
                0x00000000        0x0 c:/program files (x86)/atmel/atmel toolchain/avr8 gcc/native/3.4.1061/avr8-gnu-toolchain/bin/../lib/gcc/avr/4.8.1/avr5\libgcc.a(_exit.o)
 .text.libgcc.fmul
                0x00000000        0x0 c:/program files (x86)/atmel/atmel toolchain/avr8 gcc/native/3.4.1061/avr8-gnu-toolchain/bin/../lib/gcc/avr/4.8.1/avr5\libgcc.a(_exit.o)
 .text.libgcc.fixed
                0x00000000        0x0 c:/program files (x86)/atmel/atmel toolchain/avr8 gcc/native/3.4.1061/avr8-gnu-toolchain/bin/../lib/gcc/avr/4.8.1/avr5\libgcc.a(_exit.o)
 .text          0x00000000        0x0 c:/program files (x86)/atmel/atmel toolchain/avr8 gcc/native/3.4.1061/avr8-gnu-toolchain/bin/../lib/gcc/avr/4.8.1/avr5\libgcc.a(_tablejump.o)
 .data          0x00000000        0x0 c:/program files (x86)/atmel/atmel toolchain/avr8 gcc/native/3.4.1061/avr8-gnu-toolchain/bin/../lib/gcc/avr/4.8.1/avr5\libgcc.a(_tablejump.o)
 .bss           0x00000000        0x0 c:/program files (x86)/atmel/atmel toolchain/avr8 gcc/native/3.4.1061/avr8-gnu-toolchain/bin/../lib/gcc/avr/4.8.1/avr5\libgcc.a(_tablejump.o)
 .text.libgcc.mul
                0x00000000        0x0 c:/program files (x86)/atmel/atmel toolchain/avr8 gcc/native/3.4.1061/avr8-gnu-toolchain/bin/../lib/gcc/avr/4.8.1/avr5\libgcc.a(_tablejump.o)
 .text.libgcc.div
                0x00000000        0x0 c:/program files (x86)/atmel/atmel toolchain/avr8 gcc/native/3.4.1061/avr8-gnu-toolchain/bin/../lib/gcc/avr/4.8.1/avr5\libgcc.a(_tablejump.o)
 .text.libgcc.prologue
                0x00000000        0x0 c:/program files (x86)/atmel/atmel toolchain/avr8 gcc/native/3.4.1061/avr8-gnu-toolchain/bin/../lib/gcc/avr/4.8.1/avr5\libgcc.a(_tablejump.o)
 .text.libgcc.builtins
                0x00000000        0x0 c:/program files (x86)/atmel/atmel toolchain/avr8 gcc/native/3.4.1061/avr8-gnu-toolchain/bin/../lib/gcc/avr/4.8.1/avr5\libgcc.a(_tablejump.o)
 .text.libgcc.fmul
                0x00000000        0x0 c:/program files (x86)/atmel/atmel toolchain/avr8 gcc/native/3.4.1061/avr8-gnu-toolchain/bin/../lib/gcc/avr/4.8.1/avr5\libgcc.a(_tablejump.o)
 .text.libgcc.fixed
                0x00000000        0x0 c:/program files (x86)/atmel/atmel toolchain/avr8 gcc/native/3.4.1061/avr8-gnu-toolchain/bin/../lib/gcc/avr/4.8.1/avr5\libgcc.a(_tablejump.o)
 .text          0x00000000        0x0 c:/program files (x86)/atmel/atmel toolchain/avr8 gcc/native/3.4.1061/avr8-gnu-toolchain/bin/../lib/gcc/avr/4.8.1/avr5\libgcc.a(_copy_data.o)
 .data          0x00000000        0x0 c:/program files (x86)/atmel/atmel toolchain/avr8 gcc/native/3.4.1061/avr8-gnu-toolchain/bin/../lib/gcc/avr/4.8.1/avr5\libgcc.a(_copy_data.o)
 .bss           0x00000000        0x0 c:/program files (x86)/atmel/atmel toolchain/avr8 gcc/native/3.4.1061/avr8-gnu-toolchain/bin/../lib/gcc/avr/4.8.1/avr5\libgcc.a(_copy_data.o)
 .text.libgcc.mul
                0x00000000        0x0 c:/program files (x86)/atmel/atmel toolchain/avr8 gcc/native/3.4.1061/avr8-gnu-toolchain/bin/../lib/gcc/avr/4.8.1/avr5\libgcc.a(_copy_data.o)
 .text.libgcc.div
                0x00000000        0x0 c:/program files (x86)/atmel/atmel toolchain/avr8 gcc/native/3.4.1061/avr8-gnu-toolchain/bin/../lib/gcc/avr/4.8.1/avr5\libgcc.a(_copy_data.o)
 .text.libgcc   0x00000000        0x0 c:/program files (x86)/atmel/atmel toolchain/avr8 gcc/native/3.4.1061/avr8-gnu-toolchain/bin/../lib/gcc/avr/4.8.1/avr5\libgcc.a(_copy_data.o)
 .text.libgcc.prologue
                0x00000000        0x0 c:/program files (x86)/atmel/atmel toolchain/avr8 gcc/native/3.4.1061/avr8-gnu-toolchain/bin/../lib/gcc/avr/4.8.1/avr5\libgcc.a(_copy_data.o)
 .text.libgcc.builtins
                0x00000000        0x0 c:/program files (x86)/atmel/atmel toolchain/avr8 gcc/native/3.4.1061/avr8-gnu-toolchain/bin/../lib/gcc/avr/4.8.1/avr5\libgcc.a(_copy_data.o)
 .text.libgcc.fmul
                0x00000000        0x0 c:/program files (x86)/atmel/atmel toolchain/avr8 gcc/native/3.4.1061/avr8-gnu-toolchain/bin/../lib/gcc/avr/4.8.1/avr5\libgcc.a(_copy_data.o)
 .text.libgcc.fixed
                0x00000000        0x0 c:/program files (x86)/atmel/atmel toolchain/avr8 gcc/native/3.4.1061/avr8-gnu-toolchain/bin/../lib/gcc/avr/4.8.1/avr5\libgcc.a(_copy_data.o)
 .text          0x00000000        0x0 c:/program files (x86)/atmel/atmel toolchain/avr8 gcc/native/3.4.1061/avr8-gnu-toolchain/bin/../lib/gcc/avr/4.8.1/avr5\libgcc.a(_clear_bss.o)
 .data          0x00000000        0x0 c:/program files (x86)/atmel/atmel toolchain/avr8 gcc/native/3.4.1061/avr8-gnu-toolchain/bin/../lib/gcc/avr/4.8.1/avr5\libgcc.a(_clear_bss.o)
 .bss           0x00000000        0x0 c:/program files (x86)/atmel/atmel toolchain/avr8 gcc/native/3.4.1061/avr8-gnu-toolchain/bin/../lib/gcc/avr/4.8.1/avr5\libgcc.a(_clear_bss.o)
 .text.libgcc.mul
                0x00000000        0x0 c:/program files (x86)/atmel/atmel toolchain/avr8 gcc/native/3.4.1061/avr8-gnu-toolchain/bin/../lib/gcc/avr/4.8.1/avr5\libgcc.a(_clear_bss.o)
 .text.libgcc.div
                0x00000000        0x0 c:/program files (x86)/atmel/atmel toolchain/avr8 gcc/native/3.4.1061/avr8-gnu-toolchain/bin/../lib/gcc/avr/4.8.1/avr5\libgcc.a(_clear_bss.o)
 .text.libgcc   0x00000000        0x0 c:/program files (x86)/atmel/atmel toolchain/avr8 gcc/native/3.4.1061/avr8-gnu-toolchain/bin/../lib/gcc/avr/4.8.1/avr5\libgcc.a(_clear_bss.o)
 .text.libgcc.prologue
                0x00000000        0x0 c:/program files (x86)/atmel/atmel toolchain/avr8 gcc/native/3.4.1061/avr8-gnu-toolchain/bin/../lib/gcc/avr/4.8.1/avr5\libgcc.a(_clear_bss.o)
 .text.libgcc.builtins
                0x00000000        0x0 c:/program files (x86)/atmel/atmel toolchain/avr8 gcc/native/3.4.1061/avr8-gnu-toolchain/bin/../lib/gcc/avr/4.8.1/avr5\libgcc.a(_clear_bss.o)
 .text.libgcc.fmul
                0x00000000        0x0 c:/program files (x86)/atmel/atmel toolchain/avr8 gcc/native/3.4.1061/avr8-gnu-toolchain/bin/../lib/gcc/avr/4.8.1/avr5\libgcc.a(_clear_bss.o)
 .text.libgcc.fixed
                0x00000000        0x0 c:/program files (x86)/atmel/atmel toolchain/avr8 gcc/native/3.4.1061/avr8-gnu-toolchain/bin/../lib/gcc/avr/4.8.1/avr5\libgcc.a(_clear_bss.o)
 .text          0x00000000        0x0 c:/program files (x86)/atmel/atmel toolchain/avr8 gcc/native/3.4.1061/avr8-gnu-toolchain/bin/../lib/gcc/avr/4.8.1/avr5\libgcc.a(_udivmodhi4.o)
 .data          0x00000000        0x0 c:/program files (x86)/atmel/atmel toolchain/avr8 gcc/native/3.4.1061/avr8-gnu-toolchain/bin/../lib/gcc/avr/4.8.1/avr5\libgcc.a(_udivmodhi4.o)
 .bss           0x00000000        0x0 c:/program files (x86)/atmel/atmel toolchain/avr8 gcc/native/3.4.1061/avr8-gnu-toolchain/bin/../lib/gcc/avr/4.8.1/avr5\libgcc.a(_udivmodhi4.o)
 .text.libgcc.mul
                0x00000000        0x0 c:/program files (x86)/atmel/atmel toolchain/avr8 gcc/native/3.4.1061/avr8-gnu-toolchain/bin/../lib/gcc/avr/4.8.1/avr5\libgcc.a(_udivmodhi4.o)
 .text.libgcc   0x00000000        0x0 c:/program files (x86)/atmel/atmel toolchain/avr8 gcc/native/3.4.1061/avr8-gnu-toolchain/bin/../lib/gcc/avr/4.8.1/avr5\libgcc.a(_udivmodhi4.o)
 .text.libgcc.prologue
                0x00000000        0x0 c:/program files (x86)/atmel/atmel toolchain/avr8 gcc/native/3.4.1061/avr8-gnu-toolchain/bin/../lib/gcc/avr/4.8.1/avr5\libgcc.a(_udivmodhi4.o)
 .text.libgcc.builtins
                0x00000000        0x0 c:/program files (x86)/atmel/atmel toolchain/avr8 gcc/native/3.4.1061/avr8-gnu-toolchain/bin/../lib/gcc/avr/4.8.1/avr5\libgcc.a(_udivmodhi4.o)
 .text.libgcc.fmul
                0x00000000        0x0 c:/program files (x86)/atmel/atmel toolchain/avr8 gcc/native/3.4.1061/avr8-gnu-toolchain/bin/../lib/gcc/avr/4.8.1/avr5\libgcc.a(_udivmodhi4.o)
 .text.libgcc.fixed
                0x00000000        0x0 c:/program files (x86)/atmel/atmel toolchain/avr8 gcc/native/3.4.1061/avr8-gnu-toolchain/bin/../lib/gcc/avr/4.8.1/avr5\libgcc.a(_udivmodhi4.o)
 .text          0x00000000        0x0 c:/program files (x86)/atmel/atmel toolchain/avr8 gcc/native/3.4.1061/avr8-gnu-toolchain/bin/../lib/gcc/avr/4.8.1/../../../../avr/lib/avr5\libc.a(eerd_byte_atmega168pa.o)
 .data          0x00000000        0x0 c:/program files (x86)/atmel/atmel toolchain/avr8 gcc/native/3.4.1061/avr8-gnu-toolchain/bin/../lib/gcc/avr/4.8.1/../../../../avr/lib/avr5\libc.a(eerd_byte_atmega168pa.o)
 .bss           0x00000000        0x0 c:/program files (x86)/atmel/atmel toolchain/avr8 gcc/native/3.4.1061/avr8-gnu-toolchain/bin/../lib/gcc/avr/4.8.1/../../../../avr/lib/avr5\libc.a(eerd_byte_atmega168pa.o)
 .text          0x00000000        0x0 c:/program files (x86)/atmel/atmel toolchain/avr8 gcc/native/3.4.1061/avr8-gnu-toolchain/bin/../lib/gcc/avr/4.8.1/../../../../avr/lib/avr5\libc.a(eewr_byte_atmega168pa.o)
 .data          0x00000000        0x0 c:/program files (x86)/atmel/atmel toolchain/avr8 gcc/native/3.4.1061/avr8-gnu-toolchain/bin/../lib/gcc/avr/4.8.1/../../../../avr/lib/avr5\libc.a(eewr_byte_atmega168pa.o)
 .bss           0x00000000        0x0 c:/program files (x86)/atmel/atmel toolchain/avr8 gcc/native/3.4.1061/avr8-gnu-toolchain/bin/../lib/gcc/avr/4.8.1/../../../../avr/lib/avr5\libc.a(eewr_byte_atmega168pa.o)

Memory Configuration

Name             Origin             Length             Attributes
text             0x00000000         0x00020000         xr
data             0x00800060         0x0000ffa0         rw !x
eeprom           0x00810000         0x00010000         rw !x
fuse             0x00820000         0x00000400         rw !x
lock             0x00830000         0x00000400         rw !x
signature        0x00840000         0x00000400         rw !x
user_signatures  0x00850000         0x00000400         rw !x
*default*        0x00000000         0xffffffff

Linker script and memory map

Address of section .data set to 0x800100
LOAD c:/program files (x86)/atmel/atmel toolchain/avr8 gcc/native/3.4.1061/avr8-gnu-toolchain/bin/../lib/gcc/avr/4.8.1/../../../../avr/lib/avr5/crtm168pa.o
LOAD src/command.o
LOAD src/key.o
LOAD src/led.o
LOAD src/main.o
LOAD src/manager.o
LOAD src/remote.o
LOAD src/status.o
LOAD src/timer.o
LOAD src/Title.o
LOAD src/usart.o
START GROUP
END GROUP
START GROUP
LOAD c:/program files (x86)/atmel/atmel toolchain/avr8 gcc/native/3.4.1061/avr8-gnu-toolchain/bin/../lib/gcc/avr/4.8.1/avr5\libgcc.a
LOAD c:/program files (x86)/atmel/atmel toolchain/avr8 gcc/native/3.4.1061/avr8-gnu-toolchain/bin/../lib/gcc/avr/4.8.1/../../../../avr/lib/avr5\libm.a
LOAD c:/program files (x86)/atmel/atmel toolchain/avr8 gcc/native/3.4.1061/avr8-gnu-toolchain/bin/../lib/gcc/avr/4.8.1/../../../../avr/lib/avr5\libc.a
END GROUP

.hash
 *(.hash)

.dynsym
 *(.dynsym)

.dynstr
 *(.dynstr)

.gnu.version
 *(.gnu.version)

.gnu.version_d
 *(.gnu.version_d)

.gnu.version_r
 *(.gnu.version_r)

.rel.init
 *(.rel.init)

.rela.init
 *(.rela.init)

.rel.text
 *(.rel.text)
 *(.rel.text.*)
 *(.rel.gnu.linkonce.t*)

.rela.text
 *(.rela.text)
 *(.rela.text.*)
 *(.rela.gnu.linkonce.t*)

.rel.fini
 *(.rel.fini)

.rela.fini
 *(.rela.fini)

.rel.rodata
 *(.rel.rodata)
 *(.rel.rodata.*)
 *(.rel.gnu.linkonce.r*)

.rela.rodata
 *(.rela.rodata)
 *(.rela.rodata.*)
 *(.rela.gnu.linkonce.r*)

.rel.data
 *(.rel.data)
 *(.rel.data.*)
 *(.rel.gnu.linkonce.d*)

.rela.data
 *(.rela.data)
 *(.rela.data.*)
 *(.rela.gnu.linkonce.d*)

.rel.ctors
 *(.rel.ctors)

.rela.ctors
 *(.rela.ctors)

.rel.dtors
 *(.rel.dtors)

.rela.dtors
 *(.rela.dtors)

.rel.got
 *(.rel.got)

.rela.got
 *(.rela.got)

.rel.bss
 *(.rel.bss)

.rela.bss
 *(.rela.bss)

.rel.plt
 *(.rel.plt)

.rela.plt
 *(.rela.plt)

.text           0x00000000     0x2a94
 *(.vectors)
 .vectors       0x00000000       0x68 c:/program files (x86)/atmel/atmel toolchain/avr8 gcc/native/3.4.1061/avr8-gnu-toolchain/bin/../lib/gcc/avr/4.8.1/../../../../avr/lib/avr5/crtm168pa.o
                0x00000000                __vector_default
                0x00000000                __vectors
 *(.vectors)
 *(.progmem.gcc*)
 .progmem.gcc_sw_table.CMessageHandle
                0x00000068       0x28 src/manager.o
                0x00000090                . = ALIGN (0x2)
                0x00000090                __trampolines_start = .
 *(.trampolines)
 .trampolines   0x00000090        0x0 linker stubs
 *(.trampolines*)
                0x00000090                __trampolines_end = .
 *(.progmem*)
                0x00000090                . = ALIGN (0x2)
 *(.jumptables)
 *(.jumptables*)
 *(.lowtext)
 *(.lowtext*)
                0x00000090                __ctors_start = .
 *(.ctors)
                0x00000090                __ctors_end = .
                0x00000090                __dtors_start = .
 *(.dtors)
                0x00000090                __dtors_end = .
 SORT(*)(.ctors)
 SORT(*)(.dtors)
 *(.init0)
 .init0         0x00000090        0x0 c:/program files (x86)/atmel/atmel toolchain/avr8 gcc/native/3.4.1061/avr8-gnu-toolchain/bin/../lib/gcc/avr/4.8.1/../../../../avr/lib/avr5/crtm168pa.o
                0x00000090                __init
 *(.init0)
 *(.init1)
 *(.init1)
 *(.init2)
 .init2         0x00000090        0xc c:/program files (x86)/atmel/atmel toolchain/avr8 gcc/native/3.4.1061/avr8-gnu-toolchain/bin/../lib/gcc/avr/4.8.1/../../../../avr/lib/avr5/crtm168pa.o
 *(.init2)
 *(.init3)
 *(.init3)
 *(.init4)
 .init4         0x0000009c       0x16 c:/program files (x86)/atmel/atmel toolchain/avr8 gcc/native/3.4.1061/avr8-gnu-toolchain/bin/../lib/gcc/avr/4.8.1/avr5\libgcc.a(_copy_data.o)
                0x0000009c                __do_copy_data
 .init4         0x000000b2       0x10 c:/program files (x86)/atmel/atmel toolchain/avr8 gcc/native/3.4.1061/avr8-gnu-toolchain/bin/../lib/gcc/avr/4.8.1/avr5\libgcc.a(_clear_bss.o)
                0x000000b2                __do_clear_bss
 *(.init4)
 *(.init5)
 *(.init5)
 *(.init6)
 *(.init6)
 *(.init7)
 *(.init7)
 *(.init8)
 *(.init8)
 *(.init9)
 .init9         0x000000c2        0x8 c:/program files (x86)/atmel/atmel toolchain/avr8 gcc/native/3.4.1061/avr8-gnu-toolchain/bin/../lib/gcc/avr/4.8.1/../../../../avr/lib/avr5/crtm168pa.o
 *(.init9)
 *(.text)
 .text          0x000000ca        0x4 c:/program files (x86)/atmel/atmel toolchain/avr8 gcc/native/3.4.1061/avr8-gnu-toolchain/bin/../lib/gcc/avr/4.8.1/../../../../avr/lib/avr5/crtm168pa.o
                0x000000ca                __vector_22
                0x000000ca                __vector_1
                0x000000ca                __vector_24
                0x000000ca                __vector_12
                0x000000ca                __bad_interrupt
                0x000000ca                __vector_6
                0x000000ca                __vector_3
                0x000000ca                __vector_23
                0x000000ca                __vector_25
                0x000000ca                __vector_11
                0x000000ca                __vector_17
                0x000000ca                __vector_19
                0x000000ca                __vector_7
                0x000000ca                __vector_5
                0x000000ca                __vector_4
                0x000000ca                __vector_9
                0x000000ca                __vector_2
                0x000000ca                __vector_21
                0x000000ca                __vector_15
                0x000000ca                __vector_8
                0x000000ca                __vector_14
                0x000000ca                __vector_10
                0x000000ca                __vector_16
                0x000000ca                __vector_20
                0x000000ce                . = ALIGN (0x2)
 *(.text.*)
 .text.CAM_SetZoomStop
                0x000000ce       0x38 src/command.o
                0x000000ce                CAM_SetZoomStop
 .text.CAM_SetZoomVTele
                0x00000106       0x38 src/command.o
                0x00000106                CAM_SetZoomVTele
 .text.CAM_SetZoomVWide
                0x0000013e       0x38 src/command.o
                0x0000013e                CAM_SetZoomVWide
 .text.CAM_SetZoomDirect
                0x00000176       0x88 src/command.o
                0x00000176                CAM_SetZoomDirect
 .text.CAM_SetStopFocus
                0x000001fe       0x38 src/command.o
                0x000001fe                CAM_SetStopFocus
 .text.CAM_SetSFarFocus
                0x00000236       0x38 src/command.o
                0x00000236                CAM_SetSFarFocus
 .text.CAM_SetSNearFocus
                0x0000026e       0x38 src/command.o
                0x0000026e                CAM_SetSNearFocus
 .text.CAM_SetAutoFocus
                0x000002a6       0x3c src/command.o
                0x000002a6                CAM_SetAutoFocus
 .text.CAM_SetManualFocus
                0x000002e2       0x40 src/command.o
                0x000002e2                CAM_SetManualFocus
 .text.CAM_SetNormalAF
                0x00000322       0x38 src/command.o
                0x00000322                CAM_SetNormalAF
 .text.CAM_SetWBATW
                0x0000035a       0x38 src/command.o
                0x0000035a                CAM_SetWBATW
 .text.CAM_SetWBMaunal
                0x00000392       0x38 src/command.o
                0x00000392                CAM_SetWBMaunal
 .text.CAM_SetRGainDirect
                0x000003ca       0x4a src/command.o
                0x000003ca                CAM_SetRGainDirect
 .text.CAM_SetBGainDirect
                0x00000414       0x4a src/command.o
                0x00000414                CAM_SetBGainDirect
 .text.CAM_SetApertureReset
                0x0000045e       0x38 src/command.o
                0x0000045e                CAM_SetApertureReset
 .text.CAM_SetApertureDirect
                0x00000496       0x4e src/command.o
                0x00000496                CAM_SetApertureDirect
 .text.CAM_SetFreezeOn
                0x000004e4       0x38 src/command.o
                0x000004e4                CAM_SetFreezeOn
 .text.CAM_SetFreezeOff
                0x0000051c       0x38 src/command.o
                0x0000051c                CAM_SetFreezeOff
 .text.CAM_SetPicEffectOff
                0x00000554       0x38 src/command.o
                0x00000554                CAM_SetPicEffectOff
 .text.CAM_SetPicEffectBW
                0x0000058c       0x38 src/command.o
                0x0000058c                CAM_SetPicEffectBW
 .text.CAM_SetFlipOn
                0x000005c4       0x38 src/command.o
                0x000005c4                CAM_SetFlipOn
 .text.CAM_SetFlipOff
                0x000005fc       0x38 src/command.o
                0x000005fc                CAM_SetFlipOff
 .text.CAM_SetMirrorOn
                0x00000634       0x38 src/command.o
                0x00000634                CAM_SetMirrorOn
 .text.CAM_SetMirrorOff
                0x0000066c       0x38 src/command.o
                0x0000066c                CAM_SetMirrorOff
 .text.CAM_SetCustomSet
                0x000006a4       0x38 src/command.o
                0x000006a4                CAM_SetCustomSet
 .text.CAM_SetTitleSet1
                0x000006dc       0x48 src/command.o
                0x000006dc                CAM_SetTitleSet1
 .text.CAM_SetTitleSet2
                0x00000724       0x6c src/command.o
                0x00000724                CAM_SetTitleSet2
 .text.CAM_SetTitleSet3
                0x00000790       0x6c src/command.o
                0x00000790                CAM_SetTitleSet3
 .text.CAM_SetTitleClear
                0x000007fc       0x38 src/command.o
                0x000007fc                CAM_SetTitleClear
 .text.CAM_SetTitleOn
                0x00000834       0x38 src/command.o
                0x00000834                CAM_SetTitleOn
 .text.CAM_SetSAVEAVOn
                0x0000086c       0x38 src/command.o
                0x0000086c                CAM_SetSAVEAVOn
 .text.CAM_InqZoomPos
                0x000008a4       0x38 src/command.o
                0x000008a4                CAM_InqZoomPos
 .text.CAM_InqFocusPos
                0x000008dc       0x38 src/command.o
                0x000008dc                CAM_InqFocusPos
 .text.CAM_InqRGain
                0x00000914       0x38 src/command.o
                0x00000914                CAM_InqRGain
 .text.CAM_InqBGain
                0x0000094c       0x38 src/command.o
                0x0000094c                CAM_InqBGain
 .text.CAM_InqID
                0x00000984       0x38 src/command.o
                0x00000984                CAM_InqID
 .text.GetCameraId
                0x000009bc       0x52 src/command.o
                0x000009bc                GetCameraId
 .text.GetZoomPos
                0x00000a0e       0x4a src/command.o
                0x00000a0e                GetZoomPos
 .text.GetFocusPos
                0x00000a58       0x4a src/command.o
                0x00000a58                GetFocusPos
 .text.GetCameraVersion
                0x00000aa2       0x22 src/command.o
                0x00000aa2                GetCameraVersion
 .text.GetRGain
                0x00000ac4       0x20 src/command.o
                0x00000ac4                GetRGain
 .text.GetBGain
                0x00000ae4       0x20 src/command.o
                0x00000ae4                GetBGain
 .text.CommandInit
                0x00000b04       0x6c src/command.o
                0x00000b04                CommandInit
 .text.CommandLoadBuf
                0x00000b70       0x7e src/command.o
                0x00000b70                CommandLoadBuf
 .text.GetInquiryResult
                0x00000bee       0x36 src/command.o
                0x00000bee                GetInquiryResult
 .text.CommandHandle
                0x00000c24       0x2a src/command.o
                0x00000c24                CommandHandle
 .text.CKeyScanReadyTimerEvent
                0x00000c4e        0xc src/key.o
                0x00000c4e                CKeyScanReadyTimerEvent
 .text.CKeyRepeatEnableTimerEvent
                0x00000c5a        0xc src/key.o
                0x00000c5a                CKeyRepeatEnableTimerEvent
 .text.KeyInit  0x00000c66       0x14 src/key.o
                0x00000c66                KeyInit
 .text.CKeyScan
                0x00000c7a       0x90 src/key.o
                0x00000c7a                CKeyScan
 .text.CKeyScanReady
                0x00000d0a       0x36 src/key.o
                0x00000d0a                CKeyScanReady
 .text.CKeyMessageConvert
                0x00000d40       0x46 src/key.o
                0x00000d40                CKeyMessageConvert
 .text.CKeyMessageProc
                0x00000d86      0x106 src/key.o
                0x00000d86                CKeyMessageProc
 .text.CKeyHandle
                0x00000e8c       0x58 src/key.o
                0x00000e8c                CKeyHandle
 .text.LedInit  0x00000ee4        0x4 src/led.o
                0x00000ee4                LedInit
 .text.LedOn    0x00000ee8        0x4 src/led.o
                0x00000ee8                LedOn
 .text.LedOff   0x00000eec        0x4 src/led.o
                0x00000eec                LedOff
 .text.LedFlashing
                0x00000ef0       0x44 src/led.o
                0x00000ef0                LedFlashing
 .text.SystemInit
                0x00000f34       0x1e src/main.o
                0x00000f34                SystemInit
 .text.PowerDetect
                0x00000f52       0x34 src/main.o
                0x00000f52                PowerDetect
 .text.main     0x00000f86       0x6a src/main.o
                0x00000f86                main
 .text.InitCamera
                0x00000ff0      0x1ba src/manager.o
                0x00000ff0                InitCamera
 .text.GetXRateByPos
                0x000011aa       0x68 src/manager.o
                0x000011aa                GetXRateByPos
 .text.ProcessAF
                0x00001212       0xaa src/manager.o
                0x00001212                ProcessAF
 .text.ProcessDisplay
                0x000012bc       0x46 src/manager.o
                0x000012bc                ProcessDisplay
 .text.ProcessWide
                0x00001302       0xec src/manager.o
                0x00001302                ProcessWide
 .text.ProcessTele
                0x000013ee       0xec src/manager.o
                0x000013ee                ProcessTele
 .text.ProcessTime
                0x000014da       0x1c src/manager.o
                0x000014da                ProcessTime
 .text.ProcessAutoWB
                0x000014f6       0x96 src/manager.o
                0x000014f6                ProcessAutoWB
 .text.ProcessManualWB
                0x0000158c       0x9a src/manager.o
                0x0000158c                ProcessManualWB
 .text.ProcessSwitchRB
                0x00001626       0x54 src/manager.o
                0x00001626                ProcessSwitchRB
 .text.CReleaseKeyMessageHandle
                0x0000167a      0x23a src/manager.o
                0x0000167a                CReleaseKeyMessageHandle
 .text.WhiteBalanceHandle
                0x000018b4       0x50 src/manager.o
                0x000018b4                WhiteBalanceHandle
 .text.SetWhiteModeNormal
                0x00001904       0x20 src/manager.o
                0x00001904                SetWhiteModeNormal
 .text.SetWhiteModeFA
                0x00001924       0x1e src/manager.o
                0x00001924                SetWhiteModeFA
 .text.SetWhiteModeFB
                0x00001942       0x20 src/manager.o
                0x00001942                SetWhiteModeFB
 .text.SetFilterG1
                0x00001962       0x20 src/manager.o
                0x00001962                SetFilterG1
 .text.SetFilterG2
                0x00001982       0x22 src/manager.o
                0x00001982                SetFilterG2
 .text.SetFilterG3
                0x000019a4       0x22 src/manager.o
                0x000019a4                SetFilterG3
 .text.SaveRBGainValue
                0x000019c6       0x78 src/manager.o
                0x000019c6                SaveRBGainValue
 .text.ProcessFreeze
                0x00001a3e       0x3c src/manager.o
                0x00001a3e                ProcessFreeze
 .text.UnSaveRBGainValue
                0x00001a7a       0x64 src/manager.o
                0x00001a7a                UnSaveRBGainValue
 .text.ProcessWhite
                0x00001ade       0x62 src/manager.o
                0x00001ade                ProcessWhite
 .text.ProcessFilter
                0x00001b40       0x42 src/manager.o
                0x00001b40                ProcessFilter
 .text.SetMirrorOn
                0x00001b82       0x42 src/manager.o
                0x00001b82                SetMirrorOn
 .text.SetMirrorOff
                0x00001bc4       0x40 src/manager.o
                0x00001bc4                SetMirrorOff
 .text.SetFlipOn
                0x00001c04       0x40 src/manager.o
                0x00001c04                SetFlipOn
 .text.SetFlipOff
                0x00001c44       0x40 src/manager.o
                0x00001c44                SetFlipOff
 .text.ProcessEM
                0x00001c84       0x40 src/manager.o
                0x00001c84                ProcessEM
 .text.CMessageHandle
                0x00001cc4       0xa2 src/manager.o
                0x00001cc4                CMessageHandle
 .text.CRemoteScanReadyTimerEvent
                0x00001d66        0xc src/remote.o
                0x00001d66                CRemoteScanReadyTimerEvent
 .text.CRemoteRepeatEnableTimerEvent
                0x00001d72        0xc src/remote.o
                0x00001d72                CRemoteRepeatEnableTimerEvent
 .text.RemoteInit
                0x00001d7e        0xc src/remote.o
                0x00001d7e                RemoteInit
 .text.CRemoteScanReady
                0x00001d8a       0x36 src/remote.o
                0x00001d8a                CRemoteScanReady
 .text.CRemoteScan
                0x00001dc0       0x9a src/remote.o
                0x00001dc0                CRemoteScan
 .text.CRemoteMessageConvert
                0x00001e5a       0x3e src/remote.o
                0x00001e5a                CRemoteMessageConvert
 .text.CRemoteMessageProc
                0x00001e98       0x92 src/remote.o
                0x00001e98                CRemoteMessageProc
 .text.CRemoteHandle
                0x00001f2a       0x42 src/remote.o
                0x00001f2a                CRemoteHandle
 .text.StatusInit
                0x00001f6c       0x58 src/status.o
                0x00001f6c                StatusInit
 .text.ProductInfoInit
                0x00001fc4       0x60 src/status.o
                0x00001fc4                ProductInfoInit
 .text.CTimerInit
                0x00002024       0x26 src/timer.o
                0x00002024                CTimerInit
 .text.CTimerHandle
                0x0000204a       0x5e src/timer.o
                0x0000204a                CTimerHandle
 .text.CTimerDecreaseTimerCnt
                0x000020a8       0x44 src/timer.o
                0x000020a8                CTimerDecreaseTimerCnt
 .text.__vector_13
                0x000020ec      0x162 src/timer.o
                0x000020ec                __vector_13
 .text.CTimerActiveTimerEvent
                0x0000224e       0xc0 src/timer.o
                0x0000224e                CTimerActiveTimerEvent
 .text.CTimerReactiveTimerEvent
                0x0000230e       0x70 src/timer.o
                0x0000230e                CTimerReactiveTimerEvent
 .text.CTimerCancelTimerEvent
                0x0000237e       0x40 src/timer.o
                0x0000237e                CTimerCancelTimerEvent
 .text.CTimerInitialTimerEvent
                0x000023be       0x22 src/timer.o
                0x000023be                CTimerInitialTimerEvent
 .text.SetTitle2
                0x000023e0      0x126 src/Title.o
                0x000023e0                SetTitle2
 .text.SetTitle3
                0x00002506      0x23a src/Title.o
                0x00002506                SetTitle3
 .text.TitleHandle
                0x00002740       0x3a src/Title.o
                0x00002740                TitleHandle
 .text.ShowProductInfo
                0x0000277a      0x122 src/Title.o
                0x0000277a                ShowProductInfo
 .text.__vector_18
                0x0000289c       0xc8 src/usart.o
                0x0000289c                __vector_18
 .text.USART_Init
                0x00002964       0x16 src/usart.o
                0x00002964                USART_Init
 .text.MY_USART_Init
                0x0000297a        0xa src/usart.o
                0x0000297a                MY_USART_Init
 .text.USART_SendUChar
                0x00002984       0x10 src/usart.o
                0x00002984                USART_SendUChar
 .text.USART_SendCmd
                0x00002994       0x30 src/usart.o
                0x00002994                USART_SendCmd
 .text.libgcc.div
                0x000029c4       0x28 c:/program files (x86)/atmel/atmel toolchain/avr8 gcc/native/3.4.1061/avr8-gnu-toolchain/bin/../lib/gcc/avr/4.8.1/avr5\libgcc.a(_divmodhi4.o)
                0x000029c4                _div
                0x000029c4                __divmodhi4
 .text.libgcc.div
                0x000029ec       0x44 c:/program files (x86)/atmel/atmel toolchain/avr8 gcc/native/3.4.1061/avr8-gnu-toolchain/bin/../lib/gcc/avr/4.8.1/avr5\libgcc.a(_udivmodsi4.o)
                0x000029ec                __udivmodsi4
 .text.libgcc   0x00002a30        0xc c:/program files (x86)/atmel/atmel toolchain/avr8 gcc/native/3.4.1061/avr8-gnu-toolchain/bin/../lib/gcc/avr/4.8.1/avr5\libgcc.a(_tablejump.o)
                0x00002a30                __tablejump2__
                0x00002a34                __tablejump__
 .text.libgcc.div
                0x00002a3c       0x28 c:/program files (x86)/atmel/atmel toolchain/avr8 gcc/native/3.4.1061/avr8-gnu-toolchain/bin/../lib/gcc/avr/4.8.1/avr5\libgcc.a(_udivmodhi4.o)
                0x00002a3c                __udivmodhi4
 .text.avr-libc
                0x00002a64       0x10 c:/program files (x86)/atmel/atmel toolchain/avr8 gcc/native/3.4.1061/avr8-gnu-toolchain/bin/../lib/gcc/avr/4.8.1/../../../../avr/lib/avr5\libc.a(eerd_byte_atmega168pa.o)
                0x00002a64                __eerd_byte_m168pa
 .text.avr-libc
                0x00002a74       0x1c c:/program files (x86)/atmel/atmel toolchain/avr8 gcc/native/3.4.1061/avr8-gnu-toolchain/bin/../lib/gcc/avr/4.8.1/../../../../avr/lib/avr5\libc.a(eewr_byte_atmega168pa.o)
                0x00002a74                __eewr_byte_m168pa
                0x00002a76                __eewr_r18_m168pa
                0x00002a90                . = ALIGN (0x2)
 *(.fini9)
 .fini9         0x00002a90        0x0 c:/program files (x86)/atmel/atmel toolchain/avr8 gcc/native/3.4.1061/avr8-gnu-toolchain/bin/../lib/gcc/avr/4.8.1/avr5\libgcc.a(_exit.o)
                0x00002a90                _exit
                0x00002a90                exit
 *(.fini9)
 *(.fini8)
 *(.fini8)
 *(.fini7)
 *(.fini7)
 *(.fini6)
 *(.fini6)
 *(.fini5)
 *(.fini5)
 *(.fini4)
 *(.fini4)
 *(.fini3)
 *(.fini3)
 *(.fini2)
 *(.fini2)
 *(.fini1)
 *(.fini1)
 *(.fini0)
 .fini0         0x00002a90        0x4 c:/program files (x86)/atmel/atmel toolchain/avr8 gcc/native/3.4.1061/avr8-gnu-toolchain/bin/../lib/gcc/avr/4.8.1/avr5\libgcc.a(_exit.o)
 *(.fini0)
                0x00002a94                _etext = .

.data           0x00800100      0x16a load address 0x00002a94
                0x00800100                PROVIDE (__data_start, .)
 *(.data)
 *(.data*)
 .data.tCmd_IDInq
                0x00800100        0x5 src/command.o
                0x00800100                tCmd_IDInq
 .data.tCmd_BGainInq
                0x00800105        0x5 src/command.o
                0x00800105                tCmd_BGainInq
 .data.tCmd_RGainInq
                0x0080010a        0x5 src/command.o
                0x0080010a                tCmd_RGainInq
 .data.tCmd_FocusPosInq
                0x0080010f        0x5 src/command.o
                0x0080010f                tCmd_FocusPosInq
 .data.tCmd_ZoomPosInq
                0x00800114        0x5 src/command.o
                0x00800114                tCmd_ZoomPosInq
 .data.tCmd_SAVEAVOn
                0x00800119        0x8 src/command.o
                0x00800119                tCmd_SAVEAVOn
 .data.tCmd_TitleOn
                0x00800121        0x6 src/command.o
                0x00800121                tCmd_TitleOn
 .data.tCmd_TitleClear
                0x00800127        0x6 src/command.o
                0x00800127                tCmd_TitleClear
 .data.tCmd_TitleSet3
                0x0080012d       0x10 src/command.o
                0x0080012d                tCmd_TitleSet3
 .data.tCmd_TitleSet2
                0x0080013d       0x10 src/command.o
                0x0080013d                tCmd_TitleSet2
 .data.tCmd_TitleSet1
                0x0080014d       0x10 src/command.o
                0x0080014d                tCmd_TitleSet1
 .data.tCmd_Customset
                0x0080015d        0x7 src/command.o
                0x0080015d                tCmd_Customset
 .data.tCmd_MirrorOff
                0x00800164        0x6 src/command.o
                0x00800164                tCmd_MirrorOff
 .data.tCmd_MirrorOn
                0x0080016a        0x6 src/command.o
                0x0080016a                tCmd_MirrorOn
 .data.tCmd_FlipOff
                0x00800170        0x6 src/command.o
                0x00800170                tCmd_FlipOff
 .data.tCmd_FlipOn
                0x00800176        0x6 src/command.o
                0x00800176                tCmd_FlipOn
 .data.tCmd_PicEffectBW
                0x0080017c        0x6 src/command.o
                0x0080017c                tCmd_PicEffectBW
 .data.tCmd_PicEffectOff
                0x00800182        0x6 src/command.o
                0x00800182                tCmd_PicEffectOff
 .data.tCmd_FreezeOff
                0x00800188        0x6 src/command.o
                0x00800188                tCmd_FreezeOff
 .data.tCmd_FreezeOn
                0x0080018e        0x6 src/command.o
                0x0080018e                tCmd_FreezeOn
 .data.tCmd_ApertureDirect
                0x00800194        0x9 src/command.o
                0x00800194                tCmd_ApertureDirect
 .data.tCmd_ApertureReset
                0x0080019d        0x6 src/command.o
                0x0080019d                tCmd_ApertureReset
 .data.tCmd_BGainDirect
                0x008001a3        0x9 src/command.o
                0x008001a3                tCmd_BGainDirect
 .data.tCmd_RGainDirect
                0x008001ac        0x9 src/command.o
                0x008001ac                tCmd_RGainDirect
 .data.tCmd_WBManual
                0x008001b5        0x6 src/command.o
                0x008001b5                tCmd_WBManual
 .data.tCmd_WBATW
                0x008001bb        0x6 src/command.o
                0x008001bb                tCmd_WBATW
 .data.tCmd_NormalAF
                0x008001c1        0x6 src/command.o
                0x008001c1                tCmd_NormalAF
 .data.tCmd_ManualFocus
                0x008001c7        0x6 src/command.o
                0x008001c7                tCmd_ManualFocus
 .data.tCmd_AutoFocus
                0x008001cd        0x6 src/command.o
                0x008001cd                tCmd_AutoFocus
 .data.tCmd_FocusSNear
                0x008001d3        0x6 src/command.o
                0x008001d3                tCmd_FocusSNear
 .data.tCmd_FocusSFar
                0x008001d9        0x6 src/command.o
                0x008001d9                tCmd_FocusSFar
 .data.tCmd_StopFocus
                0x008001df        0x6 src/command.o
                0x008001df                tCmd_StopFocus
 .data.tCmd_ZoomDirect
                0x008001e5        0x9 src/command.o
                0x008001e5                tCmd_ZoomDirect
 .data.tCmd_ZoomVWide
                0x008001ee        0x6 src/command.o
                0x008001ee                tCmd_ZoomVWide
 .data.tCmd_ZoomVTele
                0x008001f4        0x6 src/command.o
                0x008001f4                tCmd_ZoomVTele
 .data.tCmd_ZoomStop
                0x008001fa        0x6 src/command.o
                0x008001fa                tCmd_ZoomStop
 .data.uiZoomRatioTable
                0x00800200       0x50 src/command.o
                0x00800200                uiZoomRatioTable
 .data.uiNumberTable
                0x00800250       0x10 src/Title.o
                0x00800250                uiNumberTable
 *(.rodata)
 .rodata        0x00800260        0xa src/Title.o
 *(.rodata*)
 *(.gnu.linkonce.d*)
                0x0080026a                . = ALIGN (0x2)
                0x0080026a                _edata = .
                0x0080026a                PROVIDE (__data_end, .)

.bss            0x0080026a       0xcc
                0x0080026a                PROVIDE (__bss_start, .)
 *(.bss)
 *(.bss*)
 .bss.g_ucTeleKeyRelease
                0x0080026a        0x1 src/key.o
                0x0080026a                g_ucTeleKeyRelease
 .bss.g_ucTeleKeyPress
                0x0080026b        0x1 src/key.o
                0x0080026b                g_ucTeleKeyPress
 .bss.g_ucWideKeyRelease
                0x0080026c        0x1 src/key.o
                0x0080026c                g_ucWideKeyRelease
 .bss.g_ucWideKeyPress
                0x0080026d        0x1 src/key.o
                0x0080026d                g_ucWideKeyPress
 .bss.g_ucKeyStateCurr
                0x0080026e        0x2 src/key.o
                0x0080026e                g_ucKeyStateCurr
 .bss.g_ucKeyStatePrev
                0x00800270        0x2 src/key.o
                0x00800270                g_ucKeyStatePrev
 .bss.g_ucKeyMessage
                0x00800272        0x1 src/key.o
                0x00800272                g_ucKeyMessage
 .bss.g_ucKeyControl
                0x00800273        0x1 src/key.o
                0x00800273                g_ucKeyControl
 .bss.g_u8FocusGetMaxCount
                0x00800274        0x1 src/manager.o
                0x00800274                g_u8FocusGetMaxCount
 .bss.g_u16FocusEnding
                0x00800275        0x2 src/manager.o
                0x00800275                g_u16FocusEnding
 .bss.g_ucTeleRemoteRelease
                0x00800277        0x1 src/remote.o
                0x00800277                g_ucTeleRemoteRelease
 .bss.g_ucTeleRemotePress
                0x00800278        0x1 src/remote.o
                0x00800278                g_ucTeleRemotePress
 .bss.g_ucWideRemoteRelease
                0x00800279        0x1 src/remote.o
                0x00800279                g_ucWideRemoteRelease
 .bss.g_ucWideRemotePress
                0x0080027a        0x1 src/remote.o
                0x0080027a                g_ucWideRemotePress
 .bss.g_ucRemoteStatePrev
                0x0080027b        0x1 src/remote.o
                0x0080027b                g_ucRemoteStatePrev
 .bss.g_ucRemoteMessage
                0x0080027c        0x1 src/remote.o
                0x0080027c                g_ucRemoteMessage
 .bss.g_ucRemoteControl
                0x0080027d        0x1 src/remote.o
                0x0080027d                g_ucRemoteControl
 .bss.g_ucRemoteStateCurr
                0x0080027e        0x1 src/remote.o
                0x0080027e                g_ucRemoteStateCurr
 .bss.g_ucSecondCnt
                0x0080027f        0x1 src/timer.o
                0x0080027f                g_ucSecondCnt
 .bss.g_ucMinuteCnt
                0x00800280        0x1 src/timer.o
                0x00800280                g_ucMinuteCnt
 .bss.g_bTimerChange
                0x00800281        0x1 src/timer.o
                0x00800281                g_bTimerChange
 .bss.g_bTimer1Ctrl
                0x00800282        0x1 src/timer.o
                0x00800282                g_bTimer1Ctrl
 .bss.g_ucTimer1Cnt
                0x00800283        0x4 src/timer.o
                0x00800283                g_ucTimer1Cnt
 .bss.ucSecondCnt.2456
                0x00800287        0x1 src/Title.o
 .bss.ucMinuteCnt.2455
                0x00800288        0x1 src/Title.o
 .bss.g_bTitle2Change
                0x00800289        0x1 src/Title.o
                0x00800289                g_bTitle2Change
 .bss.g_bTitle1Change
                0x0080028a        0x1 src/Title.o
                0x0080028a                g_bTitle1Change
 .bss.ReplyLength
                0x0080028b        0x1 src/usart.o
                0x0080028b                ReplyLength
 .bss.ReplyHeadFoundA
                0x0080028c        0x1 src/usart.o
                0x0080028c                ReplyHeadFoundA
 *(COMMON)
 COMMON         0x0080028d       0x2e src/command.o
                0x0080028d                g_stCameraCmd
 COMMON         0x008002bb       0x30 src/status.o
                0x008002bb                g_stStatusCmd
                0x008002df                g_stProductInfo
 COMMON         0x008002eb       0x2a src/timer.o
                0x008002eb                g_stTimerEvent
 COMMON         0x00800315       0x21 src/usart.o
                0x00800315                ReplyBuf
                0x00800335                rev_data
                0x00800336                PROVIDE (__bss_end, .)
                0x00002a94                __data_load_start = LOADADDR (.data)
                0x00002bfe                __data_load_end = (__data_load_start + SIZEOF (.data))

.noinit         0x00800336        0x0
                0x00800336                PROVIDE (__noinit_start, .)
 *(.noinit*)
                0x00800336                PROVIDE (__noinit_end, .)
                0x00800336                _end = .
                0x00800336                PROVIDE (__heap_start, .)

.eeprom         0x00810000        0x0
 *(.eeprom*)
                0x00810000                __eeprom_end = .

.fuse
 *(.fuse)
 *(.lfuse)
 *(.hfuse)
 *(.efuse)

.lock
 *(.lock*)

.signature
 *(.signature*)

.user_signatures
 *(.user_signatures*)

.stab
 *(.stab)

.stabstr
 *(.stabstr)

.stab.excl
 *(.stab.excl)

.stab.exclstr
 *(.stab.exclstr)

.stab.index
 *(.stab.index)

.stab.indexstr
 *(.stab.indexstr)

.comment        0x00000000       0x30
 *(.comment)
 .comment       0x00000000       0x30 src/command.o
                                 0x31 (size before relaxing)
 .comment       0x00000000       0x31 src/key.o
 .comment       0x00000000       0x31 src/led.o
 .comment       0x00000000       0x31 src/main.o
 .comment       0x00000000       0x31 src/manager.o
 .comment       0x00000000       0x31 src/remote.o
 .comment       0x00000000       0x31 src/status.o
 .comment       0x00000000       0x31 src/timer.o
 .comment       0x00000000       0x31 src/Title.o
 .comment       0x00000000       0x31 src/usart.o

.note.gnu.build-id
 *(.note.gnu.build-id)

.debug
 *(.debug)

.line
 *(.line)

.debug_srcinfo
 *(.debug_srcinfo)

.debug_sfnames
 *(.debug_sfnames)

.debug_aranges  0x00000000      0x530
 *(.debug_aranges)
 .debug_aranges
                0x00000000      0x1f8 src/command.o
 .debug_aranges
                0x000001f8       0x58 src/key.o
 .debug_aranges
                0x00000250       0x38 src/led.o
 .debug_aranges
                0x00000288       0x30 src/main.o
 .debug_aranges
                0x000002b8      0x110 src/manager.o
 .debug_aranges
                0x000003c8       0x58 src/remote.o
 .debug_aranges
                0x00000420       0x28 src/status.o
 .debug_aranges
                0x00000448       0x58 src/timer.o
 .debug_aranges
                0x000004a0       0x38 src/Title.o
 .debug_aranges
                0x000004d8       0x58 src/usart.o

.debug_pubnames
 *(.debug_pubnames)

.debug_info     0x00000000     0x6793
 *(.debug_info .gnu.linkonce.wi.*)
 .debug_info    0x00000000     0x18b9 src/command.o
 .debug_info    0x000018b9      0x928 src/key.o
 .debug_info    0x000021e1      0x1c6 src/led.o
 .debug_info    0x000023a7      0x8e5 src/main.o
 .debug_info    0x00002c8c     0x1df2 src/manager.o
 .debug_info    0x00004a7e      0x45d src/remote.o
 .debug_info    0x00004edb      0x52c src/status.o
 .debug_info    0x00005407      0x6fa src/timer.o
 .debug_info    0x00005b01      0x7ec src/Title.o
 .debug_info    0x000062ed      0x4a6 src/usart.o

.debug_abbrev   0x00000000     0x1111
 *(.debug_abbrev)
 .debug_abbrev  0x00000000      0x1a0 src/command.o
 .debug_abbrev  0x000001a0      0x234 src/key.o
 .debug_abbrev  0x000003d4       0xfa src/led.o
 .debug_abbrev  0x000004ce      0x1a7 src/main.o
 .debug_abbrev  0x00000675      0x2d8 src/manager.o
 .debug_abbrev  0x0000094d      0x13b src/remote.o
 .debug_abbrev  0x00000a88       0xe7 src/status.o
 .debug_abbrev  0x00000b6f      0x157 src/timer.o
 .debug_abbrev  0x00000cc6      0x241 src/Title.o
 .debug_abbrev  0x00000f07      0x20a src/usart.o

.debug_line     0x00000000     0x1c1e
 *(.debug_line .debug_line.* .debug_line_end)
 .debug_line    0x00000000      0x615 src/command.o
 .debug_line    0x00000615      0x23b src/key.o
 .debug_line    0x00000850      0x17e src/led.o
 .debug_line    0x000009ce      0x1dd src/main.o
 .debug_line    0x00000bab      0x792 src/manager.o
 .debug_line    0x0000133d      0x1ae src/remote.o
 .debug_line    0x000014eb      0x109 src/status.o
 .debug_line    0x000015f4      0x1cc src/timer.o
 .debug_line    0x000017c0      0x25b src/Title.o
 .debug_line    0x00001a1b      0x203 src/usart.o

.debug_frame    0x00000000      0xb84
 *(.debug_frame)
 .debug_frame   0x00000000      0x448 src/command.o
 .debug_frame   0x00000448       0xa0 src/key.o
 .debug_frame   0x000004e8       0x60 src/led.o
 .debug_frame   0x00000548       0x44 src/main.o
 .debug_frame   0x0000058c      0x230 src/manager.o
 .debug_frame   0x000007bc       0x94 src/remote.o
 .debug_frame   0x00000850       0x34 src/status.o
 .debug_frame   0x00000884      0x164 src/timer.o
 .debug_frame   0x000009e8       0x8c src/Title.o
 .debug_frame   0x00000a74      0x110 src/usart.o

.debug_str      0x00000000     0x1b7e
 *(.debug_str)
 .debug_str     0x00000000     0x10bf src/command.o
                               0x110d (size before relaxing)
 .debug_str     0x000010bf      0x345 src/key.o
                                0x8fa (size before relaxing)
 .debug_str     0x00001404       0x34 src/led.o
                                0x1d1 (size before relaxing)
 .debug_str     0x00001438      0x193 src/main.o
                                0x958 (size before relaxing)
 .debug_str     0x000015cb      0x256 src/manager.o
                                0xe31 (size before relaxing)
 .debug_str     0x00001821      0x1bd src/remote.o
                                0x4b4 (size before relaxing)
 .debug_str     0x000019de       0x15 src/status.o
                                0x6ac (size before relaxing)
 .debug_str     0x000019f3       0xb5 src/timer.o
                                0x7c2 (size before relaxing)
 .debug_str     0x00001aa8       0x31 src/Title.o
                                0x7c6 (size before relaxing)
 .debug_str     0x00001ad9       0xa5 src/usart.o
                                0x3df (size before relaxing)

.debug_loc      0x00000000     0x1ee0
 *(.debug_loc)
 .debug_loc     0x00000000      0x899 src/command.o
 .debug_loc     0x00000899       0xfb src/key.o
 .debug_loc     0x00000994      0x10a src/led.o
 .debug_loc     0x00000a9e      0x8fd src/manager.o
 .debug_loc     0x0000139b       0xad src/remote.o
 .debug_loc     0x00001448       0x6f src/status.o
 .debug_loc     0x000014b7      0x3de src/timer.o
 .debug_loc     0x00001895      0x35e src/Title.o
 .debug_loc     0x00001bf3      0x2ed src/usart.o

.debug_macinfo
 *(.debug_macinfo)

.debug_weaknames
 *(.debug_weaknames)

.debug_funcnames
 *(.debug_funcnames)

.debug_typenames
 *(.debug_typenames)

.debug_varnames
 *(.debug_varnames)

.debug_pubtypes
 *(.debug_pubtypes)

.debug_ranges   0x00000000      0x490
 *(.debug_ranges)
 .debug_ranges  0x00000000      0x1e8 src/command.o
 .debug_ranges  0x000001e8       0x48 src/key.o
 .debug_ranges  0x00000230       0x28 src/led.o
 .debug_ranges  0x00000258       0x20 src/main.o
 .debug_ranges  0x00000278      0x100 src/manager.o
 .debug_ranges  0x00000378       0x48 src/remote.o
 .debug_ranges  0x000003c0       0x18 src/status.o
 .debug_ranges  0x000003d8       0x48 src/timer.o
 .debug_ranges  0x00000420       0x28 src/Title.o
 .debug_ranges  0x00000448       0x48 src/usart.o

.debug_macro
 *(.debug_macro)
OUTPUT(CAMcontrol.elf elf32-avr)
LOAD linker stubs
